../Core/Src/main.c:78:5:main	56	static,ignoring_inline_asm
../Core/Src/main.c:161:6:SystemClock_Config	88	static
../Core/Src/main.c:209:13:MX_RTC_Init	8	static
../Core/Src/main.c:244:13:MX_USART2_UART_Init	8	static
../Core/Src/main.c:277:13:MX_GPIO_Init	56	static
../Core/Src/main.c:418:6:led_effect_callback	24	static
../Core/Src/main.c:440:6:HAL_UART_RxCpltCallback	24	static
../Core/Src/main.c:492:6:HAL_TIM_PeriodElapsedCallback	16	static
../Core/Src/main.c:510:6:Error_Handler	4	static,ignoring_inline_asm
