Archive member included to satisfy reference by file (symbol)

/Applications/STM32CubeIDE.app/Contents/Eclipse/plugins/com.st.stm32cube.ide.mcu.externaltools.gnu-tools-for-stm32.13.3.rel1.macos64_1.0.0.202411102158/tools/bin/../lib/gcc/arm-none-eabi/13.3.1/../../../../arm-none-eabi/lib/thumb/v7e-m+fp/hard/libc_nano.a(libc_a-exit.o)
                              /Applications/STM32CubeIDE.app/Contents/Eclipse/plugins/com.st.stm32cube.ide.mcu.externaltools.gnu-tools-for-stm32.13.3.rel1.macos64_1.0.0.202411102158/tools/bin/../lib/gcc/arm-none-eabi/13.3.1/../../../../arm-none-eabi/lib/thumb/v7e-m+fp/hard/crt0.o (exit)
/Applications/STM32CubeIDE.app/Contents/Eclipse/plugins/com.st.stm32cube.ide.mcu.externaltools.gnu-tools-for-stm32.13.3.rel1.macos64_1.0.0.202411102158/tools/bin/../lib/gcc/arm-none-eabi/13.3.1/../../../../arm-none-eabi/lib/thumb/v7e-m+fp/hard/libc_nano.a(libc_a-findfp.o)
                              /Applications/STM32CubeIDE.app/Contents/Eclipse/plugins/com.st.stm32cube.ide.mcu.externaltools.gnu-tools-for-stm32.13.3.rel1.macos64_1.0.0.202411102158/tools/bin/../lib/gcc/arm-none-eabi/13.3.1/../../../../arm-none-eabi/lib/thumb/v7e-m+fp/hard/libc_nano.a(libc_a-exit.o) (__stdio_exit_handler)
/Applications/STM32CubeIDE.app/Contents/Eclipse/plugins/com.st.stm32cube.ide.mcu.externaltools.gnu-tools-for-stm32.13.3.rel1.macos64_1.0.0.202411102158/tools/bin/../lib/gcc/arm-none-eabi/13.3.1/../../../../arm-none-eabi/lib/thumb/v7e-m+fp/hard/libc_nano.a(libc_a-fwalk.o)
                              /Applications/STM32CubeIDE.app/Contents/Eclipse/plugins/com.st.stm32cube.ide.mcu.externaltools.gnu-tools-for-stm32.13.3.rel1.macos64_1.0.0.202411102158/tools/bin/../lib/gcc/arm-none-eabi/13.3.1/../../../../arm-none-eabi/lib/thumb/v7e-m+fp/hard/libc_nano.a(libc_a-findfp.o) (_fwalk_sglue)
/Applications/STM32CubeIDE.app/Contents/Eclipse/plugins/com.st.stm32cube.ide.mcu.externaltools.gnu-tools-for-stm32.13.3.rel1.macos64_1.0.0.202411102158/tools/bin/../lib/gcc/arm-none-eabi/13.3.1/../../../../arm-none-eabi/lib/thumb/v7e-m+fp/hard/libc_nano.a(libc_a-memcmp.o)
                              ./ThirdParty/SEGGER/OS/SEGGER_SYSVIEW_FreeRTOS.o (memcmp)
/Applications/STM32CubeIDE.app/Contents/Eclipse/plugins/com.st.stm32cube.ide.mcu.externaltools.gnu-tools-for-stm32.13.3.rel1.macos64_1.0.0.202411102158/tools/bin/../lib/gcc/arm-none-eabi/13.3.1/../../../../arm-none-eabi/lib/thumb/v7e-m+fp/hard/libc_nano.a(libc_a-memset.o)
                              /Applications/STM32CubeIDE.app/Contents/Eclipse/plugins/com.st.stm32cube.ide.mcu.externaltools.gnu-tools-for-stm32.13.3.rel1.macos64_1.0.0.202411102158/tools/bin/../lib/gcc/arm-none-eabi/13.3.1/../../../../arm-none-eabi/lib/thumb/v7e-m+fp/hard/crt0.o (memset)
/Applications/STM32CubeIDE.app/Contents/Eclipse/plugins/com.st.stm32cube.ide.mcu.externaltools.gnu-tools-for-stm32.13.3.rel1.macos64_1.0.0.202411102158/tools/bin/../lib/gcc/arm-none-eabi/13.3.1/../../../../arm-none-eabi/lib/thumb/v7e-m+fp/hard/libc_nano.a(libc_a-errno.o)
                              ./Core/Src/syscalls.o (__errno)
/Applications/STM32CubeIDE.app/Contents/Eclipse/plugins/com.st.stm32cube.ide.mcu.externaltools.gnu-tools-for-stm32.13.3.rel1.macos64_1.0.0.202411102158/tools/bin/../lib/gcc/arm-none-eabi/13.3.1/../../../../arm-none-eabi/lib/thumb/v7e-m+fp/hard/libc_nano.a(libc_a-init.o)
                              /Applications/STM32CubeIDE.app/Contents/Eclipse/plugins/com.st.stm32cube.ide.mcu.externaltools.gnu-tools-for-stm32.13.3.rel1.macos64_1.0.0.202411102158/tools/bin/../lib/gcc/arm-none-eabi/13.3.1/../../../../arm-none-eabi/lib/thumb/v7e-m+fp/hard/crt0.o (__libc_init_array)
/Applications/STM32CubeIDE.app/Contents/Eclipse/plugins/com.st.stm32cube.ide.mcu.externaltools.gnu-tools-for-stm32.13.3.rel1.macos64_1.0.0.202411102158/tools/bin/../lib/gcc/arm-none-eabi/13.3.1/../../../../arm-none-eabi/lib/thumb/v7e-m+fp/hard/libc_nano.a(libc_a-lock.o)
                              /Applications/STM32CubeIDE.app/Contents/Eclipse/plugins/com.st.stm32cube.ide.mcu.externaltools.gnu-tools-for-stm32.13.3.rel1.macos64_1.0.0.202411102158/tools/bin/../lib/gcc/arm-none-eabi/13.3.1/../../../../arm-none-eabi/lib/thumb/v7e-m+fp/hard/libc_nano.a(libc_a-findfp.o) (__retarget_lock_init_recursive)
/Applications/STM32CubeIDE.app/Contents/Eclipse/plugins/com.st.stm32cube.ide.mcu.externaltools.gnu-tools-for-stm32.13.3.rel1.macos64_1.0.0.202411102158/tools/bin/../lib/gcc/arm-none-eabi/13.3.1/../../../../arm-none-eabi/lib/thumb/v7e-m+fp/hard/libc_nano.a(libc_a-impure.o)
                              /Applications/STM32CubeIDE.app/Contents/Eclipse/plugins/com.st.stm32cube.ide.mcu.externaltools.gnu-tools-for-stm32.13.3.rel1.macos64_1.0.0.202411102158/tools/bin/../lib/gcc/arm-none-eabi/13.3.1/../../../../arm-none-eabi/lib/thumb/v7e-m+fp/hard/libc_nano.a(libc_a-errno.o) (_impure_ptr)
[...]
Memory Configuration

Name             Origin             Length             Attributes
CCMRAM           0x10000000         0x00010000         xrw
RAM              0x20000000         0x00020000         xrw
FLASH            0x08000000         0x00100000         xr
*default*        0x00000000         0xffffffff

Linker script and memory map

LOAD /Applications/STM32CubeIDE.app/Contents/Eclipse/plugins/com.st.stm32cube.ide.mcu.externaltools.gnu-tools-for-stm32.13.3.rel1.macos64_1.0.0.202411102158/tools/bin/../lib/gcc/arm-none-eabi/13.3.1/thumb/v7e-m+fp/hard/crti.o
LOAD /Applications/STM32CubeIDE.app/Contents/Eclipse/plugins/com.st.stm32cube.ide.mcu.externaltools.gnu-tools-for-stm32.13.3.rel1.macos64_1.0.0.202411102158/tools/bin/../lib/gcc/arm-none-eabi/13.3.1/thumb/v7e-m+fp/hard/crtbegin.o
LOAD /Applications/STM32CubeIDE.app/Contents/Eclipse/plugins/com.st.stm32cube.ide.mcu.externaltools.gnu-tools-for-stm32.13.3.rel1.macos64_1.0.0.202411102158/tools/bin/../lib/gcc/arm-none-eabi/13.3.1/../../../../arm-none-eabi/lib/thumb/v7e-m+fp/hard/crt0.o
LOAD ./Core/Src/main.o
LOAD ./Core/Src/stm32f4xx_hal_msp.o
LOAD ./Core/Src/stm32f4xx_hal_timebase_tim.o
LOAD ./Core/Src/stm32f4xx_it.o
LOAD ./Core/Src/syscalls.o
LOAD ./Core/Src/system_stm32f4xx.o
LOAD ./Core/Startup/startup_stm32f407vgtx.o
LOAD ./Drivers/STM32F4xx_HAL_Driver/Src/stm32f4xx_hal.o
LOAD ./Drivers/STM32F4xx_HAL_Driver/Src/stm32f4xx_hal_cortex.o
LOAD ./Drivers/STM32F4xx_HAL_Driver/Src/stm32f4xx_hal_dma.o
LOAD ./Drivers/STM32F4xx_HAL_Driver/Src/stm32f4xx_hal_dma_ex.o
LOAD ./Drivers/STM32F4xx_HAL_Driver/Src/stm32f4xx_hal_exti.o
LOAD ./Drivers/STM32F4xx_HAL_Driver/Src/stm32f4xx_hal_flash.o
LOAD ./Drivers/STM32F4xx_HAL_Driver/Src/stm32f4xx_hal_flash_ex.o
LOAD ./Drivers/STM32F4xx_HAL_Driver/Src/stm32f4xx_hal_flash_ramfunc.o
LOAD ./Drivers/STM32F4xx_HAL_Driver/Src/stm32f4xx_hal_gpio.o
LOAD ./Drivers/STM32F4xx_HAL_Driver/Src/stm32f4xx_hal_pwr.o
LOAD ./Drivers/STM32F4xx_HAL_Driver/Src/stm32f4xx_hal_pwr_ex.o
LOAD ./Drivers/STM32F4xx_HAL_Driver/Src/stm32f4xx_hal_rcc.o
LOAD ./Drivers/STM32F4xx_HAL_Driver/Src/stm32f4xx_hal_rcc_ex.o
LOAD ./Drivers/STM32F4xx_HAL_Driver/Src/stm32f4xx_hal_tim.o
LOAD ./Drivers/STM32F4xx_HAL_Driver/Src/stm32f4xx_hal_tim_ex.o
LOAD ./ThirdParty/FreeRTOS/croutine.o
LOAD ./ThirdParty/FreeRTOS/event_groups.o
LOAD ./ThirdParty/FreeRTOS/list.o
LOAD ./ThirdParty/FreeRTOS/queue.o
LOAD ./ThirdParty/FreeRTOS/stream_buffer.o
LOAD ./ThirdParty/FreeRTOS/tasks.o
LOAD ./ThirdParty/FreeRTOS/timers.o
LOAD ./ThirdParty/FreeRTOS/portable/GCC/ARM_CM4F/port.o
LOAD ./ThirdParty/FreeRTOS/portable/MemMang/heap_4.o
LOAD ./ThirdParty/SEGGER/Config/SEGGER_SYSVIEW_Config_FreeRTOS.o
LOAD ./ThirdParty/SEGGER/OS/SEGGER_SYSVIEW_FreeRTOS.o
LOAD ./ThirdParty/SEGGER/SEGGER/SEGGER_RTT.o
LOAD ./ThirdParty/SEGGER/SEGGER/SEGGER_RTT_ASM_ARMv7M.o
LOAD ./ThirdParty/SEGGER/SEGGER/SEGGER_RTT_printf.o
LOAD ./ThirdParty/SEGGER/SEGGER/SEGGER_SYSVIEW.o
LOAD ./ThirdParty/SEGGER/SEGGER/Syscalls/SEGGER_RTT_Syscalls_GCC.o
START GROUP
LOAD /Applications/STM32CubeIDE.app/Contents/Eclipse/plugins/com.st.stm32cube.ide.mcu.externaltools.gnu-tools-for-stm32.13.3.rel1.macos64_1.0.0.202411102158/tools/bin/../lib/gcc/arm-none-eabi/13.3.1/../../../../arm-none-eabi/lib/thumb/v7e-m+fp/hard/libc_nano.a
LOAD /Applications/STM32CubeIDE.app/Contents/Eclipse/plugins/com.st.stm32cube.ide.mcu.externaltools.gnu-tools-for-stm32.13.3.rel1.macos64_1.0.0.202411102158/tools/bin/../lib/gcc/arm-none-eabi/13.3.1/../../../../arm-none-eabi/lib/thumb/v7e-m+fp/hard/libm.a
END GROUP
START GROUP
LOAD /Applications/STM32CubeIDE.app/Contents/Eclipse/plugins/com.st.stm32cube.ide.mcu.externaltools.gnu-tools-for-stm32.13.3.rel1.macos64_1.0.0.202411102158/tools/bin/../lib/gcc/arm-none-eabi/13.3.1/thumb/v7e-m+fp/hard/libgcc.a
LOAD /Applications/STM32CubeIDE.app/Contents/Eclipse/plugins/com.st.stm32cube.ide.mcu.externaltools.gnu-tools-for-stm32.13.3.rel1.macos64_1.0.0.202411102158/tools/bin/../lib/gcc/arm-none-eabi/13.3.1/../../../../arm-none-eabi/lib/thumb/v7e-m+fp/hard/libc_nano.a
END GROUP
START GROUP
LOAD /Applications/STM32CubeIDE.app/Contents/Eclipse/plugins/com.st.stm32cube.ide.mcu.externaltools.gnu-tools-for-stm32.13.3.rel1.macos64_1.0.0.202411102158/tools/bin/../lib/gcc/arm-none-eabi/13.3.1/thumb/v7e-m+fp/hard/libgcc.a
LOAD /Applications/STM32CubeIDE.app/Contents/Eclipse/plugins/com.st.stm32cube.ide.mcu.externaltools.gnu-tools-for-stm32.13.3.rel1.macos64_1.0.0.202411102158/tools/bin/../lib/gcc/arm-none-eabi/13.3.1/../../../../arm-none-eabi/lib/thumb/v7e-m+fp/hard/libc_nano.a
LOAD /Applications/STM32CubeIDE.app/Contents/Eclipse/plugins/com.st.stm32cube.ide.mcu.externaltools.gnu-tools-for-stm32.13.3.rel1.macos64_1.0.0.202411102158/tools/bin/../lib/gcc/arm-none-eabi/13.3.1/../../../../arm-none-eabi/lib/thumb/v7e-m+fp/hard/libnosys.a
END GROUP
START GROUP
LOAD /Applications/STM32CubeIDE.app/Contents/Eclipse/plugins/com.st.stm32cube.ide.mcu.externaltools.gnu-tools-for-stm32.13.3.rel1.macos64_1.0.0.202411102158/tools/bin/../lib/gcc/arm-none-eabi/13.3.1/thumb/v7e-m+fp/hard/libgcc.a
LOAD /Applications/STM32CubeIDE.app/Contents/Eclipse/plugins/com.st.stm32cube.ide.mcu.externaltools.gnu-tools-for-stm32.13.3.rel1.macos64_1.0.0.202411102158/tools/bin/../lib/gcc/arm-none-eabi/13.3.1/../../../../arm-none-eabi/lib/thumb/v7e-m+fp/hard/libc_nano.a
LOAD /Applications/STM32CubeIDE.app/Contents/Eclipse/plugins/com.st.stm32cube.ide.mcu.externaltools.gnu-tools-for-stm32.13.3.rel1.macos64_1.0.0.202411102158/tools/bin/../lib/gcc/arm-none-eabi/13.3.1/../../../../arm-none-eabi/lib/thumb/v7e-m+fp/hard/libnosys.a
END GROUP
LOAD /Applications/STM32CubeIDE.app/Contents/Eclipse/plugins/com.st.stm32cube.ide.mcu.externaltools.gnu-tools-for-stm32.13.3.rel1.macos64_1.0.0.202411102158/tools/bin/../lib/gcc/arm-none-eabi/13.3.1/thumb/v7e-m+fp/hard/crtend.o
LOAD /Applications/STM32CubeIDE.app/Contents/Eclipse/plugins/com.st.stm32cube.ide.mcu.externaltools.gnu-tools-for-stm32.13.3.rel1.macos64_1.0.0.202411102158/tools/bin/../lib/gcc/arm-none-eabi/13.3.1/thumb/v7e-m+fp/hard/crtn.o
                0x20020000                        _estack = (ORIGIN (RAM) + LENGTH (RAM))
                0x00000200                        _Min_Heap_Size = 0x200
                0x00000400                        _Min_Stack_Size = 0x400

.isr_vector     0x08000000      0x188
                0x08000000                        . = ALIGN (0x4)
 *(.isr_vector)
 .isr_vector    0x08000000      0x188 ./Core/Startup/startup_stm32f407vgtx.o
                0x08000000                g_pfnVectors
                0x08000188                        . = ALIGN (0x4)

.text           0x08000190     0x4ec4
                0x08000190                        . = ALIGN (0x4)
 *(.text)
 .text          0x08000190       0x40 /Applications/STM32CubeIDE.app/Contents/Eclipse/plugins/com.st.stm32cube.ide.mcu.externaltools.gnu-tools-for-stm32.13.3.rel1.macos64_1.0.0.202411102158/tools/bin/../lib/gcc/arm-none-eabi/13.3.1/thumb/v7e-m+fp/hard/crtbegin.o
 .text          0x080001d0       0x94 ./ThirdParty/SEGGER/SEGGER/SEGGER_RTT_ASM_ARMv7M.o
                0x080001d0                SEGGER_RTT_ASM_WriteSkipNoLock
 .text          0x08000264       0x30 /Applications/STM32CubeIDE.app/Contents/Eclipse/plugins/com.st.stm32cube.ide.mcu.externaltools.gnu-tools-for-stm32.13.3.rel1.macos64_1.0.0.202411102158/tools/bin/../lib/gcc/arm-none-eabi/13.3.1/thumb/v7e-m+fp/hard/libgcc.a(_aeabi_uldivmod.o)
                0x08000264                __aeabi_uldivmod
 .text          0x08000294      0x2f8 /Applications/STM32CubeIDE.app/Contents/Eclipse/plugins/com.st.stm32cube.ide.mcu.externaltools.gnu-tools-for-stm32.13.3.rel1.macos64_1.0.0.202411102158/tools/bin/../lib/gcc/arm-none-eabi/13.3.1/thumb/v7e-m+fp/hard/libgcc.a(_udivmoddi4.o)
                0x08000294                __udivmoddi4
 .text          0x0800058c        0x4 /Applications/STM32CubeIDE.app/Contents/Eclipse/plugins/com.st.stm32cube.ide.mcu.externaltools.gnu-tools-for-stm32.13.3.rel1.macos64_1.0.0.202411102158/tools/bin/../lib/gcc/arm-none-eabi/13.3.1/thumb/v7e-m+fp/hard/libgcc.a(_dvmd_tls.o)
                0x0800058c                __aeabi_ldiv0
                0x0800058c                __aeabi_idiv0
 *(.text*)
 .text.main     0x08000590       0xe4 ./Core/Src/main.o
                0x08000590                main
 .text.SystemClock_Config
                0x08000674       0xd4 ./Core/Src/main.o
                0x08000674                SystemClock_Config
 .text.MX_GPIO_Init
                0x08000748      0x2bc ./Core/Src/main.o
 .text.led_green_handler
                0x08000a04       0x24 ./Core/Src/main.o
 .text.led_red_handler
                0x08000a28       0x24 ./Core/Src/main.o
 .text.led_orange_handler
                0x08000a4c       0x24 ./Core/Src/main.o
 .text.HAL_TIM_PeriodElapsedCallback
                0x08000a70       0x24 ./Core/Src/main.o
                0x08000a70                HAL_TIM_PeriodElapsedCallback
 .text.Error_Handler
                0x08000a94        0xc ./Core/Src/main.o
                0x08000a94                Error_Handler
 .text.HAL_MspInit
                0x08000aa0       0x50 ./Core/Src/stm32f4xx_hal_msp.o
                0x08000aa0                HAL_MspInit
 .text.HAL_InitTick
                0x08000af0       0xf8 ./Core/Src/stm32f4xx_hal_timebase_tim.o
                0x08000af0                HAL_InitTick
 .text.NMI_Handler
                0x08000be8        0x8 ./Core/Src/stm32f4xx_it.o
                0x08000be8                NMI_Handler
 .text.HardFault_Handler
                0x08000bf0        0x8 ./Core/Src/stm32f4xx_it.o
                0x08000bf0                HardFault_Handler
 .text.MemManage_Handler
                0x08000bf8        0x8 ./Core/Src/stm32f4xx_it.o
                0x08000bf8                MemManage_Handler
 .text.BusFault_Handler
                0x08000c00        0x8 ./Core/Src/stm32f4xx_it.o
                0x08000c00                BusFault_Handler
 .text.UsageFault_Handler
                0x08000c08        0x8 ./Core/Src/stm32f4xx_it.o
                0x08000c08                UsageFault_Handler
 .text.DebugMon_Handler
                0x08000c10        0xe ./Core/Src/stm32f4xx_it.o
                0x08000c10                DebugMon_Handler
 *fill*         0x08000c1e        0x2 
 .text.TIM6_DAC_IRQHandler
                0x08000c20       0x14 ./Core/Src/stm32f4xx_it.o
                0x08000c20                TIM6_DAC_IRQHandler
 .text.SystemInit
                0x08000c34       0x24 ./Core/Src/system_stm32f4xx.o
                0x08000c34                SystemInit
 .text.Reset_Handler
                0x08000c58       0x50 ./Core/Startup/startup_stm32f407vgtx.o
                0x08000c58                Reset_Handler
 .text.Default_Handler
                0x08000ca8        0x2 ./Core/Startup/startup_stm32f407vgtx.o
                0x08000ca8                DMA1_Stream3_IRQHandler
                0x08000ca8                HASH_RNG_IRQHandler
                0x08000ca8                EXTI2_IRQHandler
                0x08000ca8                TIM8_CC_IRQHandler
                0x08000ca8                TIM1_CC_IRQHandler
                0x08000ca8                DMA2_Stream5_IRQHandler
                0x08000ca8                DMA1_Stream5_IRQHandler
                0x08000ca8                PVD_IRQHandler
                0x08000ca8                SDIO_IRQHandler
                0x08000ca8                TAMP_STAMP_IRQHandler
                0x08000ca8                CAN2_RX1_IRQHandler
                0x08000ca8                EXTI3_IRQHandler
                0x08000ca8                TIM8_TRG_COM_TIM14_IRQHandler
                0x08000ca8                TIM1_UP_TIM10_IRQHandler
                0x08000ca8                TIM8_UP_TIM13_IRQHandler
                0x08000ca8                I2C3_ER_IRQHandler
                0x08000ca8                EXTI0_IRQHandler
                0x08000ca8                I2C2_EV_IRQHandler
                0x08000ca8                DMA1_Stream2_IRQHandler
                0x08000ca8                CAN1_RX0_IRQHandler
                0x08000ca8                FPU_IRQHandler
                0x08000ca8                OTG_HS_WKUP_IRQHandler
                0x08000ca8                CAN2_SCE_IRQHandler
                0x08000ca8                DMA2_Stream2_IRQHandler
                0x08000ca8                SPI1_IRQHandler
                0x08000ca8                TIM1_BRK_TIM9_IRQHandler
                0x08000ca8                DCMI_IRQHandler
                0x08000ca8                CAN2_RX0_IRQHandler
                0x08000ca8                DMA2_Stream3_IRQHandler
                0x08000ca8                USART6_IRQHandler
                0x08000ca8                USART3_IRQHandler
                0x08000ca8                CAN1_RX1_IRQHandler
                0x08000ca8                UART5_IRQHandler
                0x08000ca8                DMA2_Stream0_IRQHandler
                0x08000ca8                TIM4_IRQHandler
                0x08000ca8                I2C1_EV_IRQHandler
                0x08000ca8                DMA1_Stream6_IRQHandler
                0x08000ca8                DMA1_Stream1_IRQHandler
                0x08000ca8                UART4_IRQHandler
                0x08000ca8                TIM3_IRQHandler
                0x08000ca8                RCC_IRQHandler
                0x08000ca8                TIM8_BRK_TIM12_IRQHandler
                0x08000ca8                Default_Handler
                0x08000ca8                EXTI15_10_IRQHandler
                0x08000ca8                ADC_IRQHandler
                0x08000ca8                DMA1_Stream7_IRQHandler
                0x08000ca8                TIM7_IRQHandler
                0x08000ca8                CAN2_TX_IRQHandler
                0x08000ca8                TIM5_IRQHandler
                0x08000ca8                DMA2_Stream7_IRQHandler
                0x08000ca8                I2C3_EV_IRQHandler
                0x08000ca8                EXTI9_5_IRQHandler
                0x08000ca8                RTC_WKUP_IRQHandler
                0x08000ca8                ETH_WKUP_IRQHandler
                0x08000ca8                SPI2_IRQHandler
                0x08000ca8                OTG_HS_EP1_IN_IRQHandler
                0x08000ca8                DMA1_Stream0_IRQHandler
                0x08000ca8                CAN1_TX_IRQHandler
                0x08000ca8                EXTI4_IRQHandler
                0x08000ca8                FSMC_IRQHandler
                0x08000ca8                ETH_IRQHandler
                0x08000ca8                OTG_HS_EP1_OUT_IRQHandler
                0x08000ca8                WWDG_IRQHandler
                0x08000ca8                TIM2_IRQHandler
                0x08000ca8                OTG_FS_WKUP_IRQHandler
                0x08000ca8                TIM1_TRG_COM_TIM11_IRQHandler
                0x08000ca8                OTG_HS_IRQHandler
                0x08000ca8                EXTI1_IRQHandler
                0x08000ca8                USART2_IRQHandler
                0x08000ca8                I2C2_ER_IRQHandler
                0x08000ca8                DMA2_Stream1_IRQHandler
                0x08000ca8                CAN1_SCE_IRQHandler
                0x08000ca8                FLASH_IRQHandler
                0x08000ca8                DMA2_Stream4_IRQHandler
                0x08000ca8                USART1_IRQHandler
                0x08000ca8                OTG_FS_IRQHandler
                0x08000ca8                SPI3_IRQHandler
                0x08000ca8                DMA1_Stream4_IRQHandler
                0x08000ca8                I2C1_ER_IRQHandler
                0x08000ca8                DMA2_Stream6_IRQHandler
                0x08000ca8                RTC_Alarm_IRQHandler
 *fill*         0x08000caa        0x2 
 .text.HAL_Init
                0x08000cac       0x44 ./Drivers/STM32F4xx_HAL_Driver/Src/stm32f4xx_hal.o
                0x08000cac                HAL_Init
 .text.HAL_IncTick
                0x08000cf0       0x28 ./Drivers/STM32F4xx_HAL_Driver/Src/stm32f4xx_hal.o
                0x08000cf0                HAL_IncTick
 .text.HAL_GetTick
                0x08000d18       0x18 ./Drivers/STM32F4xx_HAL_Driver/Src/stm32f4xx_hal.o
                0x08000d18                HAL_GetTick
 .text.HAL_Delay
                0x08000d30       0x48 ./Drivers/STM32F4xx_HAL_Driver/Src/stm32f4xx_hal.o
                0x08000d30                HAL_Delay
 .text.__NVIC_SetPriorityGrouping
                0x08000d78       0x48 ./Drivers/STM32F4xx_HAL_Driver/Src/stm32f4xx_hal_cortex.o
 .text.__NVIC_GetPriorityGrouping
                0x08000dc0       0x1c ./Drivers/STM32F4xx_HAL_Driver/Src/stm32f4xx_hal_cortex.o
 .text.__NVIC_EnableIRQ
                0x08000ddc       0x3c ./Drivers/STM32F4xx_HAL_Driver/Src/stm32f4xx_hal_cortex.o
 .text.__NVIC_SetPriority
                0x08000e18       0x54 ./Drivers/STM32F4xx_HAL_Driver/Src/stm32f4xx_hal_cortex.o
 .text.NVIC_EncodePriority
                0x08000e6c       0x66 ./Drivers/STM32F4xx_HAL_Driver/Src/stm32f4xx_hal_cortex.o
 .text.HAL_NVIC_SetPriorityGrouping
                0x08000ed2       0x16 ./Drivers/STM32F4xx_HAL_Driver/Src/stm32f4xx_hal_cortex.o
                0x08000ed2                HAL_NVIC_SetPriorityGrouping
 .text.HAL_NVIC_SetPriority
                0x08000ee8       0x38 ./Drivers/STM32F4xx_HAL_Driver/Src/stm32f4xx_hal_cortex.o
                0x08000ee8                HAL_NVIC_SetPriority
 .text.HAL_NVIC_EnableIRQ
                0x08000f20       0x1c ./Drivers/STM32F4xx_HAL_Driver/Src/stm32f4xx_hal_cortex.o
                0x08000f20                HAL_NVIC_EnableIRQ
 .text.HAL_GPIO_Init
                0x08000f3c      0x338 ./Drivers/STM32F4xx_HAL_Driver/Src/stm32f4xx_hal_gpio.o
                0x08000f3c                HAL_GPIO_Init
 .text.HAL_GPIO_WritePin
                0x08001274       0x32 ./Drivers/STM32F4xx_HAL_Driver/Src/stm32f4xx_hal_gpio.o
                0x08001274                HAL_GPIO_WritePin
 .text.HAL_GPIO_TogglePin
                0x080012a6       0x34 ./Drivers/STM32F4xx_HAL_Driver/Src/stm32f4xx_hal_gpio.o
                0x080012a6                HAL_GPIO_TogglePin
 *fill*         0x080012da        0x2 
 .text.HAL_RCC_OscConfig
                0x080012dc      0x4f0 ./Drivers/STM32F4xx_HAL_Driver/Src/stm32f4xx_hal_rcc.o
                0x080012dc                HAL_RCC_OscConfig
 .text.HAL_RCC_ClockConfig
                0x080017cc      0x1cc ./Drivers/STM32F4xx_HAL_Driver/Src/stm32f4xx_hal_rcc.o
                0x080017cc                HAL_RCC_ClockConfig
 .text.HAL_RCC_GetSysClockFreq
                0x08001998      0x20c ./Drivers/STM32F4xx_HAL_Driver/Src/stm32f4xx_hal_rcc.o
                0x08001998                HAL_RCC_GetSysClockFreq
 .text.HAL_RCC_GetHCLKFreq
                0x08001ba4       0x18 ./Drivers/STM32F4xx_HAL_Driver/Src/stm32f4xx_hal_rcc.o
                0x08001ba4                HAL_RCC_GetHCLKFreq
 .text.HAL_RCC_GetPCLK1Freq
                0x08001bbc       0x28 ./Drivers/STM32F4xx_HAL_Driver/Src/stm32f4xx_hal_rcc.o
                0x08001bbc                HAL_RCC_GetPCLK1Freq
 .text.HAL_RCC_GetClockConfig
                0x08001be4       0x64 ./Drivers/STM32F4xx_HAL_Driver/Src/stm32f4xx_hal_rcc.o
                0x08001be4                HAL_RCC_GetClockConfig
 .text.HAL_TIM_Base_Init
                0x08001c48       0x9e ./Drivers/STM32F4xx_HAL_Driver/Src/stm32f4xx_hal_tim.o
                0x08001c48                HAL_TIM_Base_Init
 .text.HAL_TIM_Base_MspInit
                0x08001ce6       0x14 ./Drivers/STM32F4xx_HAL_Driver/Src/stm32f4xx_hal_tim.o
                0x08001ce6                HAL_TIM_Base_MspInit
 *fill*         0x08001cfa        0x2 
 .text.HAL_TIM_Base_Start_IT
                0x08001cfc       0xe0 ./Drivers/STM32F4xx_HAL_Driver/Src/stm32f4xx_hal_tim.o
                0x08001cfc                HAL_TIM_Base_Start_IT
 .text.HAL_TIM_IRQHandler
                0x08001ddc      0x1e0 ./Drivers/STM32F4xx_HAL_Driver/Src/stm32f4xx_hal_tim.o
                0x08001ddc                HAL_TIM_IRQHandler
 .text.HAL_TIM_OC_DelayElapsedCallback
                0x08001fbc       0x14 ./Drivers/STM32F4xx_HAL_Driver/Src/stm32f4xx_hal_tim.o
                0x08001fbc                HAL_TIM_OC_DelayElapsedCallback
 .text.HAL_TIM_IC_CaptureCallback
                0x08001fd0       0x14 ./Drivers/STM32F4xx_HAL_Driver/Src/stm32f4xx_hal_tim.o
                0x08001fd0                HAL_TIM_IC_CaptureCallback
 .text.HAL_TIM_PWM_PulseFinishedCallback
                0x08001fe4       0x14 ./Drivers/STM32F4xx_HAL_Driver/Src/stm32f4xx_hal_tim.o
                0x08001fe4                HAL_TIM_PWM_PulseFinishedCallback
 .text.HAL_TIM_TriggerCallback
                0x08001ff8       0x14 ./Drivers/STM32F4xx_HAL_Driver/Src/stm32f4xx_hal_tim.o
                0x08001ff8                HAL_TIM_TriggerCallback
 .text.TIM_Base_SetConfig
                0x0800200c      0x14c ./Drivers/STM32F4xx_HAL_Driver/Src/stm32f4xx_hal_tim.o
                0x0800200c                TIM_Base_SetConfig
 .text.HAL_TIMEx_CommutCallback
                0x08002158       0x14 ./Drivers/STM32F4xx_HAL_Driver/Src/stm32f4xx_hal_tim_ex.o
                0x08002158                HAL_TIMEx_CommutCallback
 .text.HAL_TIMEx_BreakCallback
                0x0800216c       0x14 ./Drivers/STM32F4xx_HAL_Driver/Src/stm32f4xx_hal_tim_ex.o
                0x0800216c                HAL_TIMEx_BreakCallback
 .text.vListInitialise
                0x08002180       0x58 ./ThirdParty/FreeRTOS/list.o
                0x08002180                vListInitialise
 .text.vListInitialiseItem
                0x080021d8       0x32 ./ThirdParty/FreeRTOS/list.o
                0x080021d8                vListInitialiseItem
 .text.uxListRemove
                0x0800220a       0x72 ./ThirdParty/FreeRTOS/list.o
                0x0800220a                uxListRemove
 .text.prvCreateTask
                0x0800227c       0x78 ./ThirdParty/FreeRTOS/tasks.o
 .text.xTaskCreate
                0x080022f4       0x8c ./ThirdParty/FreeRTOS/tasks.o
                0x080022f4                xTaskCreate
 .text.prvInitialiseNewTask
                0x08002380      0x120 ./ThirdParty/FreeRTOS/tasks.o
 .text.prvAddNewTaskToReadyList
                0x080024a0      0x168 ./ThirdParty/FreeRTOS/tasks.o
 .text.prvCreateIdleTasks
                0x08002608       0x94 ./ThirdParty/FreeRTOS/tasks.o
 .text.vTaskStartScheduler
                0x0800269c       0xac ./ThirdParty/FreeRTOS/tasks.o
                0x0800269c                vTaskStartScheduler
 .text.vTaskSuspendAll
                0x08002748       0x24 ./ThirdParty/FreeRTOS/tasks.o
                0x08002748                vTaskSuspendAll
 .text.xTaskResumeAll
                0x0800276c      0x224 ./ThirdParty/FreeRTOS/tasks.o
                0x0800276c                xTaskResumeAll
 .text.xTaskIncrementTick
                0x08002990      0x248 ./ThirdParty/FreeRTOS/tasks.o
                0x08002990                xTaskIncrementTick
 .text.vTaskSwitchContext
                0x08002bd8       0xd8 ./ThirdParty/FreeRTOS/tasks.o
                0x08002bd8                vTaskSwitchContext
 .text.prvIdleTask
                0x08002cb0       0x30 ./ThirdParty/FreeRTOS/tasks.o
 .text.prvInitialiseTaskLists
                0x08002ce0       0x80 ./ThirdParty/FreeRTOS/tasks.o
 .text.prvCheckTasksWaitingTermination
                0x08002d60       0x5c ./ThirdParty/FreeRTOS/tasks.o
 .text.prvDeleteTCB
                0x08002dbc       0x20 ./ThirdParty/FreeRTOS/tasks.o
 .text.prvResetNextTaskUnblockTime
                0x08002ddc       0x38 ./ThirdParty/FreeRTOS/tasks.o
 .text.pxPortInitialiseStack
                0x08002e14       0x68 ./ThirdParty/FreeRTOS/portable/GCC/ARM_CM4F/port.o
                0x08002e14                pxPortInitialiseStack
 .text.prvTaskExitError
                0x08002e7c       0x5c ./ThirdParty/FreeRTOS/portable/GCC/ARM_CM4F/port.o
 *fill*         0x08002ed8        0x8 
 .text.SVC_Handler
                0x08002ee0       0x28 ./ThirdParty/FreeRTOS/portable/GCC/ARM_CM4F/port.o
                0x08002ee0                SVC_Handler
 .text.prvPortStartFirstTask
                0x08002f08       0x2c ./ThirdParty/FreeRTOS/portable/GCC/ARM_CM4F/port.o
 .text.xPortStartScheduler
                0x08002f34      0x1e0 ./ThirdParty/FreeRTOS/portable/GCC/ARM_CM4F/port.o
                0x08002f34                xPortStartScheduler
 .text.vInitPrioGroupValue
                0x08003114      0x100 ./ThirdParty/FreeRTOS/portable/GCC/ARM_CM4F/port.o
                0x08003114                vInitPrioGroupValue
 .text.vPortEnterCritical
                0x08003214       0x64 ./ThirdParty/FreeRTOS/portable/GCC/ARM_CM4F/port.o
                0x08003214                vPortEnterCritical
 .text.vPortExitCritical
                0x08003278       0x54 ./ThirdParty/FreeRTOS/portable/GCC/ARM_CM4F/port.o
                0x08003278                vPortExitCritical
 *fill*         0x080032cc        0x4 
 .text.PendSV_Handler
                0x080032d0       0x68 ./ThirdParty/FreeRTOS/portable/GCC/ARM_CM4F/port.o
                0x080032d0                PendSV_Handler
 .text.SysTick_Handler
                0x08003338       0x54 ./ThirdParty/FreeRTOS/portable/GCC/ARM_CM4F/port.o
                0x08003338                SysTick_Handler
 .text.vPortSetupTimerInterrupt
                0x0800338c       0x48 ./ThirdParty/FreeRTOS/portable/GCC/ARM_CM4F/port.o
                0x0800338c                vPortSetupTimerInterrupt
 .text.vPortEnableVFP
                0x080033d4       0x18 ./ThirdParty/FreeRTOS/portable/GCC/ARM_CM4F/port.o
 .text.pvPortMalloc
                0x080033ec      0x264 ./ThirdParty/FreeRTOS/portable/MemMang/heap_4.o
                0x080033ec                pvPortMalloc
 .text.vPortFree
                0x08003650       0xec ./ThirdParty/FreeRTOS/portable/MemMang/heap_4.o
                0x08003650                vPortFree
 .text.prvHeapInit
                0x0800373c       0xb4 ./ThirdParty/FreeRTOS/portable/MemMang/heap_4.o
 .text.prvInsertBlockIntoFreeList
                0x080037f0       0xf4 ./ThirdParty/FreeRTOS/portable/MemMang/heap_4.o
 .text.SYSVIEW_AddTask
                0x080038e4       0xd0 ./ThirdParty/SEGGER/OS/SEGGER_SYSVIEW_FreeRTOS.o
                0x080038e4                SYSVIEW_AddTask
 .text.SYSVIEW_SendTaskInfo
                0x080039b4       0x42 ./ThirdParty/SEGGER/OS/SEGGER_SYSVIEW_FreeRTOS.o
                0x080039b4                SYSVIEW_SendTaskInfo
 *fill*         0x080039f6        0x2 
 .text._DoInit  0x080039f8       0xb4 ./ThirdParty/SEGGER/SEGGER/SEGGER_RTT.o
 .text.SEGGER_RTT_ReadNoLock
                0x08003aac      0x10c ./ThirdParty/SEGGER/SEGGER/SEGGER_RTT.o
                0x08003aac                SEGGER_RTT_ReadNoLock
 .text._EncodeStr
                0x08003bb8       0x72 ./ThirdParty/SEGGER/SEGGER/SEGGER_SYSVIEW.o
 .text._PreparePacket
                0x08003c2a       0x18 ./ThirdParty/SEGGER/SEGGER/SEGGER_SYSVIEW.o
 *fill*         0x08003c42        0x2 
 .text._HandleIncomingPacket
                0x08003c44       0xdc ./ThirdParty/SEGGER/SEGGER/SEGGER_SYSVIEW.o
 .text._TrySendOverflowPacket
                0x08003d20       0xe4 ./ThirdParty/SEGGER/SEGGER/SEGGER_SYSVIEW.o
 .text._SendPacket
                0x08003e04      0x2dc ./ThirdParty/SEGGER/SEGGER/SEGGER_SYSVIEW.o
 .text.SEGGER_SYSVIEW_RecordVoid
                0x080040e0       0x3c ./ThirdParty/SEGGER/SEGGER/SEGGER_SYSVIEW.o
                0x080040e0                SEGGER_SYSVIEW_RecordVoid
 .text.SEGGER_SYSVIEW_RecordU32
                0x0800411c       0x78 ./ThirdParty/SEGGER/SEGGER/SEGGER_SYSVIEW.o
                0x0800411c                SEGGER_SYSVIEW_RecordU32
 .text.SEGGER_SYSVIEW_RecordU32x2
                0x08004194       0xb4 ./ThirdParty/SEGGER/SEGGER/SEGGER_SYSVIEW.o
                0x08004194                SEGGER_SYSVIEW_RecordU32x2
 .text.SEGGER_SYSVIEW_RecordU32x6
                0x08004248      0x194 ./ThirdParty/SEGGER/SEGGER/SEGGER_SYSVIEW.o
                0x08004248                SEGGER_SYSVIEW_RecordU32x6
 .text.SEGGER_SYSVIEW_Start
                0x080043dc      0x174 ./ThirdParty/SEGGER/SEGGER/SEGGER_SYSVIEW.o
                0x080043dc                SEGGER_SYSVIEW_Start
 .text.SEGGER_SYSVIEW_Stop
                0x08004550       0x4c ./ThirdParty/SEGGER/SEGGER/SEGGER_SYSVIEW.o
                0x08004550                SEGGER_SYSVIEW_Stop
 .text.SEGGER_SYSVIEW_GetSysDesc
                0x0800459c      0x134 ./ThirdParty/SEGGER/SEGGER/SEGGER_SYSVIEW.o
                0x0800459c                SEGGER_SYSVIEW_GetSysDesc
 .text.SEGGER_SYSVIEW_SendTaskInfo
                0x080046d0      0x1c8 ./ThirdParty/SEGGER/SEGGER/SEGGER_SYSVIEW.o
                0x080046d0                SEGGER_SYSVIEW_SendTaskInfo
 .text.SEGGER_SYSVIEW_SendTaskList
                0x08004898       0x28 ./ThirdParty/SEGGER/SEGGER/SEGGER_SYSVIEW.o
                0x08004898                SEGGER_SYSVIEW_SendTaskList
 .text.SEGGER_SYSVIEW_RecordSystime
                0x080048c0       0x64 ./ThirdParty/SEGGER/SEGGER/SEGGER_SYSVIEW.o
                0x080048c0                SEGGER_SYSVIEW_RecordSystime
 .text.SEGGER_SYSVIEW_RecordEnterISR
                0x08004924       0x84 ./ThirdParty/SEGGER/SEGGER/SEGGER_SYSVIEW.o
                0x08004924                SEGGER_SYSVIEW_RecordEnterISR
 .text.SEGGER_SYSVIEW_RecordExitISR
                0x080049a8       0x38 ./ThirdParty/SEGGER/SEGGER/SEGGER_SYSVIEW.o
                0x080049a8                SEGGER_SYSVIEW_RecordExitISR
 .text.SEGGER_SYSVIEW_RecordExitISRToScheduler
                0x080049e0       0x38 ./ThirdParty/SEGGER/SEGGER/SEGGER_SYSVIEW.o
                0x080049e0                SEGGER_SYSVIEW_RecordExitISRToScheduler
 .text.SEGGER_SYSVIEW_RecordEndCall
                0x08004a18       0x78 ./ThirdParty/SEGGER/SEGGER/SEGGER_SYSVIEW.o
                0x08004a18                SEGGER_SYSVIEW_RecordEndCall
 .text.SEGGER_SYSVIEW_RecordEndCallU32
                0x08004a90       0xb0 ./ThirdParty/SEGGER/SEGGER/SEGGER_SYSVIEW.o
                0x08004a90                SEGGER_SYSVIEW_RecordEndCallU32
 .text.SEGGER_SYSVIEW_OnIdle
                0x08004b40       0x38 ./ThirdParty/SEGGER/SEGGER/SEGGER_SYSVIEW.o
                0x08004b40                SEGGER_SYSVIEW_OnIdle
 .text.SEGGER_SYSVIEW_OnTaskCreate
                0x08004b78       0x84 ./ThirdParty/SEGGER/SEGGER/SEGGER_SYSVIEW.o
                0x08004b78                SEGGER_SYSVIEW_OnTaskCreate
 .text.SEGGER_SYSVIEW_OnTaskStartExec
                0x08004bfc       0x84 ./ThirdParty/SEGGER/SEGGER/SEGGER_SYSVIEW.o
                0x08004bfc                SEGGER_SYSVIEW_OnTaskStartExec
 .text.SEGGER_SYSVIEW_OnTaskStartReady
                0x08004c80       0x84 ./ThirdParty/SEGGER/SEGGER/SEGGER_SYSVIEW.o
                0x08004c80                SEGGER_SYSVIEW_OnTaskStartReady
 .text.SEGGER_SYSVIEW_ShrinkId
                0x08004d04       0x20 ./ThirdParty/SEGGER/SEGGER/SEGGER_SYSVIEW.o
                0x08004d04                SEGGER_SYSVIEW_ShrinkId
 .text.SEGGER_SYSVIEW_SendModule
                0x08004d24      0x114 ./ThirdParty/SEGGER/SEGGER/SEGGER_SYSVIEW.o
                0x08004d24                SEGGER_SYSVIEW_SendModule
 .text.SEGGER_SYSVIEW_SendModuleDescription
                0x08004e38       0x3c ./ThirdParty/SEGGER/SEGGER/SEGGER_SYSVIEW.o
                0x08004e38                SEGGER_SYSVIEW_SendModuleDescription
 .text.SEGGER_SYSVIEW_SendNumModules
                0x08004e74       0x7c ./ThirdParty/SEGGER/SEGGER/SEGGER_SYSVIEW.o
                0x08004e74                SEGGER_SYSVIEW_SendNumModules
 .text.SEGGER_SYSVIEW_Warn
                0x08004ef0       0xb8 ./ThirdParty/SEGGER/SEGGER/SEGGER_SYSVIEW.o
                0x08004ef0                SEGGER_SYSVIEW_Warn
 .text.memcmp   0x08004fa8       0x20 /Applications/STM32CubeIDE.app/Contents/Eclipse/plugins/com.st.stm32cube.ide.mcu.externaltools.gnu-tools-for-stm32.13.3.rel1.macos64_1.0.0.202411102158/tools/bin/../lib/gcc/arm-none-eabi/13.3.1/../../../../arm-none-eabi/lib/thumb/v7e-m+fp/hard/libc_nano.a(libc_a-memcmp.o)
                0x08004fa8                memcmp
 .text.memset   0x08004fc8       0x10 /Applications/STM32CubeIDE.app/Contents/Eclipse/plugins/com.st.stm32cube.ide.mcu.externaltools.gnu-tools-for-stm32.13.3.rel1.macos64_1.0.0.202411102158/tools/bin/../lib/gcc/arm-none-eabi/13.3.1/../../../../arm-none-eabi/lib/thumb/v7e-m+fp/hard/libc_nano.a(libc_a-memset.o)
                0x08004fc8                memset
 .text.__libc_init_array
                0x08004fd8       0x48 /Applications/STM32CubeIDE.app/Contents/Eclipse/plugins/com.st.stm32cube.ide.mcu.externaltools.gnu-tools-for-stm32.13.3.rel1.macos64_1.0.0.202411102158/tools/bin/../lib/gcc/arm-none-eabi/13.3.1/../../../../arm-none-eabi/lib/thumb/v7e-m+fp/hard/libc_nano.a(libc_a-init.o)
                0x08004fd8                __libc_init_array
 .text.memcpy   0x08005020       0x1c /Applications/STM32CubeIDE.app/Contents/Eclipse/plugins/com.st.stm32cube.ide.mcu.externaltools.gnu-tools-for-stm32.13.3.rel1.macos64_1.0.0.202411102158/tools/bin/../lib/gcc/arm-none-eabi/13.3.1/../../../../arm-none-eabi/lib/thumb/v7e-m+fp/hard/libc_nano.a(libc_a-memcpy-stub.o)
                0x08005020                memcpy
 *(.glue_7)
 .glue_7        0x0800503c        0x0 linker stubs
 *(.glue_7t)
 .glue_7t       0x0800503c        0x0 linker stubs
 *(.eh_frame)
 .eh_frame      0x0800503c        0x0 /Applications/STM32CubeIDE.app/Contents/Eclipse/plugins/com.st.stm32cube.ide.mcu.externaltools.gnu-tools-for-stm32.13.3.rel1.macos64_1.0.0.202411102158/tools/bin/../lib/gcc/arm-none-eabi/13.3.1/thumb/v7e-m+fp/hard/crtbegin.o
 *(.init)
 .init          0x0800503c        0x4 /Applications/STM32CubeIDE.app/Contents/Eclipse/plugins/com.st.stm32cube.ide.mcu.externaltools.gnu-tools-for-stm32.13.3.rel1.macos64_1.0.0.202411102158/tools/bin/../lib/gcc/arm-none-eabi/13.3.1/thumb/v7e-m+fp/hard/crti.o
                0x0800503c                _init
 .init          0x08005040        0x8 /Applications/STM32CubeIDE.app/Contents/Eclipse/plugins/com.st.stm32cube.ide.mcu.externaltools.gnu-tools-for-stm32.13.3.rel1.macos64_1.0.0.202411102158/tools/bin/../lib/gcc/arm-none-eabi/13.3.1/thumb/v7e-m+fp/hard/crtn.o
 *(.fini)
 .fini          0x08005048        0x4 /Applications/STM32CubeIDE.app/Contents/Eclipse/plugins/com.st.stm32cube.ide.mcu.externaltools.gnu-tools-for-stm32.13.3.rel1.macos64_1.0.0.202411102158/tools/bin/../lib/gcc/arm-none-eabi/13.3.1/thumb/v7e-m+fp/hard/crti.o
                0x08005048                _fini
 .fini          0x0800504c        0x8 /Applications/STM32CubeIDE.app/Contents/Eclipse/plugins/com.st.stm32cube.ide.mcu.externaltools.gnu-tools-for-stm32.13.3.rel1.macos64_1.0.0.202411102158/tools/bin/../lib/gcc/arm-none-eabi/13.3.1/thumb/v7e-m+fp/hard/crtn.o
                0x08005054                        . = ALIGN (0x4)
                0x08005054                        _etext = .

.vfp11_veneer   0x08005054        0x0
 .vfp11_veneer  0x08005054        0x0 linker stubs

.v4_bx          0x08005054        0x0
 .v4_bx         0x08005054        0x0 linker stubs

.iplt           0x08005054        0x0
 .iplt          0x08005054        0x0 /Applications/STM32CubeIDE.app/Contents/Eclipse/plugins/com.st.stm32cube.ide.mcu.externaltools.gnu-tools-for-stm32.13.3.rel1.macos64_1.0.0.202411102158/tools/bin/../lib/gcc/arm-none-eabi/13.3.1/thumb/v7e-m+fp/hard/crtbegin.o

.rodata         0x08005054       0xd8
                0x08005054                        . = ALIGN (0x4)
 *(.rodata)
 .rodata        0x08005054       0x30 ./Core/Src/main.o
 .rodata        0x08005084        0x5 ./ThirdParty/FreeRTOS/tasks.o
 *fill*         0x08005089        0x3 
 .rodata        0x0800508c       0x58 ./ThirdParty/SEGGER/OS/SEGGER_SYSVIEW_FreeRTOS.o
 .rodata        0x080050e4        0x9 ./ThirdParty/SEGGER/SEGGER/SEGGER_RTT.o
 *(.rodata*)
 *fill*         0x080050ed        0x3 
 .rodata.AHBPrescTable
                0x080050f0       0x10 ./Core/Src/system_stm32f4xx.o
                0x080050f0                AHBPrescTable
 .rodata.APBPrescTable
                0x08005100        0x8 ./Core/Src/system_stm32f4xx.o
                0x08005100                APBPrescTable
 .rodata.uxTopUsedPriority
                0x08005108        0x4 ./ThirdParty/FreeRTOS/tasks.o
 .rodata._aInitStr.0
                0x0800510c       0x11 ./ThirdParty/SEGGER/SEGGER/SEGGER_RTT.o
 *fill*         0x0800511d        0x3 
 .rodata._abSync
                0x08005120        0xa ./ThirdParty/SEGGER/SEGGER/SEGGER_SYSVIEW.o
                0x0800512c                        . = ALIGN (0x4)
 *fill*         0x0800512a        0x2 

.ARM.extab      0x0800512c        0x0
                0x0800512c                        . = ALIGN (0x4)
 *(.ARM.extab* .gnu.linkonce.armextab.*)
                0x0800512c                        . = ALIGN (0x4)

.ARM            0x0800512c        0x8
                0x0800512c                        . = ALIGN (0x4)
                0x0800512c                        __exidx_start = .
 *(.ARM.exidx*)
 .ARM.exidx     0x0800512c        0x8 /Applications/STM32CubeIDE.app/Contents/Eclipse/plugins/com.st.stm32cube.ide.mcu.externaltools.gnu-tools-for-stm32.13.3.rel1.macos64_1.0.0.202411102158/tools/bin/../lib/gcc/arm-none-eabi/13.3.1/thumb/v7e-m+fp/hard/libgcc.a(_udivmoddi4.o)
                0x08005134                        __exidx_end = .
                0x08005134                        . = ALIGN (0x4)

.preinit_array  0x08005134        0x0
                0x08005134                        . = ALIGN (0x4)
                0x08005134                        PROVIDE (__preinit_array_start = .)
 *(.preinit_array*)
                0x08005134                        PROVIDE (__preinit_array_end = .)
                0x08005134                        . = ALIGN (0x4)

.init_array     0x08005134        0x4
                0x08005134                        . = ALIGN (0x4)
                0x08005134                        PROVIDE (__init_array_start = .)
 *(SORT_BY_NAME(.init_array.*))
 *(.init_array*)
 .init_array    0x08005134        0x4 /Applications/STM32CubeIDE.app/Contents/Eclipse/plugins/com.st.stm32cube.ide.mcu.externaltools.gnu-tools-for-stm32.13.3.rel1.macos64_1.0.0.202411102158/tools/bin/../lib/gcc/arm-none-eabi/13.3.1/thumb/v7e-m+fp/hard/crtbegin.o
                0x08005138                        PROVIDE (__init_array_end = .)
                0x08005138                        . = ALIGN (0x4)

.fini_array     0x08005138        0x4
                0x08005138                        . = ALIGN (0x4)
                [!provide]                        PROVIDE (__fini_array_start = .)
 *(SORT_BY_NAME(.fini_array.*))
 *(.fini_array*)
 .fini_array    0x08005138        0x4 /Applications/STM32CubeIDE.app/Contents/Eclipse/plugins/com.st.stm32cube.ide.mcu.externaltools.gnu-tools-for-stm32.13.3.rel1.macos64_1.0.0.202411102158/tools/bin/../lib/gcc/arm-none-eabi/13.3.1/thumb/v7e-m+fp/hard/crtbegin.o
                [!provide]                        PROVIDE (__fini_array_end = .)
                0x0800513c                        . = ALIGN (0x4)
                0x0800513c                        _sidata = LOADADDR (.data)

.rel.dyn        0x0800513c        0x0
 .rel.iplt      0x0800513c        0x0 /Applications/STM32CubeIDE.app/Contents/Eclipse/plugins/com.st.stm32cube.ide.mcu.externaltools.gnu-tools-for-stm32.13.3.rel1.macos64_1.0.0.202411102158/tools/bin/../lib/gcc/arm-none-eabi/13.3.1/thumb/v7e-m+fp/hard/crtbegin.o

.data           0x20000000       0x10 load address 0x0800513c
                0x20000000                        . = ALIGN (0x4)
                0x20000000                        _sdata = .
 *(.data)
 *(.data*)
 .data.SystemCoreClock
                0x20000000        0x4 ./Core/Src/system_stm32f4xx.o
                0x20000000                SystemCoreClock
 .data.uwTickPrio
                0x20000004        0x4 ./Drivers/STM32F4xx_HAL_Driver/Src/stm32f4xx_hal.o
                0x20000004                uwTickPrio
 .data.uwTickFreq
                0x20000008        0x1 ./Drivers/STM32F4xx_HAL_Driver/Src/stm32f4xx_hal.o
                0x20000008                uwTickFreq
 *fill*         0x20000009        0x3 
 .data.uxCriticalNesting
                0x2000000c        0x4 ./ThirdParty/FreeRTOS/portable/GCC/ARM_CM4F/port.o
 *(.RamFunc)
 *(.RamFunc*)
                0x20000010                        . = ALIGN (0x4)
                0x20000010                        _edata = .
                0x0800514c                        _siccmram = LOADADDR (.ccmram)

.igot.plt       0x20000010        0x0 load address 0x0800514c
 .igot.plt      0x20000010        0x0 /Applications/STM32CubeIDE.app/Contents/Eclipse/plugins/com.st.stm32cube.ide.mcu.externaltools.gnu-tools-for-stm32.13.3.rel1.macos64_1.0.0.202411102158/tools/bin/../lib/gcc/arm-none-eabi/13.3.1/thumb/v7e-m+fp/hard/crtbegin.o

.ccmram         0x10000000        0x0 load address 0x0800514c
                0x10000000                        . = ALIGN (0x4)
                0x10000000                        _sccmram = .
 *(.ccmram)
 *(.ccmram*)
                0x10000000                        . = ALIGN (0x4)
                0x10000000                        _eccmram = .
                0x10000000                        . = ALIGN (0x4)

.bss            0x20000010    0x13400
                0x20000010                        _sbss = .
                0x20000010                        __bss_start__ = _sbss
 *(.bss)
 .bss           0x20000010       0x1c /Applications/STM32CubeIDE.app/Contents/Eclipse/plugins/com.st.stm32cube.ide.mcu.externaltools.gnu-tools-for-stm32.13.3.rel1.macos64_1.0.0.202411102158/tools/bin/../lib/gcc/arm-none-eabi/13.3.1/thumb/v7e-m+fp/hard/crtbegin.o
 *(.bss*)
 .bss.htim6     0x2000002c       0x48 ./Core/Src/stm32f4xx_hal_timebase_tim.o
                0x2000002c                htim6
 .bss.uwTick    0x20000074        0x4 ./Drivers/STM32F4xx_HAL_Driver/Src/stm32f4xx_hal.o
                0x20000074                uwTick
 .bss.pxCurrentTCB
                0x20000078        0x4 ./ThirdParty/FreeRTOS/tasks.o
                0x20000078                pxCurrentTCB
 .bss.pxReadyTasksLists
                0x2000007c       0x64 ./ThirdParty/FreeRTOS/tasks.o
 .bss.xDelayedTaskList1
                0x200000e0       0x14 ./ThirdParty/FreeRTOS/tasks.o
 .bss.xDelayedTaskList2
                0x200000f4       0x14 ./ThirdParty/FreeRTOS/tasks.o
 .bss.pxDelayedTaskList
                0x20000108        0x4 ./ThirdParty/FreeRTOS/tasks.o
 .bss.pxOverflowDelayedTaskList
                0x2000010c        0x4 ./ThirdParty/FreeRTOS/tasks.o
 .bss.xPendingReadyList
                0x20000110       0x14 ./ThirdParty/FreeRTOS/tasks.o
 .bss.xTasksWaitingTermination
                0x20000124       0x14 ./ThirdParty/FreeRTOS/tasks.o
 .bss.uxDeletedTasksWaitingCleanUp
                0x20000138        0x4 ./ThirdParty/FreeRTOS/tasks.o
 .bss.xSuspendedTaskList
                0x2000013c       0x14 ./ThirdParty/FreeRTOS/tasks.o
 .bss.uxCurrentNumberOfTasks
                0x20000150        0x4 ./ThirdParty/FreeRTOS/tasks.o
 .bss.xTickCount
                0x20000154        0x4 ./ThirdParty/FreeRTOS/tasks.o
 .bss.uxTopReadyPriority
                0x20000158        0x4 ./ThirdParty/FreeRTOS/tasks.o
 .bss.xSchedulerRunning
                0x2000015c        0x4 ./ThirdParty/FreeRTOS/tasks.o
 .bss.xPendedTicks
                0x20000160        0x4 ./ThirdParty/FreeRTOS/tasks.o
 .bss.xYieldPendings
                0x20000164        0x4 ./ThirdParty/FreeRTOS/tasks.o
 .bss.xNumOfOverflows
                0x20000168        0x4 ./ThirdParty/FreeRTOS/tasks.o
 .bss.uxTaskNumber
                0x2000016c        0x4 ./ThirdParty/FreeRTOS/tasks.o
 .bss.xNextTaskUnblockTime
                0x20000170        0x4 ./ThirdParty/FreeRTOS/tasks.o
 .bss.xIdleTaskHandles
                0x20000174        0x4 ./ThirdParty/FreeRTOS/tasks.o
 .bss.uxSchedulerSuspended
                0x20000178        0x4 ./ThirdParty/FreeRTOS/tasks.o
 .bss.ucMaxSysCallPriority
                0x2000017c        0x1 ./ThirdParty/FreeRTOS/portable/GCC/ARM_CM4F/port.o
 *fill*         0x2000017d        0x3 
 .bss.ulMaxPRIGROUPValue
                0x20000180        0x4 ./ThirdParty/FreeRTOS/portable/GCC/ARM_CM4F/port.o
 .bss.ucHeap    0x20000184    0x12c00 ./ThirdParty/FreeRTOS/portable/MemMang/heap_4.o
 .bss.xStart    0x20012d84        0x8 ./ThirdParty/FreeRTOS/portable/MemMang/heap_4.o
 .bss.pxEnd     0x20012d8c        0x4 ./ThirdParty/FreeRTOS/portable/MemMang/heap_4.o
 .bss.xFreeBytesRemaining
                0x20012d90        0x4 ./ThirdParty/FreeRTOS/portable/MemMang/heap_4.o
 .bss.xMinimumEverFreeBytesRemaining
                0x20012d94        0x4 ./ThirdParty/FreeRTOS/portable/MemMang/heap_4.o
 .bss.xNumberOfSuccessfulAllocations
                0x20012d98        0x4 ./ThirdParty/FreeRTOS/portable/MemMang/heap_4.o
 .bss.xNumberOfSuccessfulFrees
                0x20012d9c        0x4 ./ThirdParty/FreeRTOS/portable/MemMang/heap_4.o
 .bss._aTasks   0x20012da0       0xa0 ./ThirdParty/SEGGER/OS/SEGGER_SYSVIEW_FreeRTOS.o
 .bss._NumTasks
                0x20012e40        0x4 ./ThirdParty/SEGGER/OS/SEGGER_SYSVIEW_FreeRTOS.o
 .bss._SEGGER_RTT
                0x20012e44       0xa8 ./ThirdParty/SEGGER/SEGGER/SEGGER_RTT.o
                0x20012e44                _SEGGER_RTT
 .bss._acUpBuffer
                0x20012eec      0x400 ./ThirdParty/SEGGER/SEGGER/SEGGER_RTT.o
 .bss._acDownBuffer
                0x200132ec       0x10 ./ThirdParty/SEGGER/SEGGER/SEGGER_RTT.o
 .bss._SYSVIEW_Globals
                0x200132fc       0x28 ./ThirdParty/SEGGER/SEGGER/SEGGER_SYSVIEW.o
 .bss._pFirstModule
                0x20013324        0x4 ./ThirdParty/SEGGER/SEGGER/SEGGER_SYSVIEW.o
 .bss._NumModules
                0x20013328        0x1 ./ThirdParty/SEGGER/SEGGER/SEGGER_SYSVIEW.o
 *fill*         0x20013329        0x3 
 .bss._aPacket  0x2001332c       0xe3 ./ThirdParty/SEGGER/SEGGER/SEGGER_SYSVIEW.o
 *(COMMON)
                0x20013410                        . = ALIGN (0x4)
 *fill*         0x2001340f        0x1 
                0x20013410                        _ebss = .
                0x20013410                        __bss_end__ = _ebss

._user_heap_stack
                0x20013410      0x600
                0x20013410                        . = ALIGN (0x8)
                0x20013410                        PROVIDE (end = .)
                [!provide]                        PROVIDE (_end = .)
                0x20013610                        . = (. + _Min_Heap_Size)
 *fill*         0x20013410      0x200 
                0x20013a10                        . = (. + _Min_Stack_Size)
 *fill*         0x20013610      0x400 
                0x20013a10                        . = ALIGN (0x8)

/DISCARD/
 libc.a(*)
 libm.a(*)
 libgcc.a(*)

.ARM.attributes
                0x00000000       0x30
 *(.ARM.attributes)
 .ARM.attributes
                0x00000000       0x22 /Applications/STM32CubeIDE.app/Contents/Eclipse/plugins/com.st.stm32cube.ide.mcu.externaltools.gnu-tools-for-stm32.13.3.rel1.macos64_1.0.0.202411102158/tools/bin/../lib/gcc/arm-none-eabi/13.3.1/thumb/v7e-m+fp/hard/crti.o
 .ARM.attributes
                0x00000022       0x34 /Applications/STM32CubeIDE.app/Contents/Eclipse/plugins/com.st.stm32cube.ide.mcu.externaltools.gnu-tools-for-stm32.13.3.rel1.macos64_1.0.0.202411102158/tools/bin/../lib/gcc/arm-none-eabi/13.3.1/thumb/v7e-m+fp/hard/crtbegin.o
 .ARM.attributes
                0x00000056       0x34 ./Core/Src/main.o
 .ARM.attributes
                0x0000008a       0x34 ./Core/Src/stm32f4xx_hal_msp.o
 .ARM.attributes
                0x000000be       0x34 ./Core/Src/stm32f4xx_hal_timebase_tim.o
 .ARM.attributes
                0x000000f2       0x34 ./Core/Src/stm32f4xx_it.o
 .ARM.attributes
                0x00000126       0x34 ./Core/Src/system_stm32f4xx.o
 .ARM.attributes
                0x0000015a       0x21 ./Core/Startup/startup_stm32f407vgtx.o
 .ARM.attributes
                0x0000017b       0x34 ./Drivers/STM32F4xx_HAL_Driver/Src/stm32f4xx_hal.o
 .ARM.attributes
                0x000001af       0x34 ./Drivers/STM32F4xx_HAL_Driver/Src/stm32f4xx_hal_cortex.o
 .ARM.attributes
                0x000001e3       0x34 ./Drivers/STM32F4xx_HAL_Driver/Src/stm32f4xx_hal_gpio.o
 .ARM.attributes
                0x00000217       0x34 ./Drivers/STM32F4xx_HAL_Driver/Src/stm32f4xx_hal_rcc.o
 .ARM.attributes
                0x0000024b       0x34 ./Drivers/STM32F4xx_HAL_Driver/Src/stm32f4xx_hal_tim.o
 .ARM.attributes
                0x0000027f       0x34 ./Drivers/STM32F4xx_HAL_Driver/Src/stm32f4xx_hal_tim_ex.o
 .ARM.attributes
                0x000002b3       0x34 ./ThirdParty/FreeRTOS/list.o
 .ARM.attributes
                0x000002e7       0x34 ./ThirdParty/FreeRTOS/tasks.o
 .ARM.attributes
                0x0000031b       0x34 ./ThirdParty/FreeRTOS/portable/GCC/ARM_CM4F/port.o
 .ARM.attributes
                0x0000034f       0x34 ./ThirdParty/FreeRTOS/portable/MemMang/heap_4.o
 .ARM.attributes
                0x00000383       0x34 ./ThirdParty/SEGGER/OS/SEGGER_SYSVIEW_FreeRTOS.o
 .ARM.attributes
                0x000003b7       0x34 ./ThirdParty/SEGGER/SEGGER/SEGGER_RTT.o
 .ARM.attributes
                0x000003eb       0x20 ./ThirdParty/SEGGER/SEGGER/SEGGER_RTT_ASM_ARMv7M.o
 .ARM.attributes
                0x0000040b       0x34 ./ThirdParty/SEGGER/SEGGER/SEGGER_SYSVIEW.o
 .ARM.attributes
                0x0000043f       0x34 /Applications/STM32CubeIDE.app/Contents/Eclipse/plugins/com.st.stm32cube.ide.mcu.externaltools.gnu-tools-for-stm32.13.3.rel1.macos64_1.0.0.202411102158/tools/bin/../lib/gcc/arm-none-eabi/13.3.1/../../../../arm-none-eabi/lib/thumb/v7e-m+fp/hard/libc_nano.a(libc_a-memcmp.o)
 .ARM.attributes
                0x00000473       0x34 /Applications/STM32CubeIDE.app/Contents/Eclipse/plugins/com.st.stm32cube.ide.mcu.externaltools.gnu-tools-for-stm32.13.3.rel1.macos64_1.0.0.202411102158/tools/bin/../lib/gcc/arm-none-eabi/13.3.1/../../../../arm-none-eabi/lib/thumb/v7e-m+fp/hard/libc_nano.a(libc_a-memset.o)
 .ARM.attributes
                0x000004a7       0x34 /Applications/STM32CubeIDE.app/Contents/Eclipse/plugins/com.st.stm32cube.ide.mcu.externaltools.gnu-tools-for-stm32.13.3.rel1.macos64_1.0.0.202411102158/tools/bin/../lib/gcc/arm-none-eabi/13.3.1/../../../../arm-none-eabi/lib/thumb/v7e-m+fp/hard/libc_nano.a(libc_a-init.o)
 .ARM.attributes
                0x000004db       0x34 /Applications/STM32CubeIDE.app/Contents/Eclipse/plugins/com.st.stm32cube.ide.mcu.externaltools.gnu-tools-for-stm32.13.3.rel1.macos64_1.0.0.202411102158/tools/bin/../lib/gcc/arm-none-eabi/13.3.1/../../../../arm-none-eabi/lib/thumb/v7e-m+fp/hard/libc_nano.a(libc_a-memcpy-stub.o)
 .ARM.attributes
                0x0000050f       0x22 /Applications/STM32CubeIDE.app/Contents/Eclipse/plugins/com.st.stm32cube.ide.mcu.externaltools.gnu-tools-for-stm32.13.3.rel1.macos64_1.0.0.202411102158/tools/bin/../lib/gcc/arm-none-eabi/13.3.1/thumb/v7e-m+fp/hard/libgcc.a(_aeabi_uldivmod.o)
 .ARM.attributes
                0x00000531       0x34 /Applications/STM32CubeIDE.app/Contents/Eclipse/plugins/com.st.stm32cube.ide.mcu.externaltools.gnu-tools-for-stm32.13.3.rel1.macos64_1.0.0.202411102158/tools/bin/../lib/gcc/arm-none-eabi/13.3.1/thumb/v7e-m+fp/hard/libgcc.a(_udivmoddi4.o)
 .ARM.attributes
                0x00000565       0x22 /Applications/STM32CubeIDE.app/Contents/Eclipse/plugins/com.st.stm32cube.ide.mcu.externaltools.gnu-tools-for-stm32.13.3.rel1.macos64_1.0.0.202411102158/tools/bin/../lib/gcc/arm-none-eabi/13.3.1/thumb/v7e-m+fp/hard/libgcc.a(_dvmd_tls.o)
 .ARM.attributes
                0x00000587       0x22 /Applications/STM32CubeIDE.app/Contents/Eclipse/plugins/com.st.stm32cube.ide.mcu.externaltools.gnu-tools-for-stm32.13.3.rel1.macos64_1.0.0.202411102158/tools/bin/../lib/gcc/arm-none-eabi/13.3.1/thumb/v7e-m+fp/hard/crtn.o
OUTPUT(002_LED_TASKS.elf elf32-littlearm)
LOAD linker stubs
LOAD /Applications/STM32CubeIDE.app/Contents/Eclipse/plugins/com.st.stm32cube.ide.mcu.externaltools.gnu-tools-for-stm32.13.3.rel1.macos64_1.0.0.202411102158/tools/bin/../lib/gcc/arm-none-eabi/13.3.1/../../../../arm-none-eabi/lib/thumb/v7e-m+fp/hard/libc.a
LOAD /Applications/STM32CubeIDE.app/Contents/Eclipse/plugins/com.st.stm32cube.ide.mcu.externaltools.gnu-tools-for-stm32.13.3.rel1.macos64_1.0.0.202411102158/tools/bin/../lib/gcc/arm-none-eabi/13.3.1/../../../../arm-none-eabi/lib/thumb/v7e-m+fp/hard/libm.a
LOAD /Applications/STM32CubeIDE.app/Contents/Eclipse/plugins/com.st.stm32cube.ide.mcu.externaltools.gnu-tools-for-stm32.13.3.rel1.macos64_1.0.0.202411102158/tools/bin/../lib/gcc/arm-none-eabi/13.3.1/thumb/v7e-m+fp/hard/libgcc.a

.debug_info     0x00000000    0x1221c
 .debug_info    0x00000000      0xee9 ./Core/Src/main.o
 .debug_info    0x00000ee9      0x280 ./Core/Src/stm32f4xx_hal_msp.o
 .debug_info    0x00001169      0xbee ./Core/Src/stm32f4xx_hal_timebase_tim.o
 .debug_info    0x00001d57      0x6ab ./Core/Src/stm32f4xx_it.o
 .debug_info    0x00002402      0x512 ./Core/Src/system_stm32f4xx.o
 .debug_info    0x00002914       0x30 ./Core/Startup/startup_stm32f407vgtx.o
 .debug_info    0x00002944      0x944 ./Drivers/STM32F4xx_HAL_Driver/Src/stm32f4xx_hal.o
 .debug_info    0x00003288      0xd8c ./Drivers/STM32F4xx_HAL_Driver/Src/stm32f4xx_hal_cortex.o
 .debug_info    0x00004014      0x6c3 ./Drivers/STM32F4xx_HAL_Driver/Src/stm32f4xx_hal_gpio.o
 .debug_info    0x000046d7      0x8c3 ./Drivers/STM32F4xx_HAL_Driver/Src/stm32f4xx_hal_rcc.o
 .debug_info    0x00004f9a     0x299d ./Drivers/STM32F4xx_HAL_Driver/Src/stm32f4xx_hal_tim.o
 .debug_info    0x00007937     0x14db ./Drivers/STM32F4xx_HAL_Driver/Src/stm32f4xx_hal_tim_ex.o
 .debug_info    0x00008e12      0x325 ./ThirdParty/FreeRTOS/list.o
 .debug_info    0x00009137     0x2866 ./ThirdParty/FreeRTOS/tasks.o
 .debug_info    0x0000b99d      0x644 ./ThirdParty/FreeRTOS/portable/GCC/ARM_CM4F/port.o
 .debug_info    0x0000bfe1      0x5d1 ./ThirdParty/FreeRTOS/portable/MemMang/heap_4.o
 .debug_info    0x0000c5b2      0x426 ./ThirdParty/SEGGER/OS/SEGGER_SYSVIEW_FreeRTOS.o
 .debug_info    0x0000c9d8     0x14d5 ./ThirdParty/SEGGER/SEGGER/SEGGER_RTT.o
 .debug_info    0x0000dead       0x25 ./ThirdParty/SEGGER/SEGGER/SEGGER_RTT_ASM_ARMv7M.o
 .debug_info    0x0000ded2     0x434a ./ThirdParty/SEGGER/SEGGER/SEGGER_SYSVIEW.o

.debug_abbrev   0x00000000     0x27c3
 .debug_abbrev  0x00000000      0x2f6 ./Core/Src/main.o
 .debug_abbrev  0x000002f6       0xeb ./Core/Src/stm32f4xx_hal_msp.o
 .debug_abbrev  0x000003e1      0x1f4 ./Core/Src/stm32f4xx_hal_timebase_tim.o
 .debug_abbrev  0x000005d5      0x17d ./Core/Src/stm32f4xx_it.o
 .debug_abbrev  0x00000752      0x11a ./Core/Src/system_stm32f4xx.o
 .debug_abbrev  0x0000086c       0x24 ./Core/Startup/startup_stm32f407vgtx.o
 .debug_abbrev  0x00000890      0x214 ./Drivers/STM32F4xx_HAL_Driver/Src/stm32f4xx_hal.o
 .debug_abbrev  0x00000aa4      0x31d ./Drivers/STM32F4xx_HAL_Driver/Src/stm32f4xx_hal_cortex.o
 .debug_abbrev  0x00000dc1      0x1d4 ./Drivers/STM32F4xx_HAL_Driver/Src/stm32f4xx_hal_gpio.o
 .debug_abbrev  0x00000f95      0x2b7 ./Drivers/STM32F4xx_HAL_Driver/Src/stm32f4xx_hal_rcc.o
 .debug_abbrev  0x0000124c      0x278 ./Drivers/STM32F4xx_HAL_Driver/Src/stm32f4xx_hal_tim.o
 .debug_abbrev  0x000014c4      0x283 ./Drivers/STM32F4xx_HAL_Driver/Src/stm32f4xx_hal_tim_ex.o
 .debug_abbrev  0x00001747      0x12a ./ThirdParty/FreeRTOS/list.o
 .debug_abbrev  0x00001871      0x36e ./ThirdParty/FreeRTOS/tasks.o
 .debug_abbrev  0x00001bdf      0x248 ./ThirdParty/FreeRTOS/portable/GCC/ARM_CM4F/port.o
 .debug_abbrev  0x00001e27      0x258 ./ThirdParty/FreeRTOS/portable/MemMang/heap_4.o
 .debug_abbrev  0x0000207f      0x1c0 ./ThirdParty/SEGGER/OS/SEGGER_SYSVIEW_FreeRTOS.o
 .debug_abbrev  0x0000223f      0x230 ./ThirdParty/SEGGER/SEGGER/SEGGER_RTT.o
 .debug_abbrev  0x0000246f       0x14 ./ThirdParty/SEGGER/SEGGER/SEGGER_RTT_ASM_ARMv7M.o
 .debug_abbrev  0x00002483      0x340 ./ThirdParty/SEGGER/SEGGER/SEGGER_SYSVIEW.o

.debug_aranges  0x00000000     0x1160
 .debug_aranges
                0x00000000       0x58 ./Core/Src/main.o
 .debug_aranges
                0x00000058       0x20 ./Core/Src/stm32f4xx_hal_msp.o
 .debug_aranges
                0x00000078       0x30 ./Core/Src/stm32f4xx_hal_timebase_tim.o
 .debug_aranges
                0x000000a8       0x50 ./Core/Src/stm32f4xx_it.o
 .debug_aranges
                0x000000f8       0x28 ./Core/Src/system_stm32f4xx.o
 .debug_aranges
                0x00000120       0x28 ./Core/Startup/startup_stm32f407vgtx.o
 .debug_aranges
                0x00000148       0xf0 ./Drivers/STM32F4xx_HAL_Driver/Src/stm32f4xx_hal.o
 .debug_aranges
                0x00000238      0x130 ./Drivers/STM32F4xx_HAL_Driver/Src/stm32f4xx_hal_cortex.o
 .debug_aranges
                0x00000368       0x58 ./Drivers/STM32F4xx_HAL_Driver/Src/stm32f4xx_hal_gpio.o
 .debug_aranges
                0x000003c0       0x88 ./Drivers/STM32F4xx_HAL_Driver/Src/stm32f4xx_hal_rcc.o
 .debug_aranges
                0x00000448      0x3d0 ./Drivers/STM32F4xx_HAL_Driver/Src/stm32f4xx_hal_tim.o
 .debug_aranges
                0x00000818      0x168 ./Drivers/STM32F4xx_HAL_Driver/Src/stm32f4xx_hal_tim_ex.o
 .debug_aranges
                0x00000980       0x40 ./ThirdParty/FreeRTOS/list.o
 .debug_aranges
                0x000009c0      0x218 ./ThirdParty/FreeRTOS/tasks.o
 .debug_aranges
                0x00000bd8       0x88 ./ThirdParty/FreeRTOS/portable/GCC/ARM_CM4F/port.o
 .debug_aranges
                0x00000c60       0x60 ./ThirdParty/FreeRTOS/portable/MemMang/heap_4.o
 .debug_aranges
                0x00000cc0       0x48 ./ThirdParty/SEGGER/OS/SEGGER_SYSVIEW_FreeRTOS.o
 .debug_aranges
                0x00000d08      0x138 ./ThirdParty/SEGGER/SEGGER/SEGGER_RTT.o
 .debug_aranges
                0x00000e40       0x20 ./ThirdParty/SEGGER/SEGGER/SEGGER_RTT_ASM_ARMv7M.o
 .debug_aranges
                0x00000e60      0x300 ./ThirdParty/SEGGER/SEGGER/SEGGER_SYSVIEW.o

.debug_rnglists
                0x00000000      0xd6b
 .debug_rnglists
                0x00000000       0x40 ./Core/Src/main.o
 .debug_rnglists
                0x00000040       0x13 ./Core/Src/stm32f4xx_hal_msp.o
 .debug_rnglists
                0x00000053       0x20 ./Core/Src/stm32f4xx_hal_timebase_tim.o
 .debug_rnglists
                0x00000073       0x37 ./Core/Src/stm32f4xx_it.o
 .debug_rnglists
                0x000000aa       0x1a ./Core/Src/system_stm32f4xx.o
 .debug_rnglists
                0x000000c4       0x19 ./Core/Startup/startup_stm32f407vgtx.o
 .debug_rnglists
                0x000000dd       0xaf ./Drivers/STM32F4xx_HAL_Driver/Src/stm32f4xx_hal.o
 .debug_rnglists
                0x0000018c       0xe0 ./Drivers/STM32F4xx_HAL_Driver/Src/stm32f4xx_hal_cortex.o
 .debug_rnglists
                0x0000026c       0x3f ./Drivers/STM32F4xx_HAL_Driver/Src/stm32f4xx_hal_gpio.o
 .debug_rnglists
                0x000002ab       0x66 ./Drivers/STM32F4xx_HAL_Driver/Src/stm32f4xx_hal_rcc.o
 .debug_rnglists
                0x00000311      0x31a ./Drivers/STM32F4xx_HAL_Driver/Src/stm32f4xx_hal_tim.o
 .debug_rnglists
                0x0000062b      0x125 ./Drivers/STM32F4xx_HAL_Driver/Src/stm32f4xx_hal_tim_ex.o
 .debug_rnglists
                0x00000750       0x2c ./ThirdParty/FreeRTOS/list.o
 .debug_rnglists
                0x0000077c      0x1b0 ./ThirdParty/FreeRTOS/tasks.o
 .debug_rnglists
                0x0000092c       0x64 ./ThirdParty/FreeRTOS/portable/GCC/ARM_CM4F/port.o
 .debug_rnglists
                0x00000990       0x48 ./ThirdParty/FreeRTOS/portable/MemMang/heap_4.o
 .debug_rnglists
                0x000009d8       0x36 ./ThirdParty/SEGGER/OS/SEGGER_SYSVIEW_FreeRTOS.o
 .debug_rnglists
                0x00000a0e       0xf5 ./ThirdParty/SEGGER/SEGGER/SEGGER_RTT.o
 .debug_rnglists
                0x00000b03      0x268 ./ThirdParty/SEGGER/SEGGER/SEGGER_SYSVIEW.o

.debug_macro    0x00000000    0x23f43
 .debug_macro   0x00000000      0x37b ./Core/Src/main.o
 .debug_macro   0x0000037b      0xad8 ./Core/Src/main.o
 .debug_macro   0x00000e53      0x295 ./Core/Src/main.o
 .debug_macro   0x000010e8       0x2e ./Core/Src/main.o
 .debug_macro   0x00001116       0x2f ./Core/Src/main.o
 .debug_macro   0x00001145       0x22 ./Core/Src/main.o
 .debug_macro   0x00001167       0x8e ./Core/Src/main.o
 .debug_macro   0x000011f5       0x51 ./Core/Src/main.o
 .debug_macro   0x00001246      0x103 ./Core/Src/main.o
 .debug_macro   0x00001349       0x6a ./Core/Src/main.o
 .debug_macro   0x000013b3      0x1df ./Core/Src/main.o
 .debug_macro   0x00001592       0x1c ./Core/Src/main.o
 .debug_macro   0x000015ae       0x22 ./Core/Src/main.o
 .debug_macro   0x000015d0       0xfb ./Core/Src/main.o
 .debug_macro   0x000016cb     0x1011 ./Core/Src/main.o
 .debug_macro   0x000026dc      0x11f ./Core/Src/main.o
 .debug_macro   0x000027fb    0x15ea5 ./Core/Src/main.o
 .debug_macro   0x000186a0       0x6d ./Core/Src/main.o
 .debug_macro   0x0001870d     0x3693 ./Core/Src/main.o
 .debug_macro   0x0001bda0      0x190 ./Core/Src/main.o
 .debug_macro   0x0001bf30       0x5c ./Core/Src/main.o
 .debug_macro   0x0001bf8c      0x980 ./Core/Src/main.o
 .debug_macro   0x0001c90c      0x9e9 ./Core/Src/main.o
 .debug_macro   0x0001d2f5      0x115 ./Core/Src/main.o
 .debug_macro   0x0001d40a      0x13e ./Core/Src/main.o
 .debug_macro   0x0001d548       0xa5 ./Core/Src/main.o
 .debug_macro   0x0001d5ed      0x174 ./Core/Src/main.o
 .debug_macro   0x0001d761      0x287 ./Core/Src/main.o
 .debug_macro   0x0001d9e8       0x5f ./Core/Src/main.o
 .debug_macro   0x0001da47      0x236 ./Core/Src/main.o
 .debug_macro   0x0001dc7d      0x12c ./Core/Src/main.o
 .debug_macro   0x0001dda9      0x21e ./Core/Src/main.o
 .debug_macro   0x0001dfc7       0x2e ./Core/Src/main.o
 .debug_macro   0x0001dff5      0x127 ./Core/Src/main.o
 .debug_macro   0x0001e11c       0x7e ./Core/Src/main.o
 .debug_macro   0x0001e19a       0x89 ./Core/Src/main.o
 .debug_macro   0x0001e223      0x8ed ./Core/Src/main.o
 .debug_macro   0x0001eb10       0x4d ./Core/Src/main.o
 .debug_macro   0x0001eb5d      0x12d ./Core/Src/main.o
 .debug_macro   0x0001ec8a      0x1a5 ./Core/Src/main.o
 .debug_macro   0x0001ee2f       0x16 ./Core/Src/main.o
 .debug_macro   0x0001ee45      0x112 ./Core/Src/main.o
 .debug_macro   0x0001ef57       0x58 ./Core/Src/main.o
 .debug_macro   0x0001efaf       0x46 ./Core/Src/main.o
 .debug_macro   0x0001eff5       0x63 ./Core/Src/main.o
 .debug_macro   0x0001f058       0x49 ./Core/Src/main.o
 .debug_macro   0x0001f0a1       0xd1 ./Core/Src/main.o
 .debug_macro   0x0001f172      0x233 ./Core/Src/main.o
 .debug_macro   0x0001f3a5      0xf6b ./Core/Src/main.o
 .debug_macro   0x00020310       0x1c ./Core/Src/main.o
 .debug_macro   0x0002032c      0x182 ./Core/Src/main.o
 .debug_macro   0x000204ae       0xee ./Core/Src/main.o
 .debug_macro   0x0002059c       0x2e ./Core/Src/main.o
 .debug_macro   0x000205ca       0x1f ./Core/Src/main.o
 .debug_macro   0x000205e9       0x12 ./Core/Src/main.o
 .debug_macro   0x000205fb      0x68b ./Core/Src/main.o
 .debug_macro   0x00020c86       0xc3 ./Core/Src/main.o
 .debug_macro   0x00020d49      0x14f ./Core/Src/main.o
 .debug_macro   0x00020e98       0x61 ./Core/Src/main.o
 .debug_macro   0x00020ef9       0x2a ./Core/Src/main.o
 .debug_macro   0x00020f23       0x43 ./Core/Src/main.o
 .debug_macro   0x00020f66       0x34 ./Core/Src/main.o
 .debug_macro   0x00020f9a       0x16 ./Core/Src/main.o
 .debug_macro   0x00020fb0       0x3c ./Core/Src/main.o
 .debug_macro   0x00020fec      0x370 ./Core/Src/main.o
 .debug_macro   0x0002135c       0x16 ./Core/Src/main.o
 .debug_macro   0x00021372       0x4a ./Core/Src/main.o
 .debug_macro   0x000213bc       0x34 ./Core/Src/main.o
 .debug_macro   0x000213f0       0x10 ./Core/Src/main.o
 .debug_macro   0x00021400       0x58 ./Core/Src/main.o
 .debug_macro   0x00021458       0x8e ./Core/Src/main.o
 .debug_macro   0x000214e6       0x1c ./Core/Src/main.o
 .debug_macro   0x00021502      0x185 ./Core/Src/main.o
 .debug_macro   0x00021687       0x16 ./Core/Src/main.o
 .debug_macro   0x0002169d       0x16 ./Core/Src/main.o
 .debug_macro   0x000216b3      0x146 ./Core/Src/main.o
 .debug_macro   0x000217f9      0x294 ./Core/Src/stm32f4xx_hal_msp.o
 .debug_macro   0x00021a8d      0x1c4 ./Core/Src/stm32f4xx_hal_timebase_tim.o
 .debug_macro   0x00021c51      0x1dd ./Core/Src/stm32f4xx_it.o
 .debug_macro   0x00021e2e      0x1c4 ./Core/Src/system_stm32f4xx.o
 .debug_macro   0x00021ff2      0x224 ./Drivers/STM32F4xx_HAL_Driver/Src/stm32f4xx_hal.o
 .debug_macro   0x00022216      0x1c4 ./Drivers/STM32F4xx_HAL_Driver/Src/stm32f4xx_hal_cortex.o
 .debug_macro   0x000223da      0x1ca ./Drivers/STM32F4xx_HAL_Driver/Src/stm32f4xx_hal_gpio.o
 .debug_macro   0x000225a4      0x1e8 ./Drivers/STM32F4xx_HAL_Driver/Src/stm32f4xx_hal_rcc.o
 .debug_macro   0x0002278c      0x1c5 ./Drivers/STM32F4xx_HAL_Driver/Src/stm32f4xx_hal_tim.o
 .debug_macro   0x00022951      0x1c4 ./Drivers/STM32F4xx_HAL_Driver/Src/stm32f4xx_hal_tim_ex.o
 .debug_macro   0x00022b15      0x204 ./ThirdParty/FreeRTOS/list.o
 .debug_macro   0x00022d19      0x320 ./ThirdParty/FreeRTOS/tasks.o
 .debug_macro   0x00023039       0x17 ./ThirdParty/FreeRTOS/tasks.o
 .debug_macro   0x00023050      0x231 ./ThirdParty/FreeRTOS/portable/GCC/ARM_CM4F/port.o
 .debug_macro   0x00023281      0x299 ./ThirdParty/FreeRTOS/portable/MemMang/heap_4.o
 .debug_macro   0x0002351a      0x213 ./ThirdParty/SEGGER/OS/SEGGER_SYSVIEW_FreeRTOS.o
 .debug_macro   0x0002372d      0x1e9 ./ThirdParty/SEGGER/SEGGER/SEGGER_RTT.o
 .debug_macro   0x00023916       0x35 ./ThirdParty/SEGGER/SEGGER/SEGGER_RTT.o
 .debug_macro   0x0002394b      0x138 ./ThirdParty/SEGGER/SEGGER/SEGGER_RTT.o
 .debug_macro   0x00023a83      0x252 ./ThirdParty/SEGGER/SEGGER/SEGGER_SYSVIEW.o
 .debug_macro   0x00023cd5      0x233 ./ThirdParty/SEGGER/SEGGER/SEGGER_SYSVIEW.o
 .debug_macro   0x00023f08       0x3b ./ThirdParty/SEGGER/SEGGER/SEGGER_SYSVIEW.o

.debug_line     0x00000000    0x12c59
 .debug_line    0x00000000      0xd46 ./Core/Src/main.o
 .debug_line    0x00000d46      0x9ce ./Core/Src/stm32f4xx_hal_msp.o
 .debug_line    0x00001714      0x741 ./Core/Src/stm32f4xx_hal_timebase_tim.o
 .debug_line    0x00001e55      0x74c ./Core/Src/stm32f4xx_it.o
 .debug_line    0x000025a1      0x739 ./Core/Src/system_stm32f4xx.o
 .debug_line    0x00002cda       0x7a ./Core/Startup/startup_stm32f407vgtx.o
 .debug_line    0x00002d54      0x9b5 ./Drivers/STM32F4xx_HAL_Driver/Src/stm32f4xx_hal.o
 .debug_line    0x00003709      0xc85 ./Drivers/STM32F4xx_HAL_Driver/Src/stm32f4xx_hal_cortex.o
 .debug_line    0x0000438e      0xb0d ./Drivers/STM32F4xx_HAL_Driver/Src/stm32f4xx_hal_gpio.o
 .debug_line    0x00004e9b      0xdc4 ./Drivers/STM32F4xx_HAL_Driver/Src/stm32f4xx_hal_rcc.o
 .debug_line    0x00005c5f     0x372a ./Drivers/STM32F4xx_HAL_Driver/Src/stm32f4xx_hal_tim.o
 .debug_line    0x00009389     0x1915 ./Drivers/STM32F4xx_HAL_Driver/Src/stm32f4xx_hal_tim_ex.o
 .debug_line    0x0000ac9e      0x971 ./ThirdParty/FreeRTOS/list.o
 .debug_line    0x0000b60f     0x2299 ./ThirdParty/FreeRTOS/tasks.o
 .debug_line    0x0000d8a8      0xac9 ./ThirdParty/FreeRTOS/portable/GCC/ARM_CM4F/port.o
 .debug_line    0x0000e371      0xc96 ./ThirdParty/FreeRTOS/portable/MemMang/heap_4.o
 .debug_line    0x0000f007      0xa03 ./ThirdParty/SEGGER/OS/SEGGER_SYSVIEW_FreeRTOS.o
 .debug_line    0x0000fa0a      0xf07 ./ThirdParty/SEGGER/SEGGER/SEGGER_RTT.o
 .debug_line    0x00010911       0x86 ./ThirdParty/SEGGER/SEGGER/SEGGER_RTT_ASM_ARMv7M.o
 .debug_line    0x00010997     0x22c2 ./ThirdParty/SEGGER/SEGGER/SEGGER_SYSVIEW.o

.debug_str      0x00000000    0xe525c
 .debug_str     0x00000000    0xe525c ./Core/Src/main.o
                              0xdd523 (size before relaxing)
 .debug_str     0x000e525c    0xd753b ./Core/Src/stm32f4xx_hal_msp.o
 .debug_str     0x000e525c    0xc2d2c ./Core/Src/stm32f4xx_hal_timebase_tim.o
 .debug_str     0x000e525c    0xc2cdc ./Core/Src/stm32f4xx_it.o
 .debug_str     0x000e525c    0xc2235 ./Core/Src/system_stm32f4xx.o
 .debug_str     0x000e525c       0x81 ./Core/Startup/startup_stm32f407vgtx.o
 .debug_str     0x000e525c    0xc2db9 ./Drivers/STM32F4xx_HAL_Driver/Src/stm32f4xx_hal.o
 .debug_str     0x000e525c    0xc2b35 ./Drivers/STM32F4xx_HAL_Driver/Src/stm32f4xx_hal_cortex.o
 .debug_str     0x000e525c    0xc23b0 ./Drivers/STM32F4xx_HAL_Driver/Src/stm32f4xx_hal_gpio.o
 .debug_str     0x000e525c    0xc2669 ./Drivers/STM32F4xx_HAL_Driver/Src/stm32f4xx_hal_rcc.o
 .debug_str     0x000e525c    0xc35bf ./Drivers/STM32F4xx_HAL_Driver/Src/stm32f4xx_hal_tim.o
 .debug_str     0x000e525c    0xc2dcb ./Drivers/STM32F4xx_HAL_Driver/Src/stm32f4xx_hal_tim_ex.o
 .debug_str     0x000e525c    0x1cd9b ./ThirdParty/FreeRTOS/list.o
 .debug_str     0x000e525c    0x20676 ./ThirdParty/FreeRTOS/tasks.o
 .debug_str     0x000e525c    0x1b840 ./ThirdParty/FreeRTOS/portable/GCC/ARM_CM4F/port.o
 .debug_str     0x000e525c    0x1e85b ./ThirdParty/FreeRTOS/portable/MemMang/heap_4.o
 .debug_str     0x000e525c    0x1e179 ./ThirdParty/SEGGER/OS/SEGGER_SYSVIEW_FreeRTOS.o
 .debug_str     0x000e525c     0x88a1 ./ThirdParty/SEGGER/SEGGER/SEGGER_RTT.o
 .debug_str     0x000e525c       0x7f ./ThirdParty/SEGGER/SEGGER/SEGGER_RTT_ASM_ARMv7M.o
 .debug_str     0x000e525c     0xacfe ./ThirdParty/SEGGER/SEGGER/SEGGER_SYSVIEW.o

.comment        0x00000000       0x43
 .comment       0x00000000       0x43 ./Core/Src/main.o
                                 0x44 (size before relaxing)
 .comment       0x00000043       0x44 ./Core/Src/stm32f4xx_hal_msp.o
 .comment       0x00000043       0x44 ./Core/Src/stm32f4xx_hal_timebase_tim.o
 .comment       0x00000043       0x44 ./Core/Src/stm32f4xx_it.o
 .comment       0x00000043       0x44 ./Core/Src/system_stm32f4xx.o
 .comment       0x00000043       0x44 ./Drivers/STM32F4xx_HAL_Driver/Src/stm32f4xx_hal.o
 .comment       0x00000043       0x44 ./Drivers/STM32F4xx_HAL_Driver/Src/stm32f4xx_hal_cortex.o
 .comment       0x00000043       0x44 ./Drivers/STM32F4xx_HAL_Driver/Src/stm32f4xx_hal_gpio.o
 .comment       0x00000043       0x44 ./Drivers/STM32F4xx_HAL_Driver/Src/stm32f4xx_hal_rcc.o
 .comment       0x00000043       0x44 ./Drivers/STM32F4xx_HAL_Driver/Src/stm32f4xx_hal_tim.o
 .comment       0x00000043       0x44 ./Drivers/STM32F4xx_HAL_Driver/Src/stm32f4xx_hal_tim_ex.o
 .comment       0x00000043       0x44 ./ThirdParty/FreeRTOS/list.o
 .comment       0x00000043       0x44 ./ThirdParty/FreeRTOS/tasks.o
 .comment       0x00000043       0x44 ./ThirdParty/FreeRTOS/portable/GCC/ARM_CM4F/port.o
 .comment       0x00000043       0x44 ./ThirdParty/FreeRTOS/portable/MemMang/heap_4.o
 .comment       0x00000043       0x44 ./ThirdParty/SEGGER/OS/SEGGER_SYSVIEW_FreeRTOS.o
 .comment       0x00000043       0x44 ./ThirdParty/SEGGER/SEGGER/SEGGER_RTT.o
 .comment       0x00000043       0x44 ./ThirdParty/SEGGER/SEGGER/SEGGER_SYSVIEW.o

.debug_frame    0x00000000     0x48f0
 .debug_frame   0x00000000      0x118 ./Core/Src/main.o
 .debug_frame   0x00000118       0x34 ./Core/Src/stm32f4xx_hal_msp.o
 .debug_frame   0x0000014c       0x74 ./Core/Src/stm32f4xx_hal_timebase_tim.o
 .debug_frame   0x000001c0       0xc4 ./Core/Src/stm32f4xx_it.o
 .debug_frame   0x00000284       0x58 ./Core/Src/system_stm32f4xx.o
 .debug_frame   0x000002dc      0x374 ./Drivers/STM32F4xx_HAL_Driver/Src/stm32f4xx_hal.o
 .debug_frame   0x00000650      0x508 ./Drivers/STM32F4xx_HAL_Driver/Src/stm32f4xx_hal_cortex.o
 .debug_frame   0x00000b58      0x14c ./Drivers/STM32F4xx_HAL_Driver/Src/stm32f4xx_hal_gpio.o
 .debug_frame   0x00000ca4      0x1f4 ./Drivers/STM32F4xx_HAL_Driver/Src/stm32f4xx_hal_rcc.o
 .debug_frame   0x00000e98     0x11c0 ./Drivers/STM32F4xx_HAL_Driver/Src/stm32f4xx_hal_tim.o
 .debug_frame   0x00002058      0x638 ./Drivers/STM32F4xx_HAL_Driver/Src/stm32f4xx_hal_tim_ex.o
 .debug_frame   0x00002690       0xcc ./ThirdParty/FreeRTOS/list.o
 .debug_frame   0x0000275c      0x934 ./ThirdParty/FreeRTOS/tasks.o
 .debug_frame   0x00003090      0x1d0 ./ThirdParty/FreeRTOS/portable/GCC/ARM_CM4F/port.o
 .debug_frame   0x00003260      0x154 ./ThirdParty/FreeRTOS/portable/MemMang/heap_4.o
 .debug_frame   0x000033b4      0x104 ./ThirdParty/SEGGER/OS/SEGGER_SYSVIEW_FreeRTOS.o
 .debug_frame   0x000034b8      0x52c ./ThirdParty/SEGGER/SEGGER/SEGGER_RTT.o
 .debug_frame   0x000039e4      0xe10 ./ThirdParty/SEGGER/SEGGER/SEGGER_SYSVIEW.o
 .debug_frame   0x000047f4       0x28 /Applications/STM32CubeIDE.app/Contents/Eclipse/plugins/com.st.stm32cube.ide.mcu.externaltools.gnu-tools-for-stm32.13.3.rel1.macos64_1.0.0.202411102158/tools/bin/../lib/gcc/arm-none-eabi/13.3.1/../../../../arm-none-eabi/lib/thumb/v7e-m+fp/hard/libc_nano.a(libc_a-memcmp.o)
 .debug_frame   0x0000481c       0x20 /Applications/STM32CubeIDE.app/Contents/Eclipse/plugins/com.st.stm32cube.ide.mcu.externaltools.gnu-tools-for-stm32.13.3.rel1.macos64_1.0.0.202411102158/tools/bin/../lib/gcc/arm-none-eabi/13.3.1/../../../../arm-none-eabi/lib/thumb/v7e-m+fp/hard/libc_nano.a(libc_a-memset.o)
 .debug_frame   0x0000483c       0x2c /Applications/STM32CubeIDE.app/Contents/Eclipse/plugins/com.st.stm32cube.ide.mcu.externaltools.gnu-tools-for-stm32.13.3.rel1.macos64_1.0.0.202411102158/tools/bin/../lib/gcc/arm-none-eabi/13.3.1/../../../../arm-none-eabi/lib/thumb/v7e-m+fp/hard/libc_nano.a(libc_a-init.o)
 .debug_frame   0x00004868       0x28 /Applications/STM32CubeIDE.app/Contents/Eclipse/plugins/com.st.stm32cube.ide.mcu.externaltools.gnu-tools-for-stm32.13.3.rel1.macos64_1.0.0.202411102158/tools/bin/../lib/gcc/arm-none-eabi/13.3.1/../../../../arm-none-eabi/lib/thumb/v7e-m+fp/hard/libc_nano.a(libc_a-memcpy-stub.o)
 .debug_frame   0x00004890       0x2c /Applications/STM32CubeIDE.app/Contents/Eclipse/plugins/com.st.stm32cube.ide.mcu.externaltools.gnu-tools-for-stm32.13.3.rel1.macos64_1.0.0.202411102158/tools/bin/../lib/gcc/arm-none-eabi/13.3.1/thumb/v7e-m+fp/hard/libgcc.a(_aeabi_uldivmod.o)
 .debug_frame   0x000048bc       0x34 /Applications/STM32CubeIDE.app/Contents/Eclipse/plugins/com.st.stm32cube.ide.mcu.externaltools.gnu-tools-for-stm32.13.3.rel1.macos64_1.0.0.202411102158/tools/bin/../lib/gcc/arm-none-eabi/13.3.1/thumb/v7e-m+fp/hard/libgcc.a(_udivmoddi4.o)

.debug_line_str
                0x00000000       0x99
 .debug_line_str
                0x00000000       0x99 ./Core/Startup/startup_stm32f407vgtx.o
                                 0x65 (size before relaxing)
 .debug_line_str
                0x00000099       0x71 ./ThirdParty/SEGGER/SEGGER/SEGGER_RTT_ASM_ARMv7M.o
