Archive member included to satisfy reference by file (symbol)

/Applications/STM32CubeIDE.app/Contents/Eclipse/plugins/com.st.stm32cube.ide.mcu.externaltools.gnu-tools-for-stm32.13.3.rel1.macos64_1.0.0.202411102158/tools/bin/../lib/gcc/arm-none-eabi/13.3.1/../../../../arm-none-eabi/lib/thumb/v7e-m+fp/hard/libc_nano.a(libc_a-exit.o)
                              /Applications/STM32CubeIDE.app/Contents/Eclipse/plugins/com.st.stm32cube.ide.mcu.externaltools.gnu-tools-for-stm32.13.3.rel1.macos64_1.0.0.202411102158/tools/bin/../lib/gcc/arm-none-eabi/13.3.1/../../../../arm-none-eabi/lib/thumb/v7e-m+fp/hard/crt0.o (exit)
/Applications/STM32CubeIDE.app/Contents/Eclipse/plugins/com.st.stm32cube.ide.mcu.externaltools.gnu-tools-for-stm32.13.3.rel1.macos64_1.0.0.202411102158/tools/bin/../lib/gcc/arm-none-eabi/13.3.1/../../../../arm-none-eabi/lib/thumb/v7e-m+fp/hard/libc_nano.a(libc_a-sprintf.o)
                              ./Core/Src/rtc.o (sprintf)
/Applications/STM32CubeIDE.app/Contents/Eclipse/plugins/com.st.stm32cube.ide.mcu.externaltools.gnu-tools-for-stm32.13.3.rel1.macos64_1.0.0.202411102158/tools/bin/../lib/gcc/arm-none-eabi/13.3.1/../../../../arm-none-eabi/lib/thumb/v7e-m+fp/hard/libc_nano.a(libc_a-findfp.o)
                              /Applications/STM32CubeIDE.app/Contents/Eclipse/plugins/com.st.stm32cube.ide.mcu.externaltools.gnu-tools-for-stm32.13.3.rel1.macos64_1.0.0.202411102158/tools/bin/../lib/gcc/arm-none-eabi/13.3.1/../../../../arm-none-eabi/lib/thumb/v7e-m+fp/hard/libc_nano.a(libc_a-exit.o) (__stdio_exit_handler)
/Applications/STM32CubeIDE.app/Contents/Eclipse/plugins/com.st.stm32cube.ide.mcu.externaltools.gnu-tools-for-stm32.13.3.rel1.macos64_1.0.0.202411102158/tools/bin/../lib/gcc/arm-none-eabi/13.3.1/../../../../arm-none-eabi/lib/thumb/v7e-m+fp/hard/libc_nano.a(libc_a-fwalk.o)
                              /Applications/STM32CubeIDE.app/Contents/Eclipse/plugins/com.st.stm32cube.ide.mcu.externaltools.gnu-tools-for-stm32.13.3.rel1.macos64_1.0.0.202411102158/tools/bin/../lib/gcc/arm-none-eabi/13.3.1/../../../../arm-none-eabi/lib/thumb/v7e-m+fp/hard/libc_nano.a(libc_a-findfp.o) (_fwalk_sglue)
/Applications/STM32CubeIDE.app/Contents/Eclipse/plugins/com.st.stm32cube.ide.mcu.externaltools.gnu-tools-for-stm32.13.3.rel1.macos64_1.0.0.202411102158/tools/bin/../lib/gcc/arm-none-eabi/13.3.1/../../../../arm-none-eabi/lib/thumb/v7e-m+fp/hard/libc_nano.a(libc_a-printf.o)
                              ./Core/Src/rtc.o (printf)
/Applications/STM32CubeIDE.app/Contents/Eclipse/plugins/com.st.stm32cube.ide.mcu.externaltools.gnu-tools-for-stm32.13.3.rel1.macos64_1.0.0.202411102158/tools/bin/../lib/gcc/arm-none-eabi/13.3.1/../../../../arm-none-eabi/lib/thumb/v7e-m+fp/hard/libc_nano.a(libc_a-memset.o)
                              /Applications/STM32CubeIDE.app/Contents/Eclipse/plugins/com.st.stm32cube.ide.mcu.externaltools.gnu-tools-for-stm32.13.3.rel1.macos64_1.0.0.202411102158/tools/bin/../lib/gcc/arm-none-eabi/13.3.1/../../../../arm-none-eabi/lib/thumb/v7e-m+fp/hard/crt0.o (memset)
/Applications/STM32CubeIDE.app/Contents/Eclipse/plugins/com.st.stm32cube.ide.mcu.externaltools.gnu-tools-for-stm32.13.3.rel1.macos64_1.0.0.202411102158/tools/bin/../lib/gcc/arm-none-eabi/13.3.1/../../../../arm-none-eabi/lib/thumb/v7e-m+fp/hard/libc_nano.a(libc_a-errno.o)
                              ./Core/Src/syscalls.o (__errno)
/Applications/STM32CubeIDE.app/Contents/Eclipse/plugins/com.st.stm32cube.ide.mcu.externaltools.gnu-tools-for-stm32.13.3.rel1.macos64_1.0.0.202411102158/tools/bin/../lib/gcc/arm-none-eabi/13.3.1/../../../../arm-none-eabi/lib/thumb/v7e-m+fp/hard/libc_nano.a(libc_a-init.o)
                              /Applications/STM32CubeIDE.app/Contents/Eclipse/plugins/com.st.stm32cube.ide.mcu.externaltools.gnu-tools-for-stm32.13.3.rel1.macos64_1.0.0.202411102158/tools/bin/../lib/gcc/arm-none-eabi/13.3.1/../../../../arm-none-eabi/lib/thumb/v7e-m+fp/hard/crt0.o (__libc_init_array)
/Applications/STM32CubeIDE.app/Contents/Eclipse/plugins/com.st.stm32cube.ide.mcu.externaltools.gnu-tools-for-stm32.13.3.rel1.macos64_1.0.0.202411102158/tools/bin/../lib/gcc/arm-none-eabi/13.3.1/../../../../arm-none-eabi/lib/thumb/v7e-m+fp/hard/libc_nano.a(libc_a-lock.o)
                              /Applications/STM32CubeIDE.app/Contents/Eclipse/plugins/com.st.stm32cube.ide.mcu.externaltools.gnu-tools-for-stm32.13.3.rel1.macos64_1.0.0.202411102158/tools/bin/../lib/gcc/arm-none-eabi/13.3.1/../../../../arm-none-eabi/lib/thumb/v7e-m+fp/hard/libc_nano.a(libc_a-findfp.o) (__retarget_lock_init_recursive)
/Applications/STM32CubeIDE.app/Contents/Eclipse/plugins/com.st.stm32cube.ide.mcu.externaltools.gnu-tools-for-stm32.13.3.rel1.macos64_1.0.0.202411102158/tools/bin/../lib/gcc/arm-none-eabi/13.3.1/../../../../arm-none-eabi/lib/thumb/v7e-m+fp/hard/libc_nano.a(libc_a-impure.o)
[...]
Memory Configuration

Name             Origin             Length             Attributes
CCMRAM           0x10000000         0x00010000         xrw
RAM              0x20000000         0x00020000         xrw
FLASH            0x08000000         0x00100000         xr
*default*        0x00000000         0xffffffff

Linker script and memory map

LOAD /Applications/STM32CubeIDE.app/Contents/Eclipse/plugins/com.st.stm32cube.ide.mcu.externaltools.gnu-tools-for-stm32.13.3.rel1.macos64_1.0.0.202411102158/tools/bin/../lib/gcc/arm-none-eabi/13.3.1/thumb/v7e-m+fp/hard/crti.o
LOAD /Applications/STM32CubeIDE.app/Contents/Eclipse/plugins/com.st.stm32cube.ide.mcu.externaltools.gnu-tools-for-stm32.13.3.rel1.macos64_1.0.0.202411102158/tools/bin/../lib/gcc/arm-none-eabi/13.3.1/thumb/v7e-m+fp/hard/crtbegin.o
LOAD /Applications/STM32CubeIDE.app/Contents/Eclipse/plugins/com.st.stm32cube.ide.mcu.externaltools.gnu-tools-for-stm32.13.3.rel1.macos64_1.0.0.202411102158/tools/bin/../lib/gcc/arm-none-eabi/13.3.1/../../../../arm-none-eabi/lib/thumb/v7e-m+fp/hard/crt0.o
LOAD ./Core/Src/led_effect.o
LOAD ./Core/Src/main.o
LOAD ./Core/Src/rtc.o
LOAD ./Core/Src/stm32f4xx_hal_msp.o
LOAD ./Core/Src/stm32f4xx_hal_timebase_tim.o
LOAD ./Core/Src/stm32f4xx_it.o
LOAD ./Core/Src/syscalls.o
LOAD ./Core/Src/sysmem.o
LOAD ./Core/Src/system_stm32f4xx.o
LOAD ./Core/Src/task_handler.o
LOAD ./Core/Startup/startup_stm32f407vgtx.o
LOAD ./Drivers/STM32F4xx_HAL_Driver/Src/stm32f4xx_hal.o
LOAD ./Drivers/STM32F4xx_HAL_Driver/Src/stm32f4xx_hal_cortex.o
LOAD ./Drivers/STM32F4xx_HAL_Driver/Src/stm32f4xx_hal_dma.o
LOAD ./Drivers/STM32F4xx_HAL_Driver/Src/stm32f4xx_hal_dma_ex.o
LOAD ./Drivers/STM32F4xx_HAL_Driver/Src/stm32f4xx_hal_exti.o
LOAD ./Drivers/STM32F4xx_HAL_Driver/Src/stm32f4xx_hal_flash.o
LOAD ./Drivers/STM32F4xx_HAL_Driver/Src/stm32f4xx_hal_flash_ex.o
LOAD ./Drivers/STM32F4xx_HAL_Driver/Src/stm32f4xx_hal_flash_ramfunc.o
LOAD ./Drivers/STM32F4xx_HAL_Driver/Src/stm32f4xx_hal_gpio.o
LOAD ./Drivers/STM32F4xx_HAL_Driver/Src/stm32f4xx_hal_pwr.o
LOAD ./Drivers/STM32F4xx_HAL_Driver/Src/stm32f4xx_hal_pwr_ex.o
LOAD ./Drivers/STM32F4xx_HAL_Driver/Src/stm32f4xx_hal_rcc.o
LOAD ./Drivers/STM32F4xx_HAL_Driver/Src/stm32f4xx_hal_rcc_ex.o
LOAD ./Drivers/STM32F4xx_HAL_Driver/Src/stm32f4xx_hal_rtc.o
LOAD ./Drivers/STM32F4xx_HAL_Driver/Src/stm32f4xx_hal_rtc_ex.o
LOAD ./Drivers/STM32F4xx_HAL_Driver/Src/stm32f4xx_hal_tim.o
LOAD ./Drivers/STM32F4xx_HAL_Driver/Src/stm32f4xx_hal_tim_ex.o
LOAD ./Drivers/STM32F4xx_HAL_Driver/Src/stm32f4xx_hal_uart.o
LOAD ./ThirdParty/FreeRTOS/croutine.o
LOAD ./ThirdParty/FreeRTOS/event_groups.o
LOAD ./ThirdParty/FreeRTOS/list.o
LOAD ./ThirdParty/FreeRTOS/queue.o
LOAD ./ThirdParty/FreeRTOS/stream_buffer.o
LOAD ./ThirdParty/FreeRTOS/tasks.o
LOAD ./ThirdParty/FreeRTOS/timers.o
LOAD ./ThirdParty/FreeRTOS/portable/GCC/ARM_CM4F/port.o
LOAD ./ThirdParty/FreeRTOS/portable/MemMang/heap_4.o
START GROUP
LOAD /Applications/STM32CubeIDE.app/Contents/Eclipse/plugins/com.st.stm32cube.ide.mcu.externaltools.gnu-tools-for-stm32.13.3.rel1.macos64_1.0.0.202411102158/tools/bin/../lib/gcc/arm-none-eabi/13.3.1/../../../../arm-none-eabi/lib/thumb/v7e-m+fp/hard/libc_nano.a
LOAD /Applications/STM32CubeIDE.app/Contents/Eclipse/plugins/com.st.stm32cube.ide.mcu.externaltools.gnu-tools-for-stm32.13.3.rel1.macos64_1.0.0.202411102158/tools/bin/../lib/gcc/arm-none-eabi/13.3.1/../../../../arm-none-eabi/lib/thumb/v7e-m+fp/hard/libm.a
END GROUP
START GROUP
LOAD /Applications/STM32CubeIDE.app/Contents/Eclipse/plugins/com.st.stm32cube.ide.mcu.externaltools.gnu-tools-for-stm32.13.3.rel1.macos64_1.0.0.202411102158/tools/bin/../lib/gcc/arm-none-eabi/13.3.1/thumb/v7e-m+fp/hard/libgcc.a
LOAD /Applications/STM32CubeIDE.app/Contents/Eclipse/plugins/com.st.stm32cube.ide.mcu.externaltools.gnu-tools-for-stm32.13.3.rel1.macos64_1.0.0.202411102158/tools/bin/../lib/gcc/arm-none-eabi/13.3.1/../../../../arm-none-eabi/lib/thumb/v7e-m+fp/hard/libc_nano.a
END GROUP
START GROUP
LOAD /Applications/STM32CubeIDE.app/Contents/Eclipse/plugins/com.st.stm32cube.ide.mcu.externaltools.gnu-tools-for-stm32.13.3.rel1.macos64_1.0.0.202411102158/tools/bin/../lib/gcc/arm-none-eabi/13.3.1/thumb/v7e-m+fp/hard/libgcc.a
LOAD /Applications/STM32CubeIDE.app/Contents/Eclipse/plugins/com.st.stm32cube.ide.mcu.externaltools.gnu-tools-for-stm32.13.3.rel1.macos64_1.0.0.202411102158/tools/bin/../lib/gcc/arm-none-eabi/13.3.1/../../../../arm-none-eabi/lib/thumb/v7e-m+fp/hard/libc_nano.a
LOAD /Applications/STM32CubeIDE.app/Contents/Eclipse/plugins/com.st.stm32cube.ide.mcu.externaltools.gnu-tools-for-stm32.13.3.rel1.macos64_1.0.0.202411102158/tools/bin/../lib/gcc/arm-none-eabi/13.3.1/../../../../arm-none-eabi/lib/thumb/v7e-m+fp/hard/libnosys.a
END GROUP
START GROUP
LOAD /Applications/STM32CubeIDE.app/Contents/Eclipse/plugins/com.st.stm32cube.ide.mcu.externaltools.gnu-tools-for-stm32.13.3.rel1.macos64_1.0.0.202411102158/tools/bin/../lib/gcc/arm-none-eabi/13.3.1/thumb/v7e-m+fp/hard/libgcc.a
LOAD /Applications/STM32CubeIDE.app/Contents/Eclipse/plugins/com.st.stm32cube.ide.mcu.externaltools.gnu-tools-for-stm32.13.3.rel1.macos64_1.0.0.202411102158/tools/bin/../lib/gcc/arm-none-eabi/13.3.1/../../../../arm-none-eabi/lib/thumb/v7e-m+fp/hard/libc_nano.a
LOAD /Applications/STM32CubeIDE.app/Contents/Eclipse/plugins/com.st.stm32cube.ide.mcu.externaltools.gnu-tools-for-stm32.13.3.rel1.macos64_1.0.0.202411102158/tools/bin/../lib/gcc/arm-none-eabi/13.3.1/../../../../arm-none-eabi/lib/thumb/v7e-m+fp/hard/libnosys.a
END GROUP
LOAD /Applications/STM32CubeIDE.app/Contents/Eclipse/plugins/com.st.stm32cube.ide.mcu.externaltools.gnu-tools-for-stm32.13.3.rel1.macos64_1.0.0.202411102158/tools/bin/../lib/gcc/arm-none-eabi/13.3.1/thumb/v7e-m+fp/hard/crtend.o
LOAD /Applications/STM32CubeIDE.app/Contents/Eclipse/plugins/com.st.stm32cube.ide.mcu.externaltools.gnu-tools-for-stm32.13.3.rel1.macos64_1.0.0.202411102158/tools/bin/../lib/gcc/arm-none-eabi/13.3.1/thumb/v7e-m+fp/hard/crtn.o
                0x20020000                        _estack = (ORIGIN (RAM) + LENGTH (RAM))
                0x00000200                        _Min_Heap_Size = 0x200
                0x00000400                        _Min_Stack_Size = 0x400

.isr_vector     0x08000000      0x188
                0x08000000                        . = ALIGN (0x4)
 *(.isr_vector)
 .isr_vector    0x08000000      0x188 ./Core/Startup/startup_stm32f407vgtx.o
                0x08000000                g_pfnVectors
                0x08000188                        . = ALIGN (0x4)

.text           0x08000190     0x7404
                0x08000190                        . = ALIGN (0x4)
 *(.text)
 .text          0x08000190       0x40 /Applications/STM32CubeIDE.app/Contents/Eclipse/plugins/com.st.stm32cube.ide.mcu.externaltools.gnu-tools-for-stm32.13.3.rel1.macos64_1.0.0.202411102158/tools/bin/../lib/gcc/arm-none-eabi/13.3.1/thumb/v7e-m+fp/hard/crtbegin.o
 .text          0x080001d0       0x14 /Applications/STM32CubeIDE.app/Contents/Eclipse/plugins/com.st.stm32cube.ide.mcu.externaltools.gnu-tools-for-stm32.13.3.rel1.macos64_1.0.0.202411102158/tools/bin/../lib/gcc/arm-none-eabi/13.3.1/../../../../arm-none-eabi/lib/thumb/v7e-m+fp/hard/libc_nano.a(libc_a-strcmp.o)
                0x080001d0                strcmp
 .text          0x080001e4       0x10 /Applications/STM32CubeIDE.app/Contents/Eclipse/plugins/com.st.stm32cube.ide.mcu.externaltools.gnu-tools-for-stm32.13.3.rel1.macos64_1.0.0.202411102158/tools/bin/../lib/gcc/arm-none-eabi/13.3.1/../../../../arm-none-eabi/lib/thumb/v7e-m+fp/hard/libc_nano.a(libc_a-strlen.o)
                0x080001e4                strlen
 .text          0x080001f4       0x30 /Applications/STM32CubeIDE.app/Contents/Eclipse/plugins/com.st.stm32cube.ide.mcu.externaltools.gnu-tools-for-stm32.13.3.rel1.macos64_1.0.0.202411102158/tools/bin/../lib/gcc/arm-none-eabi/13.3.1/thumb/v7e-m+fp/hard/libgcc.a(_aeabi_uldivmod.o)
                0x080001f4                __aeabi_uldivmod
 .text          0x08000224      0x2f8 /Applications/STM32CubeIDE.app/Contents/Eclipse/plugins/com.st.stm32cube.ide.mcu.externaltools.gnu-tools-for-stm32.13.3.rel1.macos64_1.0.0.202411102158/tools/bin/../lib/gcc/arm-none-eabi/13.3.1/thumb/v7e-m+fp/hard/libgcc.a(_udivmoddi4.o)
                0x08000224                __udivmoddi4
 .text          0x0800051c        0x4 /Applications/STM32CubeIDE.app/Contents/Eclipse/plugins/com.st.stm32cube.ide.mcu.externaltools.gnu-tools-for-stm32.13.3.rel1.macos64_1.0.0.202411102158/tools/bin/../lib/gcc/arm-none-eabi/13.3.1/thumb/v7e-m+fp/hard/libgcc.a(_dvmd_tls.o)
                0x0800051c                __aeabi_ldiv0
                0x0800051c                __aeabi_idiv0
 *(.text*)
 .text.led_effect_stop
                0x08000520       0x40 ./Core/Src/led_effect.o
                0x08000520                led_effect_stop
 .text.led_effect
                0x08000560       0x38 ./Core/Src/led_effect.o
                0x08000560                led_effect
 .text.turn_off_all_leds
                0x08000598       0x3c ./Core/Src/led_effect.o
                0x08000598                turn_off_all_leds
 .text.turn_on_all_leds
                0x080005d4       0x3c ./Core/Src/led_effect.o
                0x080005d4                turn_on_all_leds
 .text.turn_on_odd_leds
                0x08000610       0x3c ./Core/Src/led_effect.o
                0x08000610                turn_on_odd_leds
 .text.turn_on_even_leds
                0x0800064c       0x3c ./Core/Src/led_effect.o
                0x0800064c                turn_on_even_leds
 .text.LED_control
                0x08000688       0x4c ./Core/Src/led_effect.o
                0x08000688                LED_control
 .text.LED_effect1
                0x080006d4       0x2c ./Core/Src/led_effect.o
                0x080006d4                LED_effect1
 .text.LED_effect2
                0x08000700       0x2c ./Core/Src/led_effect.o
                0x08000700                LED_effect2
 .text.LED_effect3
                0x0800072c       0x30 ./Core/Src/led_effect.o
                0x0800072c                LED_effect3
 .text.LED_effect4
                0x0800075c       0x30 ./Core/Src/led_effect.o
                0x0800075c                LED_effect4
 .text.main     0x0800078c      0x1dc ./Core/Src/main.o
                0x0800078c                main
 .text.SystemClock_Config
                0x08000968       0xd8 ./Core/Src/main.o
                0x08000968                SystemClock_Config
 .text.MX_RTC_Init
                0x08000a40       0x4c ./Core/Src/main.o
 .text.MX_USART2_UART_Init
                0x08000a8c       0x54 ./Core/Src/main.o
 .text.MX_GPIO_Init
                0x08000ae0      0x2bc ./Core/Src/main.o
 .text.led_effect_callback
                0x08000d9c       0x50 ./Core/Src/main.o
                0x08000d9c                led_effect_callback
 .text.HAL_UART_RxCpltCallback
                0x08000dec       0x98 ./Core/Src/main.o
                0x08000dec                HAL_UART_RxCpltCallback
 .text.HAL_TIM_PeriodElapsedCallback
                0x08000e84       0x24 ./Core/Src/main.o
                0x08000e84                HAL_TIM_PeriodElapsedCallback
 .text.Error_Handler
                0x08000ea8        0xc ./Core/Src/main.o
                0x08000ea8                Error_Handler
 .text.HAL_MspInit
                0x08000eb4       0x50 ./Core/Src/stm32f4xx_hal_msp.o
                0x08000eb4                HAL_MspInit
 .text.HAL_RTC_MspInit
                0x08000f04       0x54 ./Core/Src/stm32f4xx_hal_msp.o
                0x08000f04                HAL_RTC_MspInit
 .text.HAL_UART_MspInit
                0x08000f58       0xa0 ./Core/Src/stm32f4xx_hal_msp.o
                0x08000f58                HAL_UART_MspInit
 .text.HAL_InitTick
                0x08000ff8       0xf8 ./Core/Src/stm32f4xx_hal_timebase_tim.o
                0x08000ff8                HAL_InitTick
 .text.NMI_Handler
                0x080010f0        0x8 ./Core/Src/stm32f4xx_it.o
                0x080010f0                NMI_Handler
 .text.HardFault_Handler
                0x080010f8        0x8 ./Core/Src/stm32f4xx_it.o
                0x080010f8                HardFault_Handler
 .text.MemManage_Handler
                0x08001100        0x8 ./Core/Src/stm32f4xx_it.o
                0x08001100                MemManage_Handler
 .text.BusFault_Handler
                0x08001108        0x8 ./Core/Src/stm32f4xx_it.o
                0x08001108                BusFault_Handler
 .text.UsageFault_Handler
                0x08001110        0x8 ./Core/Src/stm32f4xx_it.o
                0x08001110                UsageFault_Handler
 .text.DebugMon_Handler
                0x08001118        0xe ./Core/Src/stm32f4xx_it.o
                0x08001118                DebugMon_Handler
 *fill*         0x08001126        0x2 
 .text.USART2_IRQHandler
                0x08001128       0x14 ./Core/Src/stm32f4xx_it.o
                0x08001128                USART2_IRQHandler
 .text.TIM6_DAC_IRQHandler
                0x0800113c       0x14 ./Core/Src/stm32f4xx_it.o
                0x0800113c                TIM6_DAC_IRQHandler
 .text.SystemInit
                0x08001150       0x24 ./Core/Src/system_stm32f4xx.o
                0x08001150                SystemInit
 .text.menu_task
                0x08001174       0xe8 ./Core/Src/task_handler.o
                0x08001174                menu_task
 .text.print_task
                0x0800125c       0x40 ./Core/Src/task_handler.o
                0x0800125c                print_task
 .text.cmd_task
                0x0800129c       0x2e ./Core/Src/task_handler.o
                0x0800129c                cmd_task
 *fill*         0x080012ca        0x2 
 .text.led_task
                0x080012cc      0x12c ./Core/Src/task_handler.o
                0x080012cc                led_task
 .text.extract_command
                0x080013f8       0x74 ./Core/Src/task_handler.o
                0x080013f8                extract_command
 .text.process_command
                0x0800146c       0xc4 ./Core/Src/task_handler.o
                0x0800146c                process_command
 .text.Reset_Handler
                0x08001530       0x50 ./Core/Startup/startup_stm32f407vgtx.o
                0x08001530                Reset_Handler
 .text.Default_Handler
                0x08001580        0x2 ./Core/Startup/startup_stm32f407vgtx.o
                0x08001580                DMA1_Stream3_IRQHandler
                0x08001580                HASH_RNG_IRQHandler
                0x08001580                EXTI2_IRQHandler
                0x08001580                TIM8_CC_IRQHandler
                0x08001580                TIM1_CC_IRQHandler
                0x08001580                DMA2_Stream5_IRQHandler
                0x08001580                DMA1_Stream5_IRQHandler
                0x08001580                PVD_IRQHandler
                0x08001580                SDIO_IRQHandler
                0x08001580                TAMP_STAMP_IRQHandler
                0x08001580                CAN2_RX1_IRQHandler
                0x08001580                EXTI3_IRQHandler
                0x08001580                TIM8_TRG_COM_TIM14_IRQHandler
                0x08001580                TIM1_UP_TIM10_IRQHandler
                0x08001580                TIM8_UP_TIM13_IRQHandler
                0x08001580                I2C3_ER_IRQHandler
                0x08001580                EXTI0_IRQHandler
                0x08001580                I2C2_EV_IRQHandler
                0x08001580                DMA1_Stream2_IRQHandler
                0x08001580                CAN1_RX0_IRQHandler
                0x08001580                FPU_IRQHandler
                0x08001580                OTG_HS_WKUP_IRQHandler
                0x08001580                CAN2_SCE_IRQHandler
                0x08001580                DMA2_Stream2_IRQHandler
                0x08001580                SPI1_IRQHandler
                0x08001580                TIM1_BRK_TIM9_IRQHandler
                0x08001580                DCMI_IRQHandler
                0x08001580                CAN2_RX0_IRQHandler
                0x08001580                DMA2_Stream3_IRQHandler
                0x08001580                USART6_IRQHandler
                0x08001580                USART3_IRQHandler
                0x08001580                CAN1_RX1_IRQHandler
                0x08001580                UART5_IRQHandler
                0x08001580                DMA2_Stream0_IRQHandler
                0x08001580                TIM4_IRQHandler
                0x08001580                I2C1_EV_IRQHandler
                0x08001580                DMA1_Stream6_IRQHandler
                0x08001580                DMA1_Stream1_IRQHandler
                0x08001580                UART4_IRQHandler
                0x08001580                TIM3_IRQHandler
                0x08001580                RCC_IRQHandler
                0x08001580                TIM8_BRK_TIM12_IRQHandler
                0x08001580                Default_Handler
                0x08001580                EXTI15_10_IRQHandler
                0x08001580                ADC_IRQHandler
                0x08001580                DMA1_Stream7_IRQHandler
                0x08001580                TIM7_IRQHandler
                0x08001580                CAN2_TX_IRQHandler
                0x08001580                TIM5_IRQHandler
                0x08001580                DMA2_Stream7_IRQHandler
                0x08001580                I2C3_EV_IRQHandler
                0x08001580                EXTI9_5_IRQHandler
                0x08001580                RTC_WKUP_IRQHandler
                0x08001580                ETH_WKUP_IRQHandler
                0x08001580                SPI2_IRQHandler
                0x08001580                OTG_HS_EP1_IN_IRQHandler
                0x08001580                DMA1_Stream0_IRQHandler
                0x08001580                CAN1_TX_IRQHandler
                0x08001580                EXTI4_IRQHandler
                0x08001580                FSMC_IRQHandler
                0x08001580                ETH_IRQHandler
                0x08001580                OTG_HS_EP1_OUT_IRQHandler
                0x08001580                WWDG_IRQHandler
                0x08001580                TIM2_IRQHandler
                0x08001580                OTG_FS_WKUP_IRQHandler
                0x08001580                TIM1_TRG_COM_TIM11_IRQHandler
                0x08001580                OTG_HS_IRQHandler
                0x08001580                EXTI1_IRQHandler
                0x08001580                I2C2_ER_IRQHandler
                0x08001580                DMA2_Stream1_IRQHandler
                0x08001580                CAN1_SCE_IRQHandler
                0x08001580                FLASH_IRQHandler
                0x08001580                DMA2_Stream4_IRQHandler
                0x08001580                USART1_IRQHandler
                0x08001580                OTG_FS_IRQHandler
                0x08001580                SPI3_IRQHandler
                0x08001580                DMA1_Stream4_IRQHandler
                0x08001580                I2C1_ER_IRQHandler
                0x08001580                DMA2_Stream6_IRQHandler
                0x08001580                RTC_Alarm_IRQHandler
 *fill*         0x08001582        0x2 
 .text.HAL_Init
                0x08001584       0x44 ./Drivers/STM32F4xx_HAL_Driver/Src/stm32f4xx_hal.o
                0x08001584                HAL_Init
 .text.HAL_IncTick
                0x080015c8       0x28 ./Drivers/STM32F4xx_HAL_Driver/Src/stm32f4xx_hal.o
                0x080015c8                HAL_IncTick
 .text.HAL_GetTick
                0x080015f0       0x18 ./Drivers/STM32F4xx_HAL_Driver/Src/stm32f4xx_hal.o
                0x080015f0                HAL_GetTick
 .text.__NVIC_SetPriorityGrouping
                0x08001608       0x48 ./Drivers/STM32F4xx_HAL_Driver/Src/stm32f4xx_hal_cortex.o
 .text.__NVIC_GetPriorityGrouping
                0x08001650       0x1c ./Drivers/STM32F4xx_HAL_Driver/Src/stm32f4xx_hal_cortex.o
 .text.__NVIC_EnableIRQ
                0x0800166c       0x3c ./Drivers/STM32F4xx_HAL_Driver/Src/stm32f4xx_hal_cortex.o
 .text.__NVIC_SetPriority
                0x080016a8       0x54 ./Drivers/STM32F4xx_HAL_Driver/Src/stm32f4xx_hal_cortex.o
 .text.NVIC_EncodePriority
                0x080016fc       0x66 ./Drivers/STM32F4xx_HAL_Driver/Src/stm32f4xx_hal_cortex.o
 .text.HAL_NVIC_SetPriorityGrouping
                0x08001762       0x16 ./Drivers/STM32F4xx_HAL_Driver/Src/stm32f4xx_hal_cortex.o
                0x08001762                HAL_NVIC_SetPriorityGrouping
 .text.HAL_NVIC_SetPriority
                0x08001778       0x38 ./Drivers/STM32F4xx_HAL_Driver/Src/stm32f4xx_hal_cortex.o
                0x08001778                HAL_NVIC_SetPriority
 .text.HAL_NVIC_EnableIRQ
                0x080017b0       0x1c ./Drivers/STM32F4xx_HAL_Driver/Src/stm32f4xx_hal_cortex.o
                0x080017b0                HAL_NVIC_EnableIRQ
 .text.HAL_DMA_Abort
                0x080017cc       0xe0 ./Drivers/STM32F4xx_HAL_Driver/Src/stm32f4xx_hal_dma.o
                0x080017cc                HAL_DMA_Abort
 .text.HAL_DMA_Abort_IT
                0x080018ac       0x44 ./Drivers/STM32F4xx_HAL_Driver/Src/stm32f4xx_hal_dma.o
                0x080018ac                HAL_DMA_Abort_IT
 .text.HAL_GPIO_Init
                0x080018f0      0x338 ./Drivers/STM32F4xx_HAL_Driver/Src/stm32f4xx_hal_gpio.o
                0x080018f0                HAL_GPIO_Init
 .text.HAL_GPIO_WritePin
                0x08001c28       0x32 ./Drivers/STM32F4xx_HAL_Driver/Src/stm32f4xx_hal_gpio.o
                0x08001c28                HAL_GPIO_WritePin
 *fill*         0x08001c5a        0x2 
 .text.HAL_RCC_OscConfig
                0x08001c5c      0x4f0 ./Drivers/STM32F4xx_HAL_Driver/Src/stm32f4xx_hal_rcc.o
                0x08001c5c                HAL_RCC_OscConfig
 .text.HAL_RCC_ClockConfig
                0x0800214c      0x1cc ./Drivers/STM32F4xx_HAL_Driver/Src/stm32f4xx_hal_rcc.o
                0x0800214c                HAL_RCC_ClockConfig
 .text.HAL_RCC_GetSysClockFreq
                0x08002318      0x20c ./Drivers/STM32F4xx_HAL_Driver/Src/stm32f4xx_hal_rcc.o
                0x08002318                HAL_RCC_GetSysClockFreq
 .text.HAL_RCC_GetHCLKFreq
                0x08002524       0x18 ./Drivers/STM32F4xx_HAL_Driver/Src/stm32f4xx_hal_rcc.o
                0x08002524                HAL_RCC_GetHCLKFreq
 .text.HAL_RCC_GetPCLK1Freq
                0x0800253c       0x28 ./Drivers/STM32F4xx_HAL_Driver/Src/stm32f4xx_hal_rcc.o
                0x0800253c                HAL_RCC_GetPCLK1Freq
 .text.HAL_RCC_GetPCLK2Freq
                0x08002564       0x28 ./Drivers/STM32F4xx_HAL_Driver/Src/stm32f4xx_hal_rcc.o
                0x08002564                HAL_RCC_GetPCLK2Freq
 .text.HAL_RCC_GetClockConfig
                0x0800258c       0x64 ./Drivers/STM32F4xx_HAL_Driver/Src/stm32f4xx_hal_rcc.o
                0x0800258c                HAL_RCC_GetClockConfig
 .text.HAL_RCCEx_PeriphCLKConfig
                0x080025f0      0x1c4 ./Drivers/STM32F4xx_HAL_Driver/Src/stm32f4xx_hal_rcc_ex.o
                0x080025f0                HAL_RCCEx_PeriphCLKConfig
 .text.HAL_RTC_Init
                0x080027b4      0x102 ./Drivers/STM32F4xx_HAL_Driver/Src/stm32f4xx_hal_rtc.o
                0x080027b4                HAL_RTC_Init
 *fill*         0x080028b6        0x2 
 .text.HAL_RTC_WaitForSynchro
                0x080028b8       0x4c ./Drivers/STM32F4xx_HAL_Driver/Src/stm32f4xx_hal_rtc.o
                0x080028b8                HAL_RTC_WaitForSynchro
 .text.RTC_EnterInitMode
                0x08002904       0x6e ./Drivers/STM32F4xx_HAL_Driver/Src/stm32f4xx_hal_rtc.o
                0x08002904                RTC_EnterInitMode
 .text.RTC_ExitInitMode
                0x08002972       0x4a ./Drivers/STM32F4xx_HAL_Driver/Src/stm32f4xx_hal_rtc.o
                0x08002972                RTC_ExitInitMode
 .text.HAL_TIM_Base_Init
                0x080029bc       0x9e ./Drivers/STM32F4xx_HAL_Driver/Src/stm32f4xx_hal_tim.o
                0x080029bc                HAL_TIM_Base_Init
 .text.HAL_TIM_Base_MspInit
                0x08002a5a       0x14 ./Drivers/STM32F4xx_HAL_Driver/Src/stm32f4xx_hal_tim.o
                0x08002a5a                HAL_TIM_Base_MspInit
 *fill*         0x08002a6e        0x2 
 .text.HAL_TIM_Base_Start_IT
                0x08002a70       0xe0 ./Drivers/STM32F4xx_HAL_Driver/Src/stm32f4xx_hal_tim.o
                0x08002a70                HAL_TIM_Base_Start_IT
 .text.HAL_TIM_IRQHandler
                0x08002b50      0x1e0 ./Drivers/STM32F4xx_HAL_Driver/Src/stm32f4xx_hal_tim.o
                0x08002b50                HAL_TIM_IRQHandler
 .text.HAL_TIM_OC_DelayElapsedCallback
                0x08002d30       0x14 ./Drivers/STM32F4xx_HAL_Driver/Src/stm32f4xx_hal_tim.o
                0x08002d30                HAL_TIM_OC_DelayElapsedCallback
 .text.HAL_TIM_IC_CaptureCallback
                0x08002d44       0x14 ./Drivers/STM32F4xx_HAL_Driver/Src/stm32f4xx_hal_tim.o
                0x08002d44                HAL_TIM_IC_CaptureCallback
 .text.HAL_TIM_PWM_PulseFinishedCallback
                0x08002d58       0x14 ./Drivers/STM32F4xx_HAL_Driver/Src/stm32f4xx_hal_tim.o
                0x08002d58                HAL_TIM_PWM_PulseFinishedCallback
 .text.HAL_TIM_TriggerCallback
                0x08002d6c       0x14 ./Drivers/STM32F4xx_HAL_Driver/Src/stm32f4xx_hal_tim.o
                0x08002d6c                HAL_TIM_TriggerCallback
 .text.TIM_Base_SetConfig
                0x08002d80      0x14c ./Drivers/STM32F4xx_HAL_Driver/Src/stm32f4xx_hal_tim.o
                0x08002d80                TIM_Base_SetConfig
 .text.HAL_TIMEx_CommutCallback
                0x08002ecc       0x14 ./Drivers/STM32F4xx_HAL_Driver/Src/stm32f4xx_hal_tim_ex.o
                0x08002ecc                HAL_TIMEx_CommutCallback
 .text.HAL_TIMEx_BreakCallback
                0x08002ee0       0x14 ./Drivers/STM32F4xx_HAL_Driver/Src/stm32f4xx_hal_tim_ex.o
                0x08002ee0                HAL_TIMEx_BreakCallback
 .text.HAL_UART_Init
                0x08002ef4       0xa0 ./Drivers/STM32F4xx_HAL_Driver/Src/stm32f4xx_hal_uart.o
                0x08002ef4                HAL_UART_Init
 .text.HAL_UART_Transmit
                0x08002f94      0x116 ./Drivers/STM32F4xx_HAL_Driver/Src/stm32f4xx_hal_uart.o
                0x08002f94                HAL_UART_Transmit
 .text.HAL_UART_Receive_IT
                0x080030aa       0x4a ./Drivers/STM32F4xx_HAL_Driver/Src/stm32f4xx_hal_uart.o
                0x080030aa                HAL_UART_Receive_IT
 .text.HAL_UART_IRQHandler
                0x080030f4      0x554 ./Drivers/STM32F4xx_HAL_Driver/Src/stm32f4xx_hal_uart.o
                0x080030f4                HAL_UART_IRQHandler
 .text.HAL_UART_TxCpltCallback
                0x08003648       0x14 ./Drivers/STM32F4xx_HAL_Driver/Src/stm32f4xx_hal_uart.o
                0x08003648                HAL_UART_TxCpltCallback
 .text.HAL_UART_ErrorCallback
                0x0800365c       0x14 ./Drivers/STM32F4xx_HAL_Driver/Src/stm32f4xx_hal_uart.o
                0x0800365c                HAL_UART_ErrorCallback
 .text.HAL_UARTEx_RxEventCallback
                0x08003670       0x18 ./Drivers/STM32F4xx_HAL_Driver/Src/stm32f4xx_hal_uart.o
                0x08003670                HAL_UARTEx_RxEventCallback
 .text.UART_WaitOnFlagUntilTimeout
                0x08003688       0xb2 ./Drivers/STM32F4xx_HAL_Driver/Src/stm32f4xx_hal_uart.o
 .text.UART_Start_Receive_IT
                0x0800373a       0x74 ./Drivers/STM32F4xx_HAL_Driver/Src/stm32f4xx_hal_uart.o
                0x0800373a                UART_Start_Receive_IT
 .text.UART_EndRxTransfer
                0x080037ae       0xc6 ./Drivers/STM32F4xx_HAL_Driver/Src/stm32f4xx_hal_uart.o
 .text.UART_DMAAbortOnError
                0x08003874       0x22 ./Drivers/STM32F4xx_HAL_Driver/Src/stm32f4xx_hal_uart.o
 .text.UART_Transmit_IT
                0x08003896       0xa0 ./Drivers/STM32F4xx_HAL_Driver/Src/stm32f4xx_hal_uart.o
 .text.UART_EndTransmit_IT
                0x08003936       0x30 ./Drivers/STM32F4xx_HAL_Driver/Src/stm32f4xx_hal_uart.o
 .text.UART_Receive_IT
                0x08003966      0x17c ./Drivers/STM32F4xx_HAL_Driver/Src/stm32f4xx_hal_uart.o
 *fill*         0x08003ae2        0x2 
 .text.UART_SetConfig
                0x08003ae4      0x4e8 ./Drivers/STM32F4xx_HAL_Driver/Src/stm32f4xx_hal_uart.o
 .text.vListInitialise
                0x08003fcc       0x40 ./ThirdParty/FreeRTOS/list.o
                0x08003fcc                vListInitialise
 .text.vListInitialiseItem
                0x0800400c       0x1a ./ThirdParty/FreeRTOS/list.o
                0x0800400c                vListInitialiseItem
 .text.vListInsert
                0x08004026       0x72 ./ThirdParty/FreeRTOS/list.o
                0x08004026                vListInsert
 .text.uxListRemove
                0x08004098       0x54 ./ThirdParty/FreeRTOS/list.o
                0x08004098                uxListRemove
 .text.xQueueGenericReset
                0x080040ec      0x124 ./ThirdParty/FreeRTOS/queue.o
                0x080040ec                xQueueGenericReset
 .text.xQueueGenericCreate
                0x08004210       0x9e ./ThirdParty/FreeRTOS/queue.o
                0x08004210                xQueueGenericCreate
 .text.prvInitialiseNewQueue
                0x080042ae       0x46 ./ThirdParty/FreeRTOS/queue.o
 .text.xQueueGenericSend
                0x080042f4      0x204 ./ThirdParty/FreeRTOS/queue.o
                0x080042f4                xQueueGenericSend
 .text.xQueueGenericSendFromISR
                0x080044f8      0x16c ./ThirdParty/FreeRTOS/queue.o
                0x080044f8                xQueueGenericSendFromISR
 .text.xQueueReceive
                0x08004664      0x1c4 ./ThirdParty/FreeRTOS/queue.o
                0x08004664                xQueueReceive
 .text.uxQueueMessagesWaiting
                0x08004828       0x3e ./ThirdParty/FreeRTOS/queue.o
                0x08004828                uxQueueMessagesWaiting
 .text.prvCopyDataToQueue
                0x08004866       0xd4 ./ThirdParty/FreeRTOS/queue.o
 .text.prvCopyDataFromQueue
                0x0800493a       0x4c ./ThirdParty/FreeRTOS/queue.o
 .text.prvUnlockQueue
                0x08004986       0xa4 ./ThirdParty/FreeRTOS/queue.o
 .text.prvIsQueueEmpty
                0x08004a2a       0x2c ./ThirdParty/FreeRTOS/queue.o
 .text.prvIsQueueFull
                0x08004a56       0x30 ./ThirdParty/FreeRTOS/queue.o
 .text.xQueueIsQueueFullFromISR
                0x08004a86       0x4e ./ThirdParty/FreeRTOS/queue.o
                0x08004a86                xQueueIsQueueFullFromISR
 .text.vQueueAddToRegistry
                0x08004ad4       0xa0 ./ThirdParty/FreeRTOS/queue.o
                0x08004ad4                vQueueAddToRegistry
 .text.vQueueWaitForMessageRestricted
                0x08004b74       0x68 ./ThirdParty/FreeRTOS/queue.o
                0x08004b74                vQueueWaitForMessageRestricted
 .text.prvCreateTask
                0x08004bdc       0x78 ./ThirdParty/FreeRTOS/tasks.o
 .text.xTaskCreate
                0x08004c54       0x46 ./ThirdParty/FreeRTOS/tasks.o
                0x08004c54                xTaskCreate
 .text.prvInitialiseNewTask
                0x08004c9a      0x120 ./ThirdParty/FreeRTOS/tasks.o
 *fill*         0x08004dba        0x2 
 .text.prvAddNewTaskToReadyList
                0x08004dbc      0x12c ./ThirdParty/FreeRTOS/tasks.o
 .text.prvCreateIdleTasks
                0x08004ee8       0x94 ./ThirdParty/FreeRTOS/tasks.o
 .text.vTaskStartScheduler
                0x08004f7c       0x88 ./ThirdParty/FreeRTOS/tasks.o
                0x08004f7c                vTaskStartScheduler
 .text.vTaskSuspendAll
                0x08005004       0x1c ./ThirdParty/FreeRTOS/tasks.o
                0x08005004                vTaskSuspendAll
 .text.xTaskResumeAll
                0x08005020      0x20c ./ThirdParty/FreeRTOS/tasks.o
                0x08005020                xTaskResumeAll
 .text.xTaskGetTickCount
                0x0800522c       0x20 ./ThirdParty/FreeRTOS/tasks.o
                0x0800522c                xTaskGetTickCount
 .text.uxTaskGetNumberOfTasks
                0x0800524c       0x18 ./ThirdParty/FreeRTOS/tasks.o
                0x0800524c                uxTaskGetNumberOfTasks
 .text.xTaskIncrementTick
                0x08005264      0x230 ./ThirdParty/FreeRTOS/tasks.o
                0x08005264                xTaskIncrementTick
 .text.vTaskSwitchContext
                0x08005494       0xbc ./ThirdParty/FreeRTOS/tasks.o
                0x08005494                vTaskSwitchContext
 .text.vTaskPlaceOnEventList
                0x08005550       0x4c ./ThirdParty/FreeRTOS/tasks.o
                0x08005550                vTaskPlaceOnEventList
 .text.vTaskPlaceOnEventListRestricted
                0x0800559c       0x8c ./ThirdParty/FreeRTOS/tasks.o
                0x0800559c                vTaskPlaceOnEventListRestricted
 .text.xTaskRemoveFromEventList
                0x08005628      0x1b0 ./ThirdParty/FreeRTOS/tasks.o
                0x08005628                xTaskRemoveFromEventList
 .text.vTaskInternalSetTimeOutState
                0x080057d8       0x2c ./ThirdParty/FreeRTOS/tasks.o
                0x080057d8                vTaskInternalSetTimeOutState
 .text.xTaskCheckForTimeOut
                0x08005804       0xd0 ./ThirdParty/FreeRTOS/tasks.o
                0x08005804                xTaskCheckForTimeOut
 .text.vTaskMissedYield
                0x080058d4       0x18 ./ThirdParty/FreeRTOS/tasks.o
                0x080058d4                vTaskMissedYield
 .text.prvIdleTask
                0x080058ec       0x30 ./ThirdParty/FreeRTOS/tasks.o
 .text.prvInitialiseTaskLists
                0x0800591c       0x80 ./ThirdParty/FreeRTOS/tasks.o
 .text.prvCheckTasksWaitingTermination
                0x0800599c       0x5c ./ThirdParty/FreeRTOS/tasks.o
 .text.prvDeleteTCB
                0x080059f8       0x20 ./ThirdParty/FreeRTOS/tasks.o
 .text.prvResetNextTaskUnblockTime
                0x08005a18       0x38 ./ThirdParty/FreeRTOS/tasks.o
 .text.xTaskGetSchedulerState
                0x08005a50       0x3c ./ThirdParty/FreeRTOS/tasks.o
                0x08005a50                xTaskGetSchedulerState
 .text.xTaskPriorityDisinherit
                0x08005a8c      0x14c ./ThirdParty/FreeRTOS/tasks.o
                0x08005a8c                xTaskPriorityDisinherit
 .text.xTaskGenericNotifyWait
                0x08005bd8      0x11c ./ThirdParty/FreeRTOS/tasks.o
                0x08005bd8                xTaskGenericNotifyWait
 .text.xTaskGenericNotify
                0x08005cf4      0x24c ./ThirdParty/FreeRTOS/tasks.o
                0x08005cf4                xTaskGenericNotify
 .text.xTaskGenericNotifyFromISR
                0x08005f40      0x2c0 ./ThirdParty/FreeRTOS/tasks.o
                0x08005f40                xTaskGenericNotifyFromISR
 .text.prvAddCurrentTaskToDelayedList
                0x08006200      0x104 ./ThirdParty/FreeRTOS/tasks.o
 .text.xTimerCreateTimerTask
                0x08006304       0x68 ./ThirdParty/FreeRTOS/timers.o
                0x08006304                xTimerCreateTimerTask
 .text.xTimerCreate
                0x0800636c       0x42 ./ThirdParty/FreeRTOS/timers.o
                0x0800636c                xTimerCreate
 .text.prvInitialiseNewTimer
                0x080063ae       0x72 ./ThirdParty/FreeRTOS/timers.o
 .text.xTimerGenericCommandFromTask
                0x08006420       0xa8 ./ThirdParty/FreeRTOS/timers.o
                0x08006420                xTimerGenericCommandFromTask
 .text.prvReloadTimer
                0x080064c8       0x42 ./ThirdParty/FreeRTOS/timers.o
 *fill*         0x0800650a        0x2 
 .text.prvProcessExpiredTimer
                0x0800650c       0x60 ./ThirdParty/FreeRTOS/timers.o
 .text.prvTimerTask
                0x0800656c       0x26 ./ThirdParty/FreeRTOS/timers.o
 *fill*         0x08006592        0x2 
 .text.prvProcessTimerOrBlockTask
                0x08006594       0x9c ./ThirdParty/FreeRTOS/timers.o
 .text.prvGetNextExpireTime
                0x08006630       0x48 ./ThirdParty/FreeRTOS/timers.o
 .text.prvSampleTimeNow
                0x08006678       0x40 ./ThirdParty/FreeRTOS/timers.o
 .text.prvInsertTimerInActiveList
                0x080066b8       0x84 ./ThirdParty/FreeRTOS/timers.o
 .text.prvProcessReceivedCommands
                0x0800673c      0x190 ./ThirdParty/FreeRTOS/timers.o
 .text.prvSwitchTimerLists
                0x080068cc       0x4c ./ThirdParty/FreeRTOS/timers.o
 .text.prvCheckForValidListAndQueue
                0x08006918       0x6c ./ThirdParty/FreeRTOS/timers.o
 .text.pvTimerGetTimerID
                0x08006984       0x42 ./ThirdParty/FreeRTOS/timers.o
                0x08006984                pvTimerGetTimerID
 *fill*         0x080069c6        0x2 
 .text.pxPortInitialiseStack
                0x080069c8       0x68 ./ThirdParty/FreeRTOS/portable/GCC/ARM_CM4F/port.o
                0x080069c8                pxPortInitialiseStack
 .text.prvTaskExitError
                0x08006a30       0x5c ./ThirdParty/FreeRTOS/portable/GCC/ARM_CM4F/port.o
 *fill*         0x08006a8c        0x4 
 .text.SVC_Handler
                0x08006a90       0x28 ./ThirdParty/FreeRTOS/portable/GCC/ARM_CM4F/port.o
                0x08006a90                SVC_Handler
 .text.prvPortStartFirstTask
                0x08006ab8       0x2c ./ThirdParty/FreeRTOS/portable/GCC/ARM_CM4F/port.o
 .text.xPortStartScheduler
                0x08006ae4      0x1e0 ./ThirdParty/FreeRTOS/portable/GCC/ARM_CM4F/port.o
                0x08006ae4                xPortStartScheduler
 .text.vInitPrioGroupValue
                0x08006cc4      0x100 ./ThirdParty/FreeRTOS/portable/GCC/ARM_CM4F/port.o
                0x08006cc4                vInitPrioGroupValue
 .text.vPortEnterCritical
                0x08006dc4       0x64 ./ThirdParty/FreeRTOS/portable/GCC/ARM_CM4F/port.o
                0x08006dc4                vPortEnterCritical
 .text.vPortExitCritical
                0x08006e28       0x54 ./ThirdParty/FreeRTOS/portable/GCC/ARM_CM4F/port.o
                0x08006e28                vPortExitCritical
 *fill*         0x08006e7c        0x4 
 .text.PendSV_Handler
                0x08006e80       0x68 ./ThirdParty/FreeRTOS/portable/GCC/ARM_CM4F/port.o
                0x08006e80                PendSV_Handler
 .text.SysTick_Handler
                0x08006ee8       0x44 ./ThirdParty/FreeRTOS/portable/GCC/ARM_CM4F/port.o
                0x08006ee8                SysTick_Handler
 .text.vPortSetupTimerInterrupt
                0x08006f2c       0x48 ./ThirdParty/FreeRTOS/portable/GCC/ARM_CM4F/port.o
                0x08006f2c                vPortSetupTimerInterrupt
 .text.vPortEnableVFP
                0x08006f74       0x18 ./ThirdParty/FreeRTOS/portable/GCC/ARM_CM4F/port.o
 .text.vPortValidateInterruptPriority
                0x08006f8c       0x84 ./ThirdParty/FreeRTOS/portable/GCC/ARM_CM4F/port.o
                0x08006f8c                vPortValidateInterruptPriority
 .text.pvPortMalloc
                0x08007010      0x264 ./ThirdParty/FreeRTOS/portable/MemMang/heap_4.o
                0x08007010                pvPortMalloc
 .text.vPortFree
                0x08007274       0xec ./ThirdParty/FreeRTOS/portable/MemMang/heap_4.o
                0x08007274                vPortFree
 .text.prvHeapInit
                0x08007360       0xb4 ./ThirdParty/FreeRTOS/portable/MemMang/heap_4.o
 .text.prvInsertBlockIntoFreeList
                0x08007414       0xf4 ./ThirdParty/FreeRTOS/portable/MemMang/heap_4.o
 .text.memset   0x08007508       0x10 /Applications/STM32CubeIDE.app/Contents/Eclipse/plugins/com.st.stm32cube.ide.mcu.externaltools.gnu-tools-for-stm32.13.3.rel1.macos64_1.0.0.202411102158/tools/bin/../lib/gcc/arm-none-eabi/13.3.1/../../../../arm-none-eabi/lib/thumb/v7e-m+fp/hard/libc_nano.a(libc_a-memset.o)
                0x08007508                memset
 .text.__libc_init_array
                0x08007518       0x48 /Applications/STM32CubeIDE.app/Contents/Eclipse/plugins/com.st.stm32cube.ide.mcu.externaltools.gnu-tools-for-stm32.13.3.rel1.macos64_1.0.0.202411102158/tools/bin/../lib/gcc/arm-none-eabi/13.3.1/../../../../arm-none-eabi/lib/thumb/v7e-m+fp/hard/libc_nano.a(libc_a-init.o)
                0x08007518                __libc_init_array
 .text.memcpy   0x08007560       0x1c /Applications/STM32CubeIDE.app/Contents/Eclipse/plugins/com.st.stm32cube.ide.mcu.externaltools.gnu-tools-for-stm32.13.3.rel1.macos64_1.0.0.202411102158/tools/bin/../lib/gcc/arm-none-eabi/13.3.1/../../../../arm-none-eabi/lib/thumb/v7e-m+fp/hard/libc_nano.a(libc_a-memcpy-stub.o)
                0x08007560                memcpy
 *(.glue_7)
 .glue_7        0x0800757c        0x0 linker stubs
 *(.glue_7t)
 .glue_7t       0x0800757c        0x0 linker stubs
 *(.eh_frame)
 .eh_frame      0x0800757c        0x0 /Applications/STM32CubeIDE.app/Contents/Eclipse/plugins/com.st.stm32cube.ide.mcu.externaltools.gnu-tools-for-stm32.13.3.rel1.macos64_1.0.0.202411102158/tools/bin/../lib/gcc/arm-none-eabi/13.3.1/thumb/v7e-m+fp/hard/crtbegin.o
 *(.init)
 .init          0x0800757c        0x4 /Applications/STM32CubeIDE.app/Contents/Eclipse/plugins/com.st.stm32cube.ide.mcu.externaltools.gnu-tools-for-stm32.13.3.rel1.macos64_1.0.0.202411102158/tools/bin/../lib/gcc/arm-none-eabi/13.3.1/thumb/v7e-m+fp/hard/crti.o
                0x0800757c                _init
 .init          0x08007580        0x8 /Applications/STM32CubeIDE.app/Contents/Eclipse/plugins/com.st.stm32cube.ide.mcu.externaltools.gnu-tools-for-stm32.13.3.rel1.macos64_1.0.0.202411102158/tools/bin/../lib/gcc/arm-none-eabi/13.3.1/thumb/v7e-m+fp/hard/crtn.o
 *(.fini)
 .fini          0x08007588        0x4 /Applications/STM32CubeIDE.app/Contents/Eclipse/plugins/com.st.stm32cube.ide.mcu.externaltools.gnu-tools-for-stm32.13.3.rel1.macos64_1.0.0.202411102158/tools/bin/../lib/gcc/arm-none-eabi/13.3.1/thumb/v7e-m+fp/hard/crti.o
                0x08007588                _fini
 .fini          0x0800758c        0x8 /Applications/STM32CubeIDE.app/Contents/Eclipse/plugins/com.st.stm32cube.ide.mcu.externaltools.gnu-tools-for-stm32.13.3.rel1.macos64_1.0.0.202411102158/tools/bin/../lib/gcc/arm-none-eabi/13.3.1/thumb/v7e-m+fp/hard/crtn.o
                0x08007594                        . = ALIGN (0x4)
                0x08007594                        _etext = .

.vfp11_veneer   0x08007594        0x0
 .vfp11_veneer  0x08007594        0x0 linker stubs

.v4_bx          0x08007594        0x0
 .v4_bx         0x08007594        0x0 linker stubs

.iplt           0x08007594        0x0
 .iplt          0x08007594        0x0 /Applications/STM32CubeIDE.app/Contents/Eclipse/plugins/com.st.stm32cube.ide.mcu.externaltools.gnu-tools-for-stm32.13.3.rel1.macos64_1.0.0.202411102158/tools/bin/../lib/gcc/arm-none-eabi/13.3.1/thumb/v7e-m+fp/hard/crtbegin.o

.rodata         0x08007594      0x388
                0x08007594                        . = ALIGN (0x4)
 *(.rodata)
 .rodata        0x08007594       0x3a ./Core/Src/main.o
 *fill*         0x080075ce        0x2 
 .rodata        0x080075d0      0x317 ./Core/Src/task_handler.o
 *fill*         0x080078e7        0x1 
 .rodata        0x080078e8        0x5 ./ThirdParty/FreeRTOS/tasks.o
 *fill*         0x080078ed        0x3 
 .rodata        0x080078f0        0xd ./ThirdParty/FreeRTOS/timers.o
 *(.rodata*)
 *fill*         0x080078fd        0x3 
 .rodata.AHBPrescTable
                0x08007900       0x10 ./Core/Src/system_stm32f4xx.o
                0x08007900                AHBPrescTable
 .rodata.APBPrescTable
                0x08007910        0x8 ./Core/Src/system_stm32f4xx.o
                0x08007910                APBPrescTable
 .rodata.uxTopUsedPriority
                0x08007918        0x4 ./ThirdParty/FreeRTOS/tasks.o
                0x0800791c                        . = ALIGN (0x4)

.ARM.extab      0x0800791c        0x0
                0x0800791c                        . = ALIGN (0x4)
 *(.ARM.extab* .gnu.linkonce.armextab.*)
                0x0800791c                        . = ALIGN (0x4)

.ARM            0x0800791c        0x8
                0x0800791c                        . = ALIGN (0x4)
                0x0800791c                        __exidx_start = .
 *(.ARM.exidx*)
 .ARM.exidx     0x0800791c        0x8 /Applications/STM32CubeIDE.app/Contents/Eclipse/plugins/com.st.stm32cube.ide.mcu.externaltools.gnu-tools-for-stm32.13.3.rel1.macos64_1.0.0.202411102158/tools/bin/../lib/gcc/arm-none-eabi/13.3.1/../../../../arm-none-eabi/lib/thumb/v7e-m+fp/hard/libc_nano.a(libc_a-strcmp.o)
 .ARM.exidx     0x08007924        0x0 /Applications/STM32CubeIDE.app/Contents/Eclipse/plugins/com.st.stm32cube.ide.mcu.externaltools.gnu-tools-for-stm32.13.3.rel1.macos64_1.0.0.202411102158/tools/bin/../lib/gcc/arm-none-eabi/13.3.1/../../../../arm-none-eabi/lib/thumb/v7e-m+fp/hard/libc_nano.a(libc_a-strlen.o)
                                  0x8 (size before relaxing)
 .ARM.exidx     0x08007924        0x0 /Applications/STM32CubeIDE.app/Contents/Eclipse/plugins/com.st.stm32cube.ide.mcu.externaltools.gnu-tools-for-stm32.13.3.rel1.macos64_1.0.0.202411102158/tools/bin/../lib/gcc/arm-none-eabi/13.3.1/thumb/v7e-m+fp/hard/libgcc.a(_udivmoddi4.o)
                                  0x8 (size before relaxing)
                0x08007924                        __exidx_end = .
                0x08007924                        . = ALIGN (0x4)

.preinit_array  0x08007924        0x0
                0x08007924                        . = ALIGN (0x4)
                0x08007924                        PROVIDE (__preinit_array_start = .)
 *(.preinit_array*)
                0x08007924                        PROVIDE (__preinit_array_end = .)
                0x08007924                        . = ALIGN (0x4)

.init_array     0x08007924        0x4
                0x08007924                        . = ALIGN (0x4)
                0x08007924                        PROVIDE (__init_array_start = .)
 *(SORT_BY_NAME(.init_array.*))
 *(.init_array*)
 .init_array    0x08007924        0x4 /Applications/STM32CubeIDE.app/Contents/Eclipse/plugins/com.st.stm32cube.ide.mcu.externaltools.gnu-tools-for-stm32.13.3.rel1.macos64_1.0.0.202411102158/tools/bin/../lib/gcc/arm-none-eabi/13.3.1/thumb/v7e-m+fp/hard/crtbegin.o
                0x08007928                        PROVIDE (__init_array_end = .)
                0x08007928                        . = ALIGN (0x4)

.fini_array     0x08007928        0x4
                0x08007928                        . = ALIGN (0x4)
                [!provide]                        PROVIDE (__fini_array_start = .)
 *(SORT_BY_NAME(.fini_array.*))
 *(.fini_array*)
 .fini_array    0x08007928        0x4 /Applications/STM32CubeIDE.app/Contents/Eclipse/plugins/com.st.stm32cube.ide.mcu.externaltools.gnu-tools-for-stm32.13.3.rel1.macos64_1.0.0.202411102158/tools/bin/../lib/gcc/arm-none-eabi/13.3.1/thumb/v7e-m+fp/hard/crtbegin.o
                [!provide]                        PROVIDE (__fini_array_end = .)
                0x0800792c                        . = ALIGN (0x4)
                0x0800792c                        _sidata = LOADADDR (.data)

.rel.dyn        0x0800792c        0x0
 .rel.iplt      0x0800792c        0x0 /Applications/STM32CubeIDE.app/Contents/Eclipse/plugins/com.st.stm32cube.ide.mcu.externaltools.gnu-tools-for-stm32.13.3.rel1.macos64_1.0.0.202411102158/tools/bin/../lib/gcc/arm-none-eabi/13.3.1/thumb/v7e-m+fp/hard/crtbegin.o

.data           0x20000000       0x1c load address 0x0800792c
                0x20000000                        . = ALIGN (0x4)
                0x20000000                        _sdata = .
 *(.data)
 *(.data*)
 .data.flag.3   0x20000000        0x4 ./Core/Src/led_effect.o
 .data.flag.2   0x20000004        0x4 ./Core/Src/led_effect.o
 .data.SystemCoreClock
                0x20000008        0x4 ./Core/Src/system_stm32f4xx.o
                0x20000008                SystemCoreClock
 .data.msg_inv  0x2000000c        0x4 ./Core/Src/task_handler.o
                0x2000000c                msg_inv
 .data.uwTickPrio
                0x20000010        0x4 ./Drivers/STM32F4xx_HAL_Driver/Src/stm32f4xx_hal.o
                0x20000010                uwTickPrio
 .data.uwTickFreq
                0x20000014        0x1 ./Drivers/STM32F4xx_HAL_Driver/Src/stm32f4xx_hal.o
                0x20000014                uwTickFreq
 *fill*         0x20000015        0x3 
 .data.uxCriticalNesting
                0x20000018        0x4 ./ThirdParty/FreeRTOS/portable/GCC/ARM_CM4F/port.o
 *(.RamFunc)
 *(.RamFunc*)
                0x2000001c                        . = ALIGN (0x4)
                0x2000001c                        _edata = .
                0x08007948                        _siccmram = LOADADDR (.ccmram)

.igot.plt       0x2000001c        0x0 load address 0x08007948
 .igot.plt      0x2000001c        0x0 /Applications/STM32CubeIDE.app/Contents/Eclipse/plugins/com.st.stm32cube.ide.mcu.externaltools.gnu-tools-for-stm32.13.3.rel1.macos64_1.0.0.202411102158/tools/bin/../lib/gcc/arm-none-eabi/13.3.1/thumb/v7e-m+fp/hard/crtbegin.o

.ccmram         0x10000000        0x0 load address 0x08007948
                0x10000000                        . = ALIGN (0x4)
                0x10000000                        _sccmram = .
 *(.ccmram)
 *(.ccmram*)
                0x10000000                        . = ALIGN (0x4)
                0x10000000                        _eccmram = .
                0x10000000                        . = ALIGN (0x4)

.bss            0x2000001c    0x12eb0
                0x2000001c                        _sbss = .
                0x2000001c                        __bss_start__ = _sbss
 *(.bss)
 .bss           0x2000001c       0x1c /Applications/STM32CubeIDE.app/Contents/Eclipse/plugins/com.st.stm32cube.ide.mcu.externaltools.gnu-tools-for-stm32.13.3.rel1.macos64_1.0.0.202411102158/tools/bin/../lib/gcc/arm-none-eabi/13.3.1/thumb/v7e-m+fp/hard/crtbegin.o
 *(.bss*)
 .bss.i.1       0x20000038        0x4 ./Core/Src/led_effect.o
 .bss.i.0       0x2000003c        0x4 ./Core/Src/led_effect.o
 .bss.hrtc      0x20000040       0x20 ./Core/Src/main.o
                0x20000040                hrtc
 .bss.huart2    0x20000060       0x48 ./Core/Src/main.o
                0x20000060                huart2
 .bss.curr_state
                0x200000a8        0x1 ./Core/Src/main.o
                0x200000a8                curr_state
 *fill*         0x200000a9        0x3 
 .bss.handle_menu_task
                0x200000ac        0x4 ./Core/Src/main.o
                0x200000ac                handle_menu_task
 .bss.handle_cmd_task
                0x200000b0        0x4 ./Core/Src/main.o
                0x200000b0                handle_cmd_task
 .bss.handle_print_task
                0x200000b4        0x4 ./Core/Src/main.o
                0x200000b4                handle_print_task
 .bss.handle_led_task
                0x200000b8        0x4 ./Core/Src/main.o
                0x200000b8                handle_led_task
 .bss.handle_rtc_task
                0x200000bc        0x4 ./Core/Src/main.o
                0x200000bc                handle_rtc_task
 .bss.q_user_data
                0x200000c0        0x4 ./Core/Src/main.o
                0x200000c0                q_user_data
 .bss.q_print_msg
                0x200000c4        0x4 ./Core/Src/main.o
                0x200000c4                q_print_msg
 .bss.handle_led_timer
                0x200000c8       0x10 ./Core/Src/main.o
                0x200000c8                handle_led_timer
 .bss.user_data
                0x200000d8        0x1 ./Core/Src/main.o
                0x200000d8                user_data
 *fill*         0x200000d9        0x3 
 .bss.htim6     0x200000dc       0x48 ./Core/Src/stm32f4xx_hal_timebase_tim.o
                0x200000dc                htim6
 .bss.uwTick    0x20000124        0x4 ./Drivers/STM32F4xx_HAL_Driver/Src/stm32f4xx_hal.o
                0x20000124                uwTick
 .bss.xQueueRegistry
                0x20000128       0x40 ./ThirdParty/FreeRTOS/queue.o
                0x20000128                xQueueRegistry
 .bss.pxCurrentTCB
                0x20000168        0x4 ./ThirdParty/FreeRTOS/tasks.o
                0x20000168                pxCurrentTCB
 .bss.pxReadyTasksLists
                0x2000016c       0x64 ./ThirdParty/FreeRTOS/tasks.o
 .bss.xDelayedTaskList1
                0x200001d0       0x14 ./ThirdParty/FreeRTOS/tasks.o
 .bss.xDelayedTaskList2
                0x200001e4       0x14 ./ThirdParty/FreeRTOS/tasks.o
 .bss.pxDelayedTaskList
                0x200001f8        0x4 ./ThirdParty/FreeRTOS/tasks.o
 .bss.pxOverflowDelayedTaskList
                0x200001fc        0x4 ./ThirdParty/FreeRTOS/tasks.o
 .bss.xPendingReadyList
                0x20000200       0x14 ./ThirdParty/FreeRTOS/tasks.o
 .bss.xTasksWaitingTermination
                0x20000214       0x14 ./ThirdParty/FreeRTOS/tasks.o
 .bss.uxDeletedTasksWaitingCleanUp
                0x20000228        0x4 ./ThirdParty/FreeRTOS/tasks.o
 .bss.xSuspendedTaskList
                0x2000022c       0x14 ./ThirdParty/FreeRTOS/tasks.o
 .bss.uxCurrentNumberOfTasks
                0x20000240        0x4 ./ThirdParty/FreeRTOS/tasks.o
 .bss.xTickCount
                0x20000244        0x4 ./ThirdParty/FreeRTOS/tasks.o
 .bss.uxTopReadyPriority
                0x20000248        0x4 ./ThirdParty/FreeRTOS/tasks.o
 .bss.xSchedulerRunning
                0x2000024c        0x4 ./ThirdParty/FreeRTOS/tasks.o
 .bss.xPendedTicks
                0x20000250        0x4 ./ThirdParty/FreeRTOS/tasks.o
 .bss.xYieldPendings
                0x20000254        0x4 ./ThirdParty/FreeRTOS/tasks.o
 .bss.xNumOfOverflows
                0x20000258        0x4 ./ThirdParty/FreeRTOS/tasks.o
 .bss.uxTaskNumber
                0x2000025c        0x4 ./ThirdParty/FreeRTOS/tasks.o
 .bss.xNextTaskUnblockTime
                0x20000260        0x4 ./ThirdParty/FreeRTOS/tasks.o
 .bss.xIdleTaskHandles
                0x20000264        0x4 ./ThirdParty/FreeRTOS/tasks.o
 .bss.uxSchedulerSuspended
                0x20000268        0x4 ./ThirdParty/FreeRTOS/tasks.o
 .bss.xActiveTimerList1
                0x2000026c       0x14 ./ThirdParty/FreeRTOS/timers.o
 .bss.xActiveTimerList2
                0x20000280       0x14 ./ThirdParty/FreeRTOS/timers.o
 .bss.pxCurrentTimerList
                0x20000294        0x4 ./ThirdParty/FreeRTOS/timers.o
 .bss.pxOverflowTimerList
                0x20000298        0x4 ./ThirdParty/FreeRTOS/timers.o
 .bss.xTimerQueue
                0x2000029c        0x4 ./ThirdParty/FreeRTOS/timers.o
 .bss.xTimerTaskHandle
                0x200002a0        0x4 ./ThirdParty/FreeRTOS/timers.o
 .bss.xLastTime.0
                0x200002a4        0x4 ./ThirdParty/FreeRTOS/timers.o
 .bss.ucMaxSysCallPriority
                0x200002a8        0x1 ./ThirdParty/FreeRTOS/portable/GCC/ARM_CM4F/port.o
 *fill*         0x200002a9        0x3 
 .bss.ulMaxPRIGROUPValue
                0x200002ac        0x4 ./ThirdParty/FreeRTOS/portable/GCC/ARM_CM4F/port.o
 .bss.ucHeap    0x200002b0    0x12c00 ./ThirdParty/FreeRTOS/portable/MemMang/heap_4.o
 .bss.xStart    0x20012eb0        0x8 ./ThirdParty/FreeRTOS/portable/MemMang/heap_4.o
 .bss.pxEnd     0x20012eb8        0x4 ./ThirdParty/FreeRTOS/portable/MemMang/heap_4.o
 .bss.xFreeBytesRemaining
                0x20012ebc        0x4 ./ThirdParty/FreeRTOS/portable/MemMang/heap_4.o
 .bss.xMinimumEverFreeBytesRemaining
                0x20012ec0        0x4 ./ThirdParty/FreeRTOS/portable/MemMang/heap_4.o
 .bss.xNumberOfSuccessfulAllocations
                0x20012ec4        0x4 ./ThirdParty/FreeRTOS/portable/MemMang/heap_4.o
 .bss.xNumberOfSuccessfulFrees
                0x20012ec8        0x4 ./ThirdParty/FreeRTOS/portable/MemMang/heap_4.o
 *(COMMON)
                0x20012ecc                        . = ALIGN (0x4)
                0x20012ecc                        _ebss = .
                0x20012ecc                        __bss_end__ = _ebss

._user_heap_stack
                0x20012ecc      0x604
                0x20012ed0                        . = ALIGN (0x8)
 *fill*         0x20012ecc        0x4 
                [!provide]                        PROVIDE (end = .)
                0x20012ed0                        PROVIDE (_end = .)
                0x200130d0                        . = (. + _Min_Heap_Size)
 *fill*         0x20012ed0      0x200 
                0x200134d0                        . = (. + _Min_Stack_Size)
 *fill*         0x200130d0      0x400 
                0x200134d0                        . = ALIGN (0x8)

/DISCARD/
 libc.a(*)
 libm.a(*)
 libgcc.a(*)

.ARM.attributes
                0x00000000       0x30
 *(.ARM.attributes)
 .ARM.attributes
                0x00000000       0x22 /Applications/STM32CubeIDE.app/Contents/Eclipse/plugins/com.st.stm32cube.ide.mcu.externaltools.gnu-tools-for-stm32.13.3.rel1.macos64_1.0.0.202411102158/tools/bin/../lib/gcc/arm-none-eabi/13.3.1/thumb/v7e-m+fp/hard/crti.o
 .ARM.attributes
                0x00000022       0x34 /Applications/STM32CubeIDE.app/Contents/Eclipse/plugins/com.st.stm32cube.ide.mcu.externaltools.gnu-tools-for-stm32.13.3.rel1.macos64_1.0.0.202411102158/tools/bin/../lib/gcc/arm-none-eabi/13.3.1/thumb/v7e-m+fp/hard/crtbegin.o
 .ARM.attributes
                0x00000056       0x34 ./Core/Src/led_effect.o
 .ARM.attributes
                0x0000008a       0x34 ./Core/Src/main.o
 .ARM.attributes
                0x000000be       0x34 ./Core/Src/stm32f4xx_hal_msp.o
 .ARM.attributes
                0x000000f2       0x34 ./Core/Src/stm32f4xx_hal_timebase_tim.o
 .ARM.attributes
                0x00000126       0x34 ./Core/Src/stm32f4xx_it.o
 .ARM.attributes
                0x0000015a       0x34 ./Core/Src/system_stm32f4xx.o
 .ARM.attributes
                0x0000018e       0x34 ./Core/Src/task_handler.o
 .ARM.attributes
                0x000001c2       0x21 ./Core/Startup/startup_stm32f407vgtx.o
 .ARM.attributes
                0x000001e3       0x34 ./Drivers/STM32F4xx_HAL_Driver/Src/stm32f4xx_hal.o
 .ARM.attributes
                0x00000217       0x34 ./Drivers/STM32F4xx_HAL_Driver/Src/stm32f4xx_hal_cortex.o
 .ARM.attributes
                0x0000024b       0x34 ./Drivers/STM32F4xx_HAL_Driver/Src/stm32f4xx_hal_dma.o
 .ARM.attributes
                0x0000027f       0x34 ./Drivers/STM32F4xx_HAL_Driver/Src/stm32f4xx_hal_gpio.o
 .ARM.attributes
                0x000002b3       0x34 ./Drivers/STM32F4xx_HAL_Driver/Src/stm32f4xx_hal_rcc.o
 .ARM.attributes
                0x000002e7       0x34 ./Drivers/STM32F4xx_HAL_Driver/Src/stm32f4xx_hal_rcc_ex.o
 .ARM.attributes
                0x0000031b       0x34 ./Drivers/STM32F4xx_HAL_Driver/Src/stm32f4xx_hal_rtc.o
 .ARM.attributes
                0x0000034f       0x34 ./Drivers/STM32F4xx_HAL_Driver/Src/stm32f4xx_hal_tim.o
 .ARM.attributes
                0x00000383       0x34 ./Drivers/STM32F4xx_HAL_Driver/Src/stm32f4xx_hal_tim_ex.o
 .ARM.attributes
                0x000003b7       0x34 ./Drivers/STM32F4xx_HAL_Driver/Src/stm32f4xx_hal_uart.o
 .ARM.attributes
                0x000003eb       0x34 ./ThirdParty/FreeRTOS/list.o
 .ARM.attributes
                0x0000041f       0x34 ./ThirdParty/FreeRTOS/queue.o
 .ARM.attributes
                0x00000453       0x34 ./ThirdParty/FreeRTOS/tasks.o
 .ARM.attributes
                0x00000487       0x34 ./ThirdParty/FreeRTOS/timers.o
 .ARM.attributes
                0x000004bb       0x34 ./ThirdParty/FreeRTOS/portable/GCC/ARM_CM4F/port.o
 .ARM.attributes
                0x000004ef       0x34 ./ThirdParty/FreeRTOS/portable/MemMang/heap_4.o
 .ARM.attributes
                0x00000523       0x34 /Applications/STM32CubeIDE.app/Contents/Eclipse/plugins/com.st.stm32cube.ide.mcu.externaltools.gnu-tools-for-stm32.13.3.rel1.macos64_1.0.0.202411102158/tools/bin/../lib/gcc/arm-none-eabi/13.3.1/../../../../arm-none-eabi/lib/thumb/v7e-m+fp/hard/libc_nano.a(libc_a-memset.o)
 .ARM.attributes
                0x00000557       0x34 /Applications/STM32CubeIDE.app/Contents/Eclipse/plugins/com.st.stm32cube.ide.mcu.externaltools.gnu-tools-for-stm32.13.3.rel1.macos64_1.0.0.202411102158/tools/bin/../lib/gcc/arm-none-eabi/13.3.1/../../../../arm-none-eabi/lib/thumb/v7e-m+fp/hard/libc_nano.a(libc_a-init.o)
 .ARM.attributes
                0x0000058b       0x20 /Applications/STM32CubeIDE.app/Contents/Eclipse/plugins/com.st.stm32cube.ide.mcu.externaltools.gnu-tools-for-stm32.13.3.rel1.macos64_1.0.0.202411102158/tools/bin/../lib/gcc/arm-none-eabi/13.3.1/../../../../arm-none-eabi/lib/thumb/v7e-m+fp/hard/libc_nano.a(libc_a-strcmp.o)
 .ARM.attributes
                0x000005ab       0x34 /Applications/STM32CubeIDE.app/Contents/Eclipse/plugins/com.st.stm32cube.ide.mcu.externaltools.gnu-tools-for-stm32.13.3.rel1.macos64_1.0.0.202411102158/tools/bin/../lib/gcc/arm-none-eabi/13.3.1/../../../../arm-none-eabi/lib/thumb/v7e-m+fp/hard/libc_nano.a(libc_a-memcpy-stub.o)
 .ARM.attributes
                0x000005df       0x17 /Applications/STM32CubeIDE.app/Contents/Eclipse/plugins/com.st.stm32cube.ide.mcu.externaltools.gnu-tools-for-stm32.13.3.rel1.macos64_1.0.0.202411102158/tools/bin/../lib/gcc/arm-none-eabi/13.3.1/../../../../arm-none-eabi/lib/thumb/v7e-m+fp/hard/libc_nano.a(libc_a-strlen.o)
 .ARM.attributes
                0x000005f6       0x22 /Applications/STM32CubeIDE.app/Contents/Eclipse/plugins/com.st.stm32cube.ide.mcu.externaltools.gnu-tools-for-stm32.13.3.rel1.macos64_1.0.0.202411102158/tools/bin/../lib/gcc/arm-none-eabi/13.3.1/thumb/v7e-m+fp/hard/libgcc.a(_aeabi_uldivmod.o)
 .ARM.attributes
                0x00000618       0x34 /Applications/STM32CubeIDE.app/Contents/Eclipse/plugins/com.st.stm32cube.ide.mcu.externaltools.gnu-tools-for-stm32.13.3.rel1.macos64_1.0.0.202411102158/tools/bin/../lib/gcc/arm-none-eabi/13.3.1/thumb/v7e-m+fp/hard/libgcc.a(_udivmoddi4.o)
 .ARM.attributes
                0x0000064c       0x22 /Applications/STM32CubeIDE.app/Contents/Eclipse/plugins/com.st.stm32cube.ide.mcu.externaltools.gnu-tools-for-stm32.13.3.rel1.macos64_1.0.0.202411102158/tools/bin/../lib/gcc/arm-none-eabi/13.3.1/thumb/v7e-m+fp/hard/libgcc.a(_dvmd_tls.o)
 .ARM.attributes
                0x0000066e       0x22 /Applications/STM32CubeIDE.app/Contents/Eclipse/plugins/com.st.stm32cube.ide.mcu.externaltools.gnu-tools-for-stm32.13.3.rel1.macos64_1.0.0.202411102158/tools/bin/../lib/gcc/arm-none-eabi/13.3.1/thumb/v7e-m+fp/hard/crtn.o
OUTPUT(Queues_n_Timers.elf elf32-littlearm)
LOAD linker stubs
LOAD /Applications/STM32CubeIDE.app/Contents/Eclipse/plugins/com.st.stm32cube.ide.mcu.externaltools.gnu-tools-for-stm32.13.3.rel1.macos64_1.0.0.202411102158/tools/bin/../lib/gcc/arm-none-eabi/13.3.1/../../../../arm-none-eabi/lib/thumb/v7e-m+fp/hard/libc.a
LOAD /Applications/STM32CubeIDE.app/Contents/Eclipse/plugins/com.st.stm32cube.ide.mcu.externaltools.gnu-tools-for-stm32.13.3.rel1.macos64_1.0.0.202411102158/tools/bin/../lib/gcc/arm-none-eabi/13.3.1/../../../../arm-none-eabi/lib/thumb/v7e-m+fp/hard/libm.a
LOAD /Applications/STM32CubeIDE.app/Contents/Eclipse/plugins/com.st.stm32cube.ide.mcu.externaltools.gnu-tools-for-stm32.13.3.rel1.macos64_1.0.0.202411102158/tools/bin/../lib/gcc/arm-none-eabi/13.3.1/thumb/v7e-m+fp/hard/libgcc.a

.debug_info     0x00000000    0x15ff8
 .debug_info    0x00000000      0x382 ./Core/Src/led_effect.o
 .debug_info    0x00000382     0x184b ./Core/Src/main.o
 .debug_info    0x00001bcd     0x1019 ./Core/Src/stm32f4xx_hal_msp.o
 .debug_info    0x00002be6      0xbee ./Core/Src/stm32f4xx_hal_timebase_tim.o
 .debug_info    0x000037d4      0x95c ./Core/Src/stm32f4xx_it.o
 .debug_info    0x00004130      0x512 ./Core/Src/system_stm32f4xx.o
 .debug_info    0x00004642      0xdcc ./Core/Src/task_handler.o
 .debug_info    0x0000540e       0x30 ./Core/Startup/startup_stm32f407vgtx.o
 .debug_info    0x0000543e      0x944 ./Drivers/STM32F4xx_HAL_Driver/Src/stm32f4xx_hal.o
 .debug_info    0x00005d82      0xd8c ./Drivers/STM32F4xx_HAL_Driver/Src/stm32f4xx_hal_cortex.o
 .debug_info    0x00006b0e      0x8e7 ./Drivers/STM32F4xx_HAL_Driver/Src/stm32f4xx_hal_dma.o
 .debug_info    0x000073f5      0x6c3 ./Drivers/STM32F4xx_HAL_Driver/Src/stm32f4xx_hal_gpio.o
 .debug_info    0x00007ab8      0x8c3 ./Drivers/STM32F4xx_HAL_Driver/Src/stm32f4xx_hal_rcc.o
 .debug_info    0x0000837b      0x536 ./Drivers/STM32F4xx_HAL_Driver/Src/stm32f4xx_hal_rcc_ex.o
 .debug_info    0x000088b1      0xc20 ./Drivers/STM32F4xx_HAL_Driver/Src/stm32f4xx_hal_rtc.o
 .debug_info    0x000094d1     0x299d ./Drivers/STM32F4xx_HAL_Driver/Src/stm32f4xx_hal_tim.o
 .debug_info    0x0000be6e     0x14db ./Drivers/STM32F4xx_HAL_Driver/Src/stm32f4xx_hal_tim_ex.o
 .debug_info    0x0000d349     0x2f4f ./Drivers/STM32F4xx_HAL_Driver/Src/stm32f4xx_hal_uart.o
 .debug_info    0x00010298      0x2af ./ThirdParty/FreeRTOS/list.o
 .debug_info    0x00010547     0x18a3 ./ThirdParty/FreeRTOS/queue.o
 .debug_info    0x00011dea     0x272a ./ThirdParty/FreeRTOS/tasks.o
 .debug_info    0x00014514      0xef8 ./ThirdParty/FreeRTOS/timers.o
 .debug_info    0x0001540c      0x622 ./ThirdParty/FreeRTOS/portable/GCC/ARM_CM4F/port.o
 .debug_info    0x00015a2e      0x5ca ./ThirdParty/FreeRTOS/portable/MemMang/heap_4.o

.debug_abbrev   0x00000000     0x35e9
 .debug_abbrev  0x00000000      0x1ca ./Core/Src/led_effect.o
 .debug_abbrev  0x000001ca      0x37e ./Core/Src/main.o
 .debug_abbrev  0x00000548      0x220 ./Core/Src/stm32f4xx_hal_msp.o
 .debug_abbrev  0x00000768      0x1f4 ./Core/Src/stm32f4xx_hal_timebase_tim.o
 .debug_abbrev  0x0000095c      0x188 ./Core/Src/stm32f4xx_it.o
 .debug_abbrev  0x00000ae4      0x11a ./Core/Src/system_stm32f4xx.o
 .debug_abbrev  0x00000bfe      0x2eb ./Core/Src/task_handler.o
 .debug_abbrev  0x00000ee9       0x24 ./Core/Startup/startup_stm32f407vgtx.o
 .debug_abbrev  0x00000f0d      0x214 ./Drivers/STM32F4xx_HAL_Driver/Src/stm32f4xx_hal.o
 .debug_abbrev  0x00001121      0x31d ./Drivers/STM32F4xx_HAL_Driver/Src/stm32f4xx_hal_cortex.o
 .debug_abbrev  0x0000143e      0x264 ./Drivers/STM32F4xx_HAL_Driver/Src/stm32f4xx_hal_dma.o
 .debug_abbrev  0x000016a2      0x1d4 ./Drivers/STM32F4xx_HAL_Driver/Src/stm32f4xx_hal_gpio.o
 .debug_abbrev  0x00001876      0x2b7 ./Drivers/STM32F4xx_HAL_Driver/Src/stm32f4xx_hal_rcc.o
 .debug_abbrev  0x00001b2d      0x1b0 ./Drivers/STM32F4xx_HAL_Driver/Src/stm32f4xx_hal_rcc_ex.o
 .debug_abbrev  0x00001cdd      0x1dd ./Drivers/STM32F4xx_HAL_Driver/Src/stm32f4xx_hal_rtc.o
 .debug_abbrev  0x00001eba      0x278 ./Drivers/STM32F4xx_HAL_Driver/Src/stm32f4xx_hal_tim.o
 .debug_abbrev  0x00002132      0x283 ./Drivers/STM32F4xx_HAL_Driver/Src/stm32f4xx_hal_tim_ex.o
 .debug_abbrev  0x000023b5      0x30e ./Drivers/STM32F4xx_HAL_Driver/Src/stm32f4xx_hal_uart.o
 .debug_abbrev  0x000026c3       0xf5 ./ThirdParty/FreeRTOS/list.o
 .debug_abbrev  0x000027b8      0x323 ./ThirdParty/FreeRTOS/queue.o
 .debug_abbrev  0x00002adb      0x38e ./ThirdParty/FreeRTOS/tasks.o
 .debug_abbrev  0x00002e69      0x2e0 ./ThirdParty/FreeRTOS/timers.o
 .debug_abbrev  0x00003149      0x248 ./ThirdParty/FreeRTOS/portable/GCC/ARM_CM4F/port.o
 .debug_abbrev  0x00003391      0x258 ./ThirdParty/FreeRTOS/portable/MemMang/heap_4.o

.debug_aranges  0x00000000     0x13b8
 .debug_aranges
                0x00000000       0x70 ./Core/Src/led_effect.o
 .debug_aranges
                0x00000070       0x60 ./Core/Src/main.o
 .debug_aranges
                0x000000d0       0x40 ./Core/Src/stm32f4xx_hal_msp.o
 .debug_aranges
                0x00000110       0x30 ./Core/Src/stm32f4xx_hal_timebase_tim.o
 .debug_aranges
                0x00000140       0x58 ./Core/Src/stm32f4xx_it.o
 .debug_aranges
                0x00000198       0x28 ./Core/Src/system_stm32f4xx.o
 .debug_aranges
                0x000001c0       0x50 ./Core/Src/task_handler.o
 .debug_aranges
                0x00000210       0x28 ./Core/Startup/startup_stm32f407vgtx.o
 .debug_aranges
                0x00000238       0xf0 ./Drivers/STM32F4xx_HAL_Driver/Src/stm32f4xx_hal.o
 .debug_aranges
                0x00000328      0x130 ./Drivers/STM32F4xx_HAL_Driver/Src/stm32f4xx_hal_cortex.o
 .debug_aranges
                0x00000458       0x90 ./Drivers/STM32F4xx_HAL_Driver/Src/stm32f4xx_hal_dma.o
 .debug_aranges
                0x000004e8       0x58 ./Drivers/STM32F4xx_HAL_Driver/Src/stm32f4xx_hal_gpio.o
 .debug_aranges
                0x00000540       0x88 ./Drivers/STM32F4xx_HAL_Driver/Src/stm32f4xx_hal_rcc.o
 .debug_aranges
                0x000005c8       0x48 ./Drivers/STM32F4xx_HAL_Driver/Src/stm32f4xx_hal_rcc_ex.o
 .debug_aranges
                0x00000610       0xe8 ./Drivers/STM32F4xx_HAL_Driver/Src/stm32f4xx_hal_rtc.o
 .debug_aranges
                0x000006f8      0x3d0 ./Drivers/STM32F4xx_HAL_Driver/Src/stm32f4xx_hal_tim.o
 .debug_aranges
                0x00000ac8      0x168 ./Drivers/STM32F4xx_HAL_Driver/Src/stm32f4xx_hal_tim_ex.o
 .debug_aranges
                0x00000c30      0x208 ./Drivers/STM32F4xx_HAL_Driver/Src/stm32f4xx_hal_uart.o
 .debug_aranges
                0x00000e38       0x40 ./ThirdParty/FreeRTOS/list.o
 .debug_aranges
                0x00000e78      0x140 ./ThirdParty/FreeRTOS/queue.o
 .debug_aranges
                0x00000fb8      0x228 ./ThirdParty/FreeRTOS/tasks.o
 .debug_aranges
                0x000011e0       0xf0 ./ThirdParty/FreeRTOS/timers.o
 .debug_aranges
                0x000012d0       0x88 ./ThirdParty/FreeRTOS/portable/GCC/ARM_CM4F/port.o
 .debug_aranges
                0x00001358       0x60 ./ThirdParty/FreeRTOS/portable/MemMang/heap_4.o

.debug_rnglists
                0x00000000      0xf52
 .debug_rnglists
                0x00000000       0x4f ./Core/Src/led_effect.o
 .debug_rnglists
                0x0000004f       0x47 ./Core/Src/main.o
 .debug_rnglists
                0x00000096       0x2c ./Core/Src/stm32f4xx_hal_msp.o
 .debug_rnglists
                0x000000c2       0x20 ./Core/Src/stm32f4xx_hal_timebase_tim.o
 .debug_rnglists
                0x000000e2       0x3d ./Core/Src/stm32f4xx_it.o
 .debug_rnglists
                0x0000011f       0x1a ./Core/Src/system_stm32f4xx.o
 .debug_rnglists
                0x00000139       0x3b ./Core/Src/task_handler.o
 .debug_rnglists
                0x00000174       0x19 ./Core/Startup/startup_stm32f407vgtx.o
 .debug_rnglists
                0x0000018d       0xaf ./Drivers/STM32F4xx_HAL_Driver/Src/stm32f4xx_hal.o
 .debug_rnglists
                0x0000023c       0xe0 ./Drivers/STM32F4xx_HAL_Driver/Src/stm32f4xx_hal_cortex.o
 .debug_rnglists
                0x0000031c       0x70 ./Drivers/STM32F4xx_HAL_Driver/Src/stm32f4xx_hal_dma.o
 .debug_rnglists
                0x0000038c       0x3f ./Drivers/STM32F4xx_HAL_Driver/Src/stm32f4xx_hal_gpio.o
 .debug_rnglists
                0x000003cb       0x66 ./Drivers/STM32F4xx_HAL_Driver/Src/stm32f4xx_hal_rcc.o
 .debug_rnglists
                0x00000431       0x35 ./Drivers/STM32F4xx_HAL_Driver/Src/stm32f4xx_hal_rcc_ex.o
 .debug_rnglists
                0x00000466       0xb4 ./Drivers/STM32F4xx_HAL_Driver/Src/stm32f4xx_hal_rtc.o
 .debug_rnglists
                0x0000051a      0x31a ./Drivers/STM32F4xx_HAL_Driver/Src/stm32f4xx_hal_tim.o
 .debug_rnglists
                0x00000834      0x125 ./Drivers/STM32F4xx_HAL_Driver/Src/stm32f4xx_hal_tim_ex.o
 .debug_rnglists
                0x00000959      0x1bc ./Drivers/STM32F4xx_HAL_Driver/Src/stm32f4xx_hal_uart.o
 .debug_rnglists
                0x00000b15       0x2b ./ThirdParty/FreeRTOS/list.o
 .debug_rnglists
                0x00000b40       0xf8 ./ThirdParty/FreeRTOS/queue.o
 .debug_rnglists
                0x00000c38      0x1ba ./ThirdParty/FreeRTOS/tasks.o
 .debug_rnglists
                0x00000df2       0xb4 ./ThirdParty/FreeRTOS/timers.o
 .debug_rnglists
                0x00000ea6       0x64 ./ThirdParty/FreeRTOS/portable/GCC/ARM_CM4F/port.o
 .debug_rnglists
                0x00000f0a       0x48 ./ThirdParty/FreeRTOS/portable/MemMang/heap_4.o

.debug_macro    0x00000000    0x24ff4
 .debug_macro   0x00000000      0x3c5 ./Core/Src/led_effect.o
 .debug_macro   0x000003c5      0xad8 ./Core/Src/led_effect.o
 .debug_macro   0x00000e9d      0x2a1 ./Core/Src/led_effect.o
 .debug_macro   0x0000113e       0x2e ./Core/Src/led_effect.o
 .debug_macro   0x0000116c       0x2f ./Core/Src/led_effect.o
 .debug_macro   0x0000119b       0x22 ./Core/Src/led_effect.o
 .debug_macro   0x000011bd       0x8e ./Core/Src/led_effect.o
 .debug_macro   0x0000124b       0x51 ./Core/Src/led_effect.o
 .debug_macro   0x0000129c      0x103 ./Core/Src/led_effect.o
 .debug_macro   0x0000139f       0x6a ./Core/Src/led_effect.o
 .debug_macro   0x00001409      0x1df ./Core/Src/led_effect.o
 .debug_macro   0x000015e8       0x1c ./Core/Src/led_effect.o
 .debug_macro   0x00001604       0x22 ./Core/Src/led_effect.o
 .debug_macro   0x00001626       0xfb ./Core/Src/led_effect.o
 .debug_macro   0x00001721     0x1011 ./Core/Src/led_effect.o
 .debug_macro   0x00002732      0x11f ./Core/Src/led_effect.o
 .debug_macro   0x00002851    0x15ea5 ./Core/Src/led_effect.o
 .debug_macro   0x000186f6       0x6d ./Core/Src/led_effect.o
 .debug_macro   0x00018763     0x3693 ./Core/Src/led_effect.o
 .debug_macro   0x0001bdf6      0x190 ./Core/Src/led_effect.o
 .debug_macro   0x0001bf86       0x5c ./Core/Src/led_effect.o
 .debug_macro   0x0001bfe2      0x980 ./Core/Src/led_effect.o
 .debug_macro   0x0001c962      0x9e9 ./Core/Src/led_effect.o
 .debug_macro   0x0001d34b      0x115 ./Core/Src/led_effect.o
 .debug_macro   0x0001d460      0x13e ./Core/Src/led_effect.o
 .debug_macro   0x0001d59e       0xa5 ./Core/Src/led_effect.o
 .debug_macro   0x0001d643      0x174 ./Core/Src/led_effect.o
 .debug_macro   0x0001d7b7      0x287 ./Core/Src/led_effect.o
 .debug_macro   0x0001da3e       0x5f ./Core/Src/led_effect.o
 .debug_macro   0x0001da9d      0x236 ./Core/Src/led_effect.o
 .debug_macro   0x0001dcd3      0x12c ./Core/Src/led_effect.o
 .debug_macro   0x0001ddff      0x21e ./Core/Src/led_effect.o
 .debug_macro   0x0001e01d       0x2e ./Core/Src/led_effect.o
 .debug_macro   0x0001e04b      0x127 ./Core/Src/led_effect.o
 .debug_macro   0x0001e172       0x7e ./Core/Src/led_effect.o
 .debug_macro   0x0001e1f0       0x89 ./Core/Src/led_effect.o
 .debug_macro   0x0001e279      0x30c ./Core/Src/led_effect.o
 .debug_macro   0x0001e585      0x44b ./Core/Src/led_effect.o
 .debug_macro   0x0001e9d0       0xeb ./Core/Src/led_effect.o
 .debug_macro   0x0001eabb      0x8ed ./Core/Src/led_effect.o
 .debug_macro   0x0001f3a8       0x4d ./Core/Src/led_effect.o
 .debug_macro   0x0001f3f5      0x2aa ./Core/Src/led_effect.o
 .debug_macro   0x0001f69f      0x12d ./Core/Src/led_effect.o
 .debug_macro   0x0001f7cc       0x16 ./Core/Src/led_effect.o
 .debug_macro   0x0001f7e2      0x112 ./Core/Src/led_effect.o
 .debug_macro   0x0001f8f4       0x1c ./Core/Src/led_effect.o
 .debug_macro   0x0001f910      0x182 ./Core/Src/led_effect.o
 .debug_macro   0x0001fa92       0xee ./Core/Src/led_effect.o
 .debug_macro   0x0001fb80       0x2e ./Core/Src/led_effect.o
 .debug_macro   0x0001fbae       0x1f ./Core/Src/led_effect.o
 .debug_macro   0x0001fbcd       0x12 ./Core/Src/led_effect.o
 .debug_macro   0x0001fbdf     0x109b ./Core/Src/led_effect.o
 .debug_macro   0x00020c7a       0xc3 ./Core/Src/led_effect.o
 .debug_macro   0x00020d3d      0x14f ./Core/Src/led_effect.o
 .debug_macro   0x00020e8c       0x80 ./Core/Src/led_effect.o
 .debug_macro   0x00020f0c       0x61 ./Core/Src/led_effect.o
 .debug_macro   0x00020f6d       0x2a ./Core/Src/led_effect.o
 .debug_macro   0x00020f97       0x43 ./Core/Src/led_effect.o
 .debug_macro   0x00020fda       0x34 ./Core/Src/led_effect.o
 .debug_macro   0x0002100e       0x16 ./Core/Src/led_effect.o
 .debug_macro   0x00021024       0x3c ./Core/Src/led_effect.o
 .debug_macro   0x00021060      0x370 ./Core/Src/led_effect.o
 .debug_macro   0x000213d0       0x10 ./Core/Src/led_effect.o
 .debug_macro   0x000213e0       0x16 ./Core/Src/led_effect.o
 .debug_macro   0x000213f6       0x4a ./Core/Src/led_effect.o
 .debug_macro   0x00021440       0x34 ./Core/Src/led_effect.o
 .debug_macro   0x00021474       0x10 ./Core/Src/led_effect.o
 .debug_macro   0x00021484       0x58 ./Core/Src/led_effect.o
 .debug_macro   0x000214dc       0x8e ./Core/Src/led_effect.o
 .debug_macro   0x0002156a       0x1c ./Core/Src/led_effect.o
 .debug_macro   0x00021586      0x185 ./Core/Src/led_effect.o
 .debug_macro   0x0002170b       0x16 ./Core/Src/led_effect.o
 .debug_macro   0x00021721       0x16 ./Core/Src/led_effect.o
 .debug_macro   0x00021737      0x146 ./Core/Src/led_effect.o
 .debug_macro   0x0002187d       0x16 ./Core/Src/led_effect.o
 .debug_macro   0x00021893       0x16 ./Core/Src/led_effect.o
 .debug_macro   0x000218a9       0x29 ./Core/Src/led_effect.o
 .debug_macro   0x000218d2       0x16 ./Core/Src/led_effect.o
 .debug_macro   0x000218e8       0x20 ./Core/Src/led_effect.o
 .debug_macro   0x00021908       0x9e ./Core/Src/led_effect.o
 .debug_macro   0x000219a6      0x1df ./Core/Src/led_effect.o
 .debug_macro   0x00021b85      0x3cb ./Core/Src/main.o
 .debug_macro   0x00021f50      0x3c5 ./Core/Src/stm32f4xx_hal_msp.o
 .debug_macro   0x00022315      0x1e7 ./Core/Src/stm32f4xx_hal_timebase_tim.o
 .debug_macro   0x000224fc      0x3cf ./Core/Src/stm32f4xx_it.o
 .debug_macro   0x000228cb      0x1e7 ./Core/Src/system_stm32f4xx.o
 .debug_macro   0x00022ab2      0x3f0 ./Core/Src/task_handler.o
 .debug_macro   0x00022ea2      0x112 ./Core/Src/task_handler.o
 .debug_macro   0x00022fb4      0x247 ./Drivers/STM32F4xx_HAL_Driver/Src/stm32f4xx_hal.o
 .debug_macro   0x000231fb      0x1e7 ./Drivers/STM32F4xx_HAL_Driver/Src/stm32f4xx_hal_cortex.o
 .debug_macro   0x000233e2      0x1ed ./Drivers/STM32F4xx_HAL_Driver/Src/stm32f4xx_hal_dma.o
 .debug_macro   0x000235cf      0x1ed ./Drivers/STM32F4xx_HAL_Driver/Src/stm32f4xx_hal_gpio.o
 .debug_macro   0x000237bc      0x20b ./Drivers/STM32F4xx_HAL_Driver/Src/stm32f4xx_hal_rcc.o
 .debug_macro   0x000239c7      0x1e7 ./Drivers/STM32F4xx_HAL_Driver/Src/stm32f4xx_hal_rcc_ex.o
 .debug_macro   0x00023bae      0x1e8 ./Drivers/STM32F4xx_HAL_Driver/Src/stm32f4xx_hal_rtc.o
 .debug_macro   0x00023d96      0x1e8 ./Drivers/STM32F4xx_HAL_Driver/Src/stm32f4xx_hal_tim.o
 .debug_macro   0x00023f7e      0x1e7 ./Drivers/STM32F4xx_HAL_Driver/Src/stm32f4xx_hal_tim_ex.o
 .debug_macro   0x00024165      0x1e8 ./Drivers/STM32F4xx_HAL_Driver/Src/stm32f4xx_hal_uart.o
 .debug_macro   0x0002434d      0x1a2 ./ThirdParty/FreeRTOS/list.o
 .debug_macro   0x000244ef      0x239 ./ThirdParty/FreeRTOS/queue.o
 .debug_macro   0x00024728      0x2be ./ThirdParty/FreeRTOS/tasks.o
 .debug_macro   0x000249e6       0x17 ./ThirdParty/FreeRTOS/tasks.o
 .debug_macro   0x000249fd      0x1f1 ./ThirdParty/FreeRTOS/timers.o
 .debug_macro   0x00024bee      0x1cf ./ThirdParty/FreeRTOS/portable/GCC/ARM_CM4F/port.o
 .debug_macro   0x00024dbd      0x237 ./ThirdParty/FreeRTOS/portable/MemMang/heap_4.o

.debug_line     0x00000000    0x17c51
 .debug_line    0x00000000      0xbc0 ./Core/Src/led_effect.o
 .debug_line    0x00000bc0      0xd97 ./Core/Src/main.o
 .debug_line    0x00001957      0xb03 ./Core/Src/stm32f4xx_hal_msp.o
 .debug_line    0x0000245a      0x78a ./Core/Src/stm32f4xx_hal_timebase_tim.o
 .debug_line    0x00002be4      0xb03 ./Core/Src/stm32f4xx_it.o
 .debug_line    0x000036e7      0x782 ./Core/Src/system_stm32f4xx.o
 .debug_line    0x00003e69      0xd68 ./Core/Src/task_handler.o
 .debug_line    0x00004bd1       0x7a ./Core/Startup/startup_stm32f407vgtx.o
 .debug_line    0x00004c4b      0x9fe ./Drivers/STM32F4xx_HAL_Driver/Src/stm32f4xx_hal.o
 .debug_line    0x00005649      0xcce ./Drivers/STM32F4xx_HAL_Driver/Src/stm32f4xx_hal_cortex.o
 .debug_line    0x00006317      0xf6a ./Drivers/STM32F4xx_HAL_Driver/Src/stm32f4xx_hal_dma.o
 .debug_line    0x00007281      0xb56 ./Drivers/STM32F4xx_HAL_Driver/Src/stm32f4xx_hal_gpio.o
 .debug_line    0x00007dd7      0xe0d ./Drivers/STM32F4xx_HAL_Driver/Src/stm32f4xx_hal_rcc.o
 .debug_line    0x00008be4      0xa6d ./Drivers/STM32F4xx_HAL_Driver/Src/stm32f4xx_hal_rcc_ex.o
 .debug_line    0x00009651     0x112f ./Drivers/STM32F4xx_HAL_Driver/Src/stm32f4xx_hal_rtc.o
 .debug_line    0x0000a780     0x3773 ./Drivers/STM32F4xx_HAL_Driver/Src/stm32f4xx_hal_tim.o
 .debug_line    0x0000def3     0x195e ./Drivers/STM32F4xx_HAL_Driver/Src/stm32f4xx_hal_tim_ex.o
 .debug_line    0x0000f851     0x2546 ./Drivers/STM32F4xx_HAL_Driver/Src/stm32f4xx_hal_uart.o
 .debug_line    0x00011d97      0x79c ./ThirdParty/FreeRTOS/list.o
 .debug_line    0x00012533     0x1695 ./ThirdParty/FreeRTOS/queue.o
 .debug_line    0x00013bc8     0x1efc ./ThirdParty/FreeRTOS/tasks.o
 .debug_line    0x00015ac4      0xd49 ./ThirdParty/FreeRTOS/timers.o
 .debug_line    0x0001680d      0x938 ./ThirdParty/FreeRTOS/portable/GCC/ARM_CM4F/port.o
 .debug_line    0x00017145      0xb0c ./ThirdParty/FreeRTOS/portable/MemMang/heap_4.o

.debug_str      0x00000000    0xe0e78
 .debug_str     0x00000000    0xe0e78 ./Core/Src/led_effect.o
                              0xd9211 (size before relaxing)
 .debug_str     0x000e0e78    0xda100 ./Core/Src/main.o
 .debug_str     0x000e0e78    0xd9ed2 ./Core/Src/stm32f4xx_hal_msp.o
 .debug_str     0x000e0e78    0xca4f8 ./Core/Src/stm32f4xx_hal_timebase_tim.o
 .debug_str     0x000e0e78    0xd988a ./Core/Src/stm32f4xx_it.o
 .debug_str     0x000e0e78    0xc9a01 ./Core/Src/system_stm32f4xx.o
 .debug_str     0x000e0e78    0xd9a19 ./Core/Src/task_handler.o
 .debug_str     0x000e0e78       0x83 ./Core/Startup/startup_stm32f407vgtx.o
 .debug_str     0x000e0e78    0xca585 ./Drivers/STM32F4xx_HAL_Driver/Src/stm32f4xx_hal.o
 .debug_str     0x000e0e78    0xca301 ./Drivers/STM32F4xx_HAL_Driver/Src/stm32f4xx_hal_cortex.o
 .debug_str     0x000e0e78    0xc9e1b ./Drivers/STM32F4xx_HAL_Driver/Src/stm32f4xx_hal_dma.o
 .debug_str     0x000e0e78    0xc9b7c ./Drivers/STM32F4xx_HAL_Driver/Src/stm32f4xx_hal_gpio.o
 .debug_str     0x000e0e78    0xc9e35 ./Drivers/STM32F4xx_HAL_Driver/Src/stm32f4xx_hal_rcc.o
 .debug_str     0x000e0e78    0xc9b53 ./Drivers/STM32F4xx_HAL_Driver/Src/stm32f4xx_hal_rcc_ex.o
 .debug_str     0x000e0e78    0xc9e70 ./Drivers/STM32F4xx_HAL_Driver/Src/stm32f4xx_hal_rtc.o
 .debug_str     0x000e0e78    0xcad8b ./Drivers/STM32F4xx_HAL_Driver/Src/stm32f4xx_hal_tim.o
 .debug_str     0x000e0e78    0xca597 ./Drivers/STM32F4xx_HAL_Driver/Src/stm32f4xx_hal_tim_ex.o
 .debug_str     0x000e0e78    0xca416 ./Drivers/STM32F4xx_HAL_Driver/Src/stm32f4xx_hal_uart.o
 .debug_str     0x000e0e78    0x10914 ./ThirdParty/FreeRTOS/list.o
 .debug_str     0x000e0e78    0x13264 ./ThirdParty/FreeRTOS/queue.o
 .debug_str     0x000e0e78    0x14102 ./ThirdParty/FreeRTOS/tasks.o
 .debug_str     0x000e0e78    0x13506 ./ThirdParty/FreeRTOS/timers.o
 .debug_str     0x000e0e78     0xf3df ./ThirdParty/FreeRTOS/portable/GCC/ARM_CM4F/port.o
 .debug_str     0x000e0e78    0x1245d ./ThirdParty/FreeRTOS/portable/MemMang/heap_4.o

.comment        0x00000000       0x43
 .comment       0x00000000       0x43 ./Core/Src/led_effect.o
                                 0x44 (size before relaxing)
 .comment       0x00000043       0x44 ./Core/Src/main.o
 .comment       0x00000043       0x44 ./Core/Src/stm32f4xx_hal_msp.o
 .comment       0x00000043       0x44 ./Core/Src/stm32f4xx_hal_timebase_tim.o
 .comment       0x00000043       0x44 ./Core/Src/stm32f4xx_it.o
 .comment       0x00000043       0x44 ./Core/Src/system_stm32f4xx.o
 .comment       0x00000043       0x44 ./Core/Src/task_handler.o
 .comment       0x00000043       0x44 ./Drivers/STM32F4xx_HAL_Driver/Src/stm32f4xx_hal.o
 .comment       0x00000043       0x44 ./Drivers/STM32F4xx_HAL_Driver/Src/stm32f4xx_hal_cortex.o
 .comment       0x00000043       0x44 ./Drivers/STM32F4xx_HAL_Driver/Src/stm32f4xx_hal_dma.o
 .comment       0x00000043       0x44 ./Drivers/STM32F4xx_HAL_Driver/Src/stm32f4xx_hal_gpio.o
 .comment       0x00000043       0x44 ./Drivers/STM32F4xx_HAL_Driver/Src/stm32f4xx_hal_rcc.o
 .comment       0x00000043       0x44 ./Drivers/STM32F4xx_HAL_Driver/Src/stm32f4xx_hal_rcc_ex.o
 .comment       0x00000043       0x44 ./Drivers/STM32F4xx_HAL_Driver/Src/stm32f4xx_hal_rtc.o
 .comment       0x00000043       0x44 ./Drivers/STM32F4xx_HAL_Driver/Src/stm32f4xx_hal_tim.o
 .comment       0x00000043       0x44 ./Drivers/STM32F4xx_HAL_Driver/Src/stm32f4xx_hal_tim_ex.o
 .comment       0x00000043       0x44 ./Drivers/STM32F4xx_HAL_Driver/Src/stm32f4xx_hal_uart.o
 .comment       0x00000043       0x44 ./ThirdParty/FreeRTOS/list.o
 .comment       0x00000043       0x44 ./ThirdParty/FreeRTOS/queue.o
 .comment       0x00000043       0x44 ./ThirdParty/FreeRTOS/tasks.o
 .comment       0x00000043       0x44 ./ThirdParty/FreeRTOS/timers.o
 .comment       0x00000043       0x44 ./ThirdParty/FreeRTOS/portable/GCC/ARM_CM4F/port.o
 .comment       0x00000043       0x44 ./ThirdParty/FreeRTOS/portable/MemMang/heap_4.o

.debug_frame    0x00000000     0x522c
 .debug_frame   0x00000000      0x160 ./Core/Src/led_effect.o
 .debug_frame   0x00000160      0x138 ./Core/Src/main.o
 .debug_frame   0x00000298       0xc8 ./Core/Src/stm32f4xx_hal_msp.o
 .debug_frame   0x00000360       0x74 ./Core/Src/stm32f4xx_hal_timebase_tim.o
 .debug_frame   0x000003d4       0xe0 ./Core/Src/stm32f4xx_it.o
 .debug_frame   0x000004b4       0x58 ./Core/Src/system_stm32f4xx.o
 .debug_frame   0x0000050c       0xfc ./Core/Src/task_handler.o
 .debug_frame   0x00000608      0x374 ./Drivers/STM32F4xx_HAL_Driver/Src/stm32f4xx_hal.o
 .debug_frame   0x0000097c      0x508 ./Drivers/STM32F4xx_HAL_Driver/Src/stm32f4xx_hal_cortex.o
 .debug_frame   0x00000e84      0x250 ./Drivers/STM32F4xx_HAL_Driver/Src/stm32f4xx_hal_dma.o
 .debug_frame   0x000010d4      0x14c ./Drivers/STM32F4xx_HAL_Driver/Src/stm32f4xx_hal_gpio.o
 .debug_frame   0x00001220      0x1f4 ./Drivers/STM32F4xx_HAL_Driver/Src/stm32f4xx_hal_rcc.o
 .debug_frame   0x00001414       0xf0 ./Drivers/STM32F4xx_HAL_Driver/Src/stm32f4xx_hal_rcc_ex.o
 .debug_frame   0x00001504      0x3f4 ./Drivers/STM32F4xx_HAL_Driver/Src/stm32f4xx_hal_rtc.o
 .debug_frame   0x000018f8     0x11c0 ./Drivers/STM32F4xx_HAL_Driver/Src/stm32f4xx_hal_tim.o
 .debug_frame   0x00002ab8      0x638 ./Drivers/STM32F4xx_HAL_Driver/Src/stm32f4xx_hal_tim_ex.o
 .debug_frame   0x000030f0      0x954 ./Drivers/STM32F4xx_HAL_Driver/Src/stm32f4xx_hal_uart.o
 .debug_frame   0x00003a44       0xd8 ./ThirdParty/FreeRTOS/list.o
 .debug_frame   0x00003b1c      0x580 ./ThirdParty/FreeRTOS/queue.o
 .debug_frame   0x0000409c      0x98c ./ThirdParty/FreeRTOS/tasks.o
 .debug_frame   0x00004a28      0x3ec ./ThirdParty/FreeRTOS/timers.o
 .debug_frame   0x00004e14      0x1d0 ./ThirdParty/FreeRTOS/portable/GCC/ARM_CM4F/port.o
 .debug_frame   0x00004fe4      0x154 ./ThirdParty/FreeRTOS/portable/MemMang/heap_4.o
 .debug_frame   0x00005138       0x20 /Applications/STM32CubeIDE.app/Contents/Eclipse/plugins/com.st.stm32cube.ide.mcu.externaltools.gnu-tools-for-stm32.13.3.rel1.macos64_1.0.0.202411102158/tools/bin/../lib/gcc/arm-none-eabi/13.3.1/../../../../arm-none-eabi/lib/thumb/v7e-m+fp/hard/libc_nano.a(libc_a-memset.o)
 .debug_frame   0x00005158       0x2c /Applications/STM32CubeIDE.app/Contents/Eclipse/plugins/com.st.stm32cube.ide.mcu.externaltools.gnu-tools-for-stm32.13.3.rel1.macos64_1.0.0.202411102158/tools/bin/../lib/gcc/arm-none-eabi/13.3.1/../../../../arm-none-eabi/lib/thumb/v7e-m+fp/hard/libc_nano.a(libc_a-init.o)
 .debug_frame   0x00005184       0x20 /Applications/STM32CubeIDE.app/Contents/Eclipse/plugins/com.st.stm32cube.ide.mcu.externaltools.gnu-tools-for-stm32.13.3.rel1.macos64_1.0.0.202411102158/tools/bin/../lib/gcc/arm-none-eabi/13.3.1/../../../../arm-none-eabi/lib/thumb/v7e-m+fp/hard/libc_nano.a(libc_a-strcmp.o)
 .debug_frame   0x000051a4       0x28 /Applications/STM32CubeIDE.app/Contents/Eclipse/plugins/com.st.stm32cube.ide.mcu.externaltools.gnu-tools-for-stm32.13.3.rel1.macos64_1.0.0.202411102158/tools/bin/../lib/gcc/arm-none-eabi/13.3.1/../../../../arm-none-eabi/lib/thumb/v7e-m+fp/hard/libc_nano.a(libc_a-memcpy-stub.o)
 .debug_frame   0x000051cc       0x2c /Applications/STM32CubeIDE.app/Contents/Eclipse/plugins/com.st.stm32cube.ide.mcu.externaltools.gnu-tools-for-stm32.13.3.rel1.macos64_1.0.0.202411102158/tools/bin/../lib/gcc/arm-none-eabi/13.3.1/thumb/v7e-m+fp/hard/libgcc.a(_aeabi_uldivmod.o)
 .debug_frame   0x000051f8       0x34 /Applications/STM32CubeIDE.app/Contents/Eclipse/plugins/com.st.stm32cube.ide.mcu.externaltools.gnu-tools-for-stm32.13.3.rel1.macos64_1.0.0.202411102158/tools/bin/../lib/gcc/arm-none-eabi/13.3.1/thumb/v7e-m+fp/hard/libgcc.a(_udivmoddi4.o)

.debug_line_str
                0x00000000       0x67
 .debug_line_str
                0x00000000       0x67 ./Core/Startup/startup_stm32f407vgtx.o
