15:42:15 **** Incremental Build of configuration Debug for project 001Taskx ****
make -j10 all 
arm-none-eabi-gcc "../ThirdParty/SEGGER/OS/SEGGER_SYSVIEW_FreeRTOS.c" -mcpu=cortex-m4 -std=gnu11 -g3 -DDEBUG -DUSE_HAL_DRIVER -DSTM32F407xx -c -I../Core/Inc -I"/Users/ggpai/Desktop/RTOS/RTOS_workspace/001Taskx/ThirdParty/SEGGER/Config" -I"/Users/ggpai/Desktop/RTOS/RTOS_workspace/001Taskx/ThirdParty/SEGGER/OS" -I"/Users/ggpai/Desktop/RTOS/RTOS_workspace/001Taskx/ThirdParty/SEGGER/SEGGER" -I"/Users/ggpai/Desktop/RTOS/RTOS_workspace/001Taskx/ThirdParty/FreeRTOS" -I"/Users/ggpai/Desktop/RTOS/RTOS_workspace/001Taskx/ThirdParty/FreeRTOS/portable/GCC/ARM_CM4F" -I"/Users/ggpai/Desktop/RTOS/RTOS_workspace/001Taskx/ThirdParty/FreeRTOS/include" -I../Drivers/STM32F4xx_HAL_Driver/Inc -I../Drivers/STM32F4xx_HAL_Driver/Inc/Legacy -I../Drivers/CMSIS/Device/ST/STM32F4xx/Include -I../Drivers/CMSIS/Include -O0 -ffunction-sections -fdata-sections -Wall -fstack-usage -fcyclomatic-complexity -MMD -MP -MF"ThirdParty/SEGGER/OS/SEGGER_SYSVIEW_FreeRTOS.d" -MT"ThirdParty/SEGGER/OS/SEGGER_SYSVIEW_FreeRTOS.o" --specs=nano.specs -mfpu=fpv4-sp-d16 -mfloat-abi=hard -mthumb -o "ThirdParty/SEGGER/OS/SEGGER_SYSVIEW_FreeRTOS.o"
arm-none-eabi-gcc "../ThirdParty/SEGGER/Config/SEGGER_SYSVIEW_Config_FreeRTOS.c" -mcpu=cortex-m4 -std=gnu11 -g3 -DDEBUG -DUSE_HAL_DRIVER -DSTM32F407xx -c -I../Core/Inc -I"/Users/ggpai/Desktop/RTOS/RTOS_workspace/001Taskx/ThirdParty/SEGGER/Config" -I"/Users/ggpai/Desktop/RTOS/RTOS_workspace/001Taskx/ThirdParty/SEGGER/OS" -I"/Users/ggpai/Desktop/RTOS/RTOS_workspace/001Taskx/ThirdParty/SEGGER/SEGGER" -I"/Users/ggpai/Desktop/RTOS/RTOS_workspace/001Taskx/ThirdParty/FreeRTOS" -I"/Users/ggpai/Desktop/RTOS/RTOS_workspace/001Taskx/ThirdParty/FreeRTOS/portable/GCC/ARM_CM4F" -I"/Users/ggpai/Desktop/RTOS/RTOS_workspace/001Taskx/ThirdParty/FreeRTOS/include" -I../Drivers/STM32F4xx_HAL_Driver/Inc -I../Drivers/STM32F4xx_HAL_Driver/Inc/Legacy -I../Drivers/CMSIS/Device/ST/STM32F4xx/Include -I../Drivers/CMSIS/Include -O0 -ffunction-sections -fdata-sections -Wall -fstack-usage -fcyclomatic-complexity -MMD -MP -MF"ThirdParty/SEGGER/Config/SEGGER_SYSVIEW_Config_FreeRTOS.d" -MT"ThirdParty/SEGGER/Config/SEGGER_SYSVIEW_Config_FreeRTOS.o" --specs=nano.specs -mfpu=fpv4-sp-d16 -mfloat-abi=hard -mthumb -o "ThirdParty/SEGGER/Config/SEGGER_SYSVIEW_Config_FreeRTOS.o"
arm-none-eabi-gcc "../ThirdParty/FreeRTOS/portable/MemMang/heap_4.c" -mcpu=cortex-m4 -std=gnu11 -g3 -DDEBUG -DUSE_HAL_DRIVER -DSTM32F407xx -c -I../Core/Inc -I"/Users/ggpai/Desktop/RTOS/RTOS_workspace/001Taskx/ThirdParty/SEGGER/Config" -I"/Users/ggpai/Desktop/RTOS/RTOS_workspace/001Taskx/ThirdParty/SEGGER/OS" -I"/Users/ggpai/Desktop/RTOS/RTOS_workspace/001Taskx/ThirdParty/SEGGER/SEGGER" -I"/Users/ggpai/Desktop/RTOS/RTOS_workspace/001Taskx/ThirdParty/FreeRTOS" -I"/Users/ggpai/Desktop/RTOS/RTOS_workspace/001Taskx/ThirdParty/FreeRTOS/portable/GCC/ARM_CM4F" -I"/Users/ggpai/Desktop/RTOS/RTOS_workspace/001Taskx/ThirdParty/FreeRTOS/include" -I../Drivers/STM32F4xx_HAL_Driver/Inc -I../Drivers/STM32F4xx_HAL_Driver/Inc/Legacy -I../Drivers/CMSIS/Device/ST/STM32F4xx/Include -I../Drivers/CMSIS/Include -O0 -ffunction-sections -fdata-sections -Wall -fstack-usage -fcyclomatic-complexity -MMD -MP -MF"ThirdParty/FreeRTOS/portable/MemMang/heap_4.d" -MT"ThirdParty/FreeRTOS/portable/MemMang/heap_4.o" --specs=nano.specs -mfpu=fpv4-sp-d16 -mfloat-abi=hard -mthumb -o "ThirdParty/FreeRTOS/portable/MemMang/heap_4.o"
arm-none-eabi-gcc "../ThirdParty/FreeRTOS/portable/GCC/ARM_CM4F/port.c" -mcpu=cortex-m4 -std=gnu11 -g3 -DDEBUG -DUSE_HAL_DRIVER -DSTM32F407xx -c -I../Core/Inc -I"/Users/ggpai/Desktop/RTOS/RTOS_workspace/001Taskx/ThirdParty/SEGGER/Config" -I"/Users/ggpai/Desktop/RTOS/RTOS_workspace/001Taskx/ThirdParty/SEGGER/OS" -I"/Users/ggpai/Desktop/RTOS/RTOS_workspace/001Taskx/ThirdParty/SEGGER/SEGGER" -I"/Users/ggpai/Desktop/RTOS/RTOS_workspace/001Taskx/ThirdParty/FreeRTOS" -I"/Users/ggpai/Desktop/RTOS/RTOS_workspace/001Taskx/ThirdParty/FreeRTOS/portable/GCC/ARM_CM4F" -I"/Users/ggpai/Desktop/RTOS/RTOS_workspace/001Taskx/ThirdParty/FreeRTOS/include" -I../Drivers/STM32F4xx_HAL_Driver/Inc -I../Drivers/STM32F4xx_HAL_Driver/Inc/Legacy -I../Drivers/CMSIS/Device/ST/STM32F4xx/Include -I../Drivers/CMSIS/Include -O0 -ffunction-sections -fdata-sections -Wall -fstack-usage -fcyclomatic-complexity -MMD -MP -MF"ThirdParty/FreeRTOS/portable/GCC/ARM_CM4F/port.d" -MT"ThirdParty/FreeRTOS/portable/GCC/ARM_CM4F/port.o" --specs=nano.specs -mfpu=fpv4-sp-d16 -mfloat-abi=hard -mthumb -o "ThirdParty/FreeRTOS/portable/GCC/ARM_CM4F/port.o"
arm-none-eabi-gcc "../ThirdParty/FreeRTOS/croutine.c" -mcpu=cortex-m4 -std=gnu11 -g3 -DDEBUG -DUSE_HAL_DRIVER -DSTM32F407xx -c -I../Core/Inc -I"/Users/ggpai/Desktop/RTOS/RTOS_workspace/001Taskx/ThirdParty/SEGGER/Config" -I"/Users/ggpai/Desktop/RTOS/RTOS_workspace/001Taskx/ThirdParty/SEGGER/OS" -I"/Users/ggpai/Desktop/RTOS/RTOS_workspace/001Taskx/ThirdParty/SEGGER/SEGGER" -I"/Users/ggpai/Desktop/RTOS/RTOS_workspace/001Taskx/ThirdParty/FreeRTOS" -I"/Users/ggpai/Desktop/RTOS/RTOS_workspace/001Taskx/ThirdParty/FreeRTOS/portable/GCC/ARM_CM4F" -I"/Users/ggpai/Desktop/RTOS/RTOS_workspace/001Taskx/ThirdParty/FreeRTOS/include" -I../Drivers/STM32F4xx_HAL_Driver/Inc -I../Drivers/STM32F4xx_HAL_Driver/Inc/Legacy -I../Drivers/CMSIS/Device/ST/STM32F4xx/Include -I../Drivers/CMSIS/Include -O0 -ffunction-sections -fdata-sections -Wall -fstack-usage -fcyclomatic-complexity -MMD -MP -MF"ThirdParty/FreeRTOS/croutine.d" -MT"ThirdParty/FreeRTOS/croutine.o" --specs=nano.specs -mfpu=fpv4-sp-d16 -mfloat-abi=hard -mthumb -o "ThirdParty/FreeRTOS/croutine.o"
arm-none-eabi-gcc "../ThirdParty/FreeRTOS/event_groups.c" -mcpu=cortex-m4 -std=gnu11 -g3 -DDEBUG -DUSE_HAL_DRIVER -DSTM32F407xx -c -I../Core/Inc -I"/Users/ggpai/Desktop/RTOS/RTOS_workspace/001Taskx/ThirdParty/SEGGER/Config" -I"/Users/ggpai/Desktop/RTOS/RTOS_workspace/001Taskx/ThirdParty/SEGGER/OS" -I"/Users/ggpai/Desktop/RTOS/RTOS_workspace/001Taskx/ThirdParty/SEGGER/SEGGER" -I"/Users/ggpai/Desktop/RTOS/RTOS_workspace/001Taskx/ThirdParty/FreeRTOS" -I"/Users/ggpai/Desktop/RTOS/RTOS_workspace/001Taskx/ThirdParty/FreeRTOS/portable/GCC/ARM_CM4F" -I"/Users/ggpai/Desktop/RTOS/RTOS_workspace/001Taskx/ThirdParty/FreeRTOS/include" -I../Drivers/STM32F4xx_HAL_Driver/Inc -I../Drivers/STM32F4xx_HAL_Driver/Inc/Legacy -I../Drivers/CMSIS/Device/ST/STM32F4xx/Include -I../Drivers/CMSIS/Include -O0 -ffunction-sections -fdata-sections -Wall -fstack-usage -fcyclomatic-complexity -MMD -MP -MF"ThirdParty/FreeRTOS/event_groups.d" -MT"ThirdParty/FreeRTOS/event_groups.o" --specs=nano.specs -mfpu=fpv4-sp-d16 -mfloat-abi=hard -mthumb -o "ThirdParty/FreeRTOS/event_groups.o"
arm-none-eabi-gcc "../ThirdParty/FreeRTOS/list.c" -mcpu=cortex-m4 -std=gnu11 -g3 -DDEBUG -DUSE_HAL_DRIVER -DSTM32F407xx -c -I../Core/Inc -I"/Users/ggpai/Desktop/RTOS/RTOS_workspace/001Taskx/ThirdParty/SEGGER/Config" -I"/Users/ggpai/Desktop/RTOS/RTOS_workspace/001Taskx/ThirdParty/SEGGER/OS" -I"/Users/ggpai/Desktop/RTOS/RTOS_workspace/001Taskx/ThirdParty/SEGGER/SEGGER" -I"/Users/ggpai/Desktop/RTOS/RTOS_workspace/001Taskx/ThirdParty/FreeRTOS" -I"/Users/ggpai/Desktop/RTOS/RTOS_workspace/001Taskx/ThirdParty/FreeRTOS/portable/GCC/ARM_CM4F" -I"/Users/ggpai/Desktop/RTOS/RTOS_workspace/001Taskx/ThirdParty/FreeRTOS/include" -I../Drivers/STM32F4xx_HAL_Driver/Inc -I../Drivers/STM32F4xx_HAL_Driver/Inc/Legacy -I../Drivers/CMSIS/Device/ST/STM32F4xx/Include -I../Drivers/CMSIS/Include -O0 -ffunction-sections -fdata-sections -Wall -fstack-usage -fcyclomatic-complexity -MMD -MP -MF"ThirdParty/FreeRTOS/list.d" -MT"ThirdParty/FreeRTOS/list.o" --specs=nano.specs -mfpu=fpv4-sp-d16 -mfloat-abi=hard -mthumb -o "ThirdParty/FreeRTOS/list.o"
arm-none-eabi-gcc "../ThirdParty/FreeRTOS/queue.c" -mcpu=cortex-m4 -std=gnu11 -g3 -DDEBUG -DUSE_HAL_DRIVER -DSTM32F407xx -c -I../Core/Inc -I"/Users/ggpai/Desktop/RTOS/RTOS_workspace/001Taskx/ThirdParty/SEGGER/Config" -I"/Users/ggpai/Desktop/RTOS/RTOS_workspace/001Taskx/ThirdParty/SEGGER/OS" -I"/Users/ggpai/Desktop/RTOS/RTOS_workspace/001Taskx/ThirdParty/SEGGER/SEGGER" -I"/Users/ggpai/Desktop/RTOS/RTOS_workspace/001Taskx/ThirdParty/FreeRTOS" -I"/Users/ggpai/Desktop/RTOS/RTOS_workspace/001Taskx/ThirdParty/FreeRTOS/portable/GCC/ARM_CM4F" -I"/Users/ggpai/Desktop/RTOS/RTOS_workspace/001Taskx/ThirdParty/FreeRTOS/include" -I../Drivers/STM32F4xx_HAL_Driver/Inc -I../Drivers/STM32F4xx_HAL_Driver/Inc/Legacy -I../Drivers/CMSIS/Device/ST/STM32F4xx/Include -I../Drivers/CMSIS/Include -O0 -ffunction-sections -fdata-sections -Wall -fstack-usage -fcyclomatic-complexity -MMD -MP -MF"ThirdParty/FreeRTOS/queue.d" -MT"ThirdParty/FreeRTOS/queue.o" --specs=nano.specs -mfpu=fpv4-sp-d16 -mfloat-abi=hard -mthumb -o "ThirdParty/FreeRTOS/queue.o"
arm-none-eabi-gcc "../ThirdParty/FreeRTOS/stream_buffer.c" -mcpu=cortex-m4 -std=gnu11 -g3 -DDEBUG -DUSE_HAL_DRIVER -DSTM32F407xx -c -I../Core/Inc -I"/Users/ggpai/Desktop/RTOS/RTOS_workspace/001Taskx/ThirdParty/SEGGER/Config" -I"/Users/ggpai/Desktop/RTOS/RTOS_workspace/001Taskx/ThirdParty/SEGGER/OS" -I"/Users/ggpai/Desktop/RTOS/RTOS_workspace/001Taskx/ThirdParty/SEGGER/SEGGER" -I"/Users/ggpai/Desktop/RTOS/RTOS_workspace/001Taskx/ThirdParty/FreeRTOS" -I"/Users/ggpai/Desktop/RTOS/RTOS_workspace/001Taskx/ThirdParty/FreeRTOS/portable/GCC/ARM_CM4F" -I"/Users/ggpai/Desktop/RTOS/RTOS_workspace/001Taskx/ThirdParty/FreeRTOS/include" -I../Drivers/STM32F4xx_HAL_Driver/Inc -I../Drivers/STM32F4xx_HAL_Driver/Inc/Legacy -I../Drivers/CMSIS/Device/ST/STM32F4xx/Include -I../Drivers/CMSIS/Include -O0 -ffunction-sections -fdata-sections -Wall -fstack-usage -fcyclomatic-complexity -MMD -MP -MF"ThirdParty/FreeRTOS/stream_buffer.d" -MT"ThirdParty/FreeRTOS/stream_buffer.o" --specs=nano.specs -mfpu=fpv4-sp-d16 -mfloat-abi=hard -mthumb -o "ThirdParty/FreeRTOS/stream_buffer.o"
arm-none-eabi-gcc "../ThirdParty/FreeRTOS/tasks.c" -mcpu=cortex-m4 -std=gnu11 -g3 -DDEBUG -DUSE_HAL_DRIVER -DSTM32F407xx -c -I../Core/Inc -I"/Users/ggpai/Desktop/RTOS/RTOS_workspace/001Taskx/ThirdParty/SEGGER/Config" -I"/Users/ggpai/Desktop/RTOS/RTOS_workspace/001Taskx/ThirdParty/SEGGER/OS" -I"/Users/ggpai/Desktop/RTOS/RTOS_workspace/001Taskx/ThirdParty/SEGGER/SEGGER" -I"/Users/ggpai/Desktop/RTOS/RTOS_workspace/001Taskx/ThirdParty/FreeRTOS" -I"/Users/ggpai/Desktop/RTOS/RTOS_workspace/001Taskx/ThirdParty/FreeRTOS/portable/GCC/ARM_CM4F" -I"/Users/ggpai/Desktop/RTOS/RTOS_workspace/001Taskx/ThirdParty/FreeRTOS/include" -I../Drivers/STM32F4xx_HAL_Driver/Inc -I../Drivers/STM32F4xx_HAL_Driver/Inc/Legacy -I../Drivers/CMSIS/Device/ST/STM32F4xx/Include -I../Drivers/CMSIS/Include -O0 -ffunction-sections -fdata-sections -Wall -fstack-usage -fcyclomatic-complexity -MMD -MP -MF"ThirdParty/FreeRTOS/tasks.d" -MT"ThirdParty/FreeRTOS/tasks.o" --specs=nano.specs -mfpu=fpv4-sp-d16 -mfloat-abi=hard -mthumb -o "ThirdParty/FreeRTOS/tasks.o"
arm-none-eabi-gcc "../ThirdParty/FreeRTOS/timers.c" -mcpu=cortex-m4 -std=gnu11 -g3 -DDEBUG -DUSE_HAL_DRIVER -DSTM32F407xx -c -I../Core/Inc -I"/Users/ggpai/Desktop/RTOS/RTOS_workspace/001Taskx/ThirdParty/SEGGER/Config" -I"/Users/ggpai/Desktop/RTOS/RTOS_workspace/001Taskx/ThirdParty/SEGGER/OS" -I"/Users/ggpai/Desktop/RTOS/RTOS_workspace/001Taskx/ThirdParty/SEGGER/SEGGER" -I"/Users/ggpai/Desktop/RTOS/RTOS_workspace/001Taskx/ThirdParty/FreeRTOS" -I"/Users/ggpai/Desktop/RTOS/RTOS_workspace/001Taskx/ThirdParty/FreeRTOS/portable/GCC/ARM_CM4F" -I"/Users/ggpai/Desktop/RTOS/RTOS_workspace/001Taskx/ThirdParty/FreeRTOS/include" -I../Drivers/STM32F4xx_HAL_Driver/Inc -I../Drivers/STM32F4xx_HAL_Driver/Inc/Legacy -I../Drivers/CMSIS/Device/ST/STM32F4xx/Include -I../Drivers/CMSIS/Include -O0 -ffunction-sections -fdata-sections -Wall -fstack-usage -fcyclomatic-complexity -MMD -MP -MF"ThirdParty/FreeRTOS/timers.d" -MT"ThirdParty/FreeRTOS/timers.o" --specs=nano.specs -mfpu=fpv4-sp-d16 -mfloat-abi=hard -mthumb -o "ThirdParty/FreeRTOS/timers.o"
arm-none-eabi-gcc "../Core/Src/main.c" -mcpu=cortex-m4 -std=gnu11 -g3 -DDEBUG -DUSE_HAL_DRIVER -DSTM32F407xx -c -I../Core/Inc -I"/Users/ggpai/Desktop/RTOS/RTOS_workspace/001Taskx/ThirdParty/SEGGER/Config" -I"/Users/ggpai/Desktop/RTOS/RTOS_workspace/001Taskx/ThirdParty/SEGGER/OS" -I"/Users/ggpai/Desktop/RTOS/RTOS_workspace/001Taskx/ThirdParty/SEGGER/SEGGER" -I"/Users/ggpai/Desktop/RTOS/RTOS_workspace/001Taskx/ThirdParty/FreeRTOS" -I"/Users/ggpai/Desktop/RTOS/RTOS_workspace/001Taskx/ThirdParty/FreeRTOS/portable/GCC/ARM_CM4F" -I"/Users/ggpai/Desktop/RTOS/RTOS_workspace/001Taskx/ThirdParty/FreeRTOS/include" -I../Drivers/STM32F4xx_HAL_Driver/Inc -I../Drivers/STM32F4xx_HAL_Driver/Inc/Legacy -I../Drivers/CMSIS/Device/ST/STM32F4xx/Include -I../Drivers/CMSIS/Include -O0 -ffunction-sections -fdata-sections -Wall -fstack-usage -fcyclomatic-complexity -MMD -MP -MF"Core/Src/main.d" -MT"Core/Src/main.o" --specs=nano.specs -mfpu=fpv4-sp-d16 -mfloat-abi=hard -mthumb -o "Core/Src/main.o"
arm-none-eabi-gcc "../Core/Src/stm32f4xx_hal_msp.c" -mcpu=cortex-m4 -std=gnu11 -g3 -DDEBUG -DUSE_HAL_DRIVER -DSTM32F407xx -c -I../Core/Inc -I"/Users/ggpai/Desktop/RTOS/RTOS_workspace/001Taskx/ThirdParty/SEGGER/Config" -I"/Users/ggpai/Desktop/RTOS/RTOS_workspace/001Taskx/ThirdParty/SEGGER/OS" -I"/Users/ggpai/Desktop/RTOS/RTOS_workspace/001Taskx/ThirdParty/SEGGER/SEGGER" -I"/Users/ggpai/Desktop/RTOS/RTOS_workspace/001Taskx/ThirdParty/FreeRTOS" -I"/Users/ggpai/Desktop/RTOS/RTOS_workspace/001Taskx/ThirdParty/FreeRTOS/portable/GCC/ARM_CM4F" -I"/Users/ggpai/Desktop/RTOS/RTOS_workspace/001Taskx/ThirdParty/FreeRTOS/include" -I../Drivers/STM32F4xx_HAL_Driver/Inc -I../Drivers/STM32F4xx_HAL_Driver/Inc/Legacy -I../Drivers/CMSIS/Device/ST/STM32F4xx/Include -I../Drivers/CMSIS/Include -O0 -ffunction-sections -fdata-sections -Wall -fstack-usage -fcyclomatic-complexity -MMD -MP -MF"Core/Src/stm32f4xx_hal_msp.d" -MT"Core/Src/stm32f4xx_hal_msp.o" --specs=nano.specs -mfpu=fpv4-sp-d16 -mfloat-abi=hard -mthumb -o "Core/Src/stm32f4xx_hal_msp.o"
../Core/Src/main.c:423:13: warning: 'onSuspend_handler' defined but not used [-Wunused-function]
  423 | static void onSuspend_handler(void *parameters)
      |             ^~~~~~~~~~~~~~~~~
../Core/Src/main.c:399:13: warning: 'button_press_handler' defined but not used [-Wunused-function]
  399 | static void button_press_handler(void *parameters)
      |             ^~~~~~~~~~~~~~~~~~~~
../Core/Src/main.c:377:13: warning: 'led_orange_handler' defined but not used [-Wunused-function]
  377 | static void led_orange_handler(void* parameters)
      |             ^~~~~~~~~~~~~~~~~~
arm-none-eabi-gcc -o "001Taskx.elf" @"objects.list"   -mcpu=cortex-m4 -T"/Users/ggpai/Desktop/RTOS/RTOS_workspace/001Taskx/STM32F407VGTX_FLASH.ld" --specs=nosys.specs -Wl,-Map="001Taskx.map" -Wl,--gc-sections -static --specs=nano.specs -mfpu=fpv4-sp-d16 -mfloat-abi=hard -mthumb -Wl,--start-group -lc -lm -Wl,--end-group
Finished building target: 001Taskx.elf
 
arm-none-eabi-size  001Taskx.elf 
arm-none-eabi-objdump -h -S 001Taskx.elf  > "001Taskx.list"
   text	   data	    bss	    dec	    hex	filename
  23920	     16	  84504	 108440	  1a798	001Taskx.elf
Finished building: default.size.stdout
 
Finished building: 001Taskx.list
 

15:42:17 Build Finished. 0 errors, 3 warnings. (took 1s.850ms)

